.emotion-0 {
  display: -webkit-box;
  display: -webkit-flex;
  display: -ms-flexbox;
  display: flex;
  -webkit-flex-direction: row;
  -ms-flex-direction: row;
  flex-direction: row;
  -webkit-box-flex-wrap: wrap;
  -webkit-flex-wrap: wrap;
  -ms-flex-wrap: wrap;
  flex-wrap: wrap;
}

.emotion-1 {
  height: 200px;
}

.emotion-2 {
  display: -webkit-box;
  display: -webkit-flex;
  display: -ms-flexbox;
  display: flex;
  -webkit-flex-direction: row;
  -ms-flex-direction: row;
  flex-direction: row;
  -webkit-align-items: center;
  -webkit-box-align: center;
  -ms-flex-align: center;
  align-items: center;
  gap: 72px;
}

.emotion-3 {
  display: -webkit-box;
  display: -webkit-flex;
  display: -ms-flexbox;
  display: flex;
  -webkit-flex-direction: row;
  -ms-flex-direction: row;
  flex-direction: row;
  -webkit-align-items: center;
  -webkit-box-align: center;
  -ms-flex-align: center;
  align-items: center;
  gap: 16px;
}

.emotion-4 {
  overflow: inherit;
  text-overflow: inherit;
  width: -webkit-max-content;
  width: -moz-max-content;
  width: max-content;
  height: inherit;
  position: relative;
}

.emotion-4 #unique-tooltip-id {
  display: none!important;
}

.emotion-5 {
  position: relative;
  display: inline-block;
  height: 2.25rem;
}

.emotion-6 {
  background: none;
  border: none;
  display: -webkit-box;
  display: -webkit-flex;
  display: -ms-flexbox;
  display: flex;
  padding: 0;
  -webkit-align-items: center;
  -webkit-box-align: center;
  -ms-flex-align: center;
  align-items: center;
  height: 100%;
  min-width: 6.875rem;
}

.emotion-6:hover>div {
  background-color: #f3f5f8;
}

.emotion-6:active>div {
  background-color: #e7ebf2;
}

.emotion-6:focus-visible>div {
  border: 0.1875rem solid #F814E1;
}

.emotion-6:focus-visible>span {
  border-top: 0.1875rem solid #F814E1;
  border-bottom: 0.1875rem solid #F814E1;
}

.emotion-7 {
  font-size: 0.8125rem;
  cursor: pointer;
  height: 100%;
  opacity: 1;
  -webkit-transition: all 150ms linear;
  transition: all 150ms linear;
  color: #0f0f17;
  background-color: #fefefe;
  border: solid 0.0625rem #cfd7e5;
  display: -webkit-box;
  display: -webkit-flex;
  display: -ms-flexbox;
  display: flex;
  -webkit-box-pack: center;
  -ms-flex-pack: center;
  -webkit-justify-content: center;
  justify-content: center;
  width: 100%;
  padding: 0 1rem 0 1rem;
  border-radius: 1.5rem;
}

.emotion-7:hover {
  border: solid 0.0625rem #cfd7e5;
}

.emotion-8 {
  display: -webkit-box;
  display: -webkit-flex;
  display: -ms-flexbox;
  display: flex;
  -webkit-align-items: center;
  -webkit-box-align: center;
  -ms-flex-align: center;
  align-items: center;
  gap: 0.25rem;
  height: 100%;
}

.emotion-9 {
  line-height: 0.9375rem;
  margin-left: 0;
}

.emotion-10 {
  font-weight: 400;
  display: -webkit-box;
  display: -webkit-flex;
  display: -ms-flexbox;
  display: flex;
  -webkit-align-items: center;
  -webkit-box-align: center;
  -ms-flex-align: center;
  align-items: center;
}

.emotion-10 div {
  -webkit-flex: none;
  -ms-flex: none;
  flex: none;
}

.emotion-10 span {
  font-weight: 700;
}

.emotion-11 {
  text-overflow: ellipsis;
  overflow: hidden;
  white-space: nowrap;
  display: inline-block;
}

.emotion-12 {
  padding: 0.125rem;
  display: -webkit-box;
  display: -webkit-flex;
  display: -ms-flexbox;
  display: flex;
  -webkit-align-items: center;
  -webkit-box-align: center;
  -ms-flex-align: center;
  align-items: center;
  -webkit-box-pack: center;
  -ms-flex-pack: center;
  -webkit-justify-content: center;
  justify-content: center;
}

.emotion-13 {
  fill: #0f0f17;
  width: 0.4375rem;
  height: 0.4375rem;
}

.emotion-13 * {
  fill: #0f0f17;
}

.emotion-25 {
  position: absolute;
  bottom: 15%;
}

<div>
  <div
    class="emotion-0"
  >
    <div
      style="margin: 5px;"
    >
      <div
        class="emotion-1"
      >
        <div
          class="emotion-2"
        >
          <div
            class="emotion-3"
          >
            <h4>
              MultiFilter with simple Search
            </h4>
            <div>
              <div
                class="emotion-4"
              >
                <div
                  class="emotion-5"
                >
                  <button
                    class="emotion-6"
                    data-testid="filter"
                  >
                    <div
                      class="emotion-7"
                    >
                      <div
                        class="emotion-8"
                      >
                        <div
                          class="emotion-9"
                        >
                          <span
                            class="emotion-10"
                          >
                            <div
                              data-testid="filter-label"
                            >
                              Label
                               
                              : 
                            </div>
                            <span
                              class="emotion-11"
                              data-testid="filter-selected-item-label"
                            >
                              Default value
                            </span>
                          </span>
                        </div>
                        <span
                          class="emotion-12"
                        >
                          <svg
                            class="emotion-13"
                            fill="none"
                            viewBox="0 0 12 6"
                            xmlns="http://www.w3.org/2000/svg"
                          >
                            <path
                              clip-rule="evenodd"
                              d="M0.853481 0.853541C0.538516 0.538554 0.761603 0 1.20705 0H10.793C11.2384 0 11.4615 0.538554 11.1465 0.853541L6.35357 5.64683C6.1583 5.84211 5.8417 5.84211 5.64643 5.64683L0.853481 0.853541Z"
                              fill="#0E0E17"
                              fill-rule="evenodd"
                            />
                          </svg>
                        </span>
                      </div>
                    </div>
                  </button>
                </div>
              </div>
            </div>
          </div>
          <div
            class="emotion-3"
          >
            <h4>
              MultiFilter with async Search
            </h4>
            <div>
              <div
                class="emotion-4"
              >
                <div
                  class="emotion-5"
                >
                  <button
                    class="emotion-6"
                    data-testid="filter"
                  >
                    <div
                      class="emotion-7"
                    >
                      <div
                        class="emotion-8"
                      >
                        <div
                          class="emotion-9"
                        >
                          <span
                            class="emotion-10"
                          >
                            <div
                              data-testid="filter-label"
                            >
                              Label
                               
                              : 
                            </div>
                            <span
                              class="emotion-11"
                              data-testid="filter-selected-item-label"
                            >
                              Default value
                            </span>
                          </span>
                        </div>
                        <span
                          class="emotion-12"
                        >
                          <svg
                            class="emotion-13"
                            fill="none"
                            viewBox="0 0 12 6"
                            xmlns="http://www.w3.org/2000/svg"
                          >
                            <path
                              clip-rule="evenodd"
                              d="M0.853481 0.853541C0.538516 0.538554 0.761603 0 1.20705 0H10.793C11.2384 0 11.4615 0.538554 11.1465 0.853541L6.35357 5.64683C6.1583 5.84211 5.8417 5.84211 5.64643 5.64683L0.853481 0.853541Z"
                              fill="#0E0E17"
                              fill-rule="evenodd"
                            />
                          </svg>
                        </span>
                      </div>
                    </div>
                  </button>
                </div>
              </div>
            </div>
          </div>
          <div
            class="emotion-25"
          >
            <h4>
              MultiFilter - Bottom Positioning
            </h4>
            <div>
              <div
                class="emotion-4"
              >
                <div
                  class="emotion-5"
                >
                  <button
                    class="emotion-6"
                    data-testid="filter"
                  >
                    <div
                      class="emotion-7"
                    >
                      <div
                        class="emotion-8"
                      >
                        <div
                          class="emotion-9"
                        >
                          <span
                            class="emotion-10"
                          >
                            <div
                              data-testid="filter-label"
                            >
                              Label
                               
                              : 
                            </div>
                            <span
                              class="emotion-11"
                              data-testid="filter-selected-item-label"
                            >
                              Default value
                            </span>
                          </span>
                        </div>
                        <span
                          class="emotion-12"
                        >
                          <svg
                            class="emotion-13"
                            fill="none"
                            viewBox="0 0 12 6"
                            xmlns="http://www.w3.org/2000/svg"
                          >
                            <path
                              clip-rule="evenodd"
                              d="M0.853481 0.853541C0.538516 0.538554 0.761603 0 1.20705 0H10.793C11.2384 0 11.4615 0.538554 11.1465 0.853541L6.35357 5.64683C6.1583 5.84211 5.8417 5.84211 5.64643 5.64683L0.853481 0.853541Z"
                              fill="#0E0E17"
                              fill-rule="evenodd"
                            />
                          </svg>
                        </span>
                      </div>
                    </div>
                  </button>
                </div>
              </div>
            </div>
          </div>
        </div>
      </div>
    </div>
  </div>
</div>