.emotion-0 {
  display: -webkit-box;
  display: -webkit-flex;
  display: -ms-flexbox;
  display: flex;
  -webkit-flex-direction: row;
  -ms-flex-direction: row;
  flex-direction: row;
  -webkit-box-flex-wrap: wrap;
  -webkit-flex-wrap: wrap;
  -ms-flex-wrap: wrap;
  flex-wrap: wrap;
}

.emotion-1 {
  overflow: inherit;
  text-overflow: inherit;
  width: 100%;
  height: inherit;
  position: relative;
}

.emotion-1 #unique-tooltip-id {
  display: none!important;
}

.emotion-2 {
  position: relative;
  width: -webkit-fit-content;
  width: -moz-fit-content;
  width: fit-content;
}

.emotion-3 {
  font-family: Roboto;
  font-weight: 500;
  line-height: 1.25rem;
  font-size: 0.875rem;
  letter-spacing: 0.015625rem;
  color: #ffffff;
  height: auto;
  background-color: #175bf5;
  padding: 0.5rem 1rem;
  border-radius: 0.25rem;
  border: none;
  cursor: pointer;
  -webkit-transition: background-color,border 150ms linear;
  transition: background-color,border 150ms linear;
}

.emotion-3:focus-visible:not(:disabled) {
  background-color: #1552DD;
}

.emotion-3:disabled {
  opacity: 50%;
  cursor: not-allowed;
}

.emotion-3:hover:not(:disabled) {
  background-color: #1552DD;
}

.emotion-3:active:not(:disabled) {
  background-color: #1249C4;
}

.emotion-4 {
  display: -webkit-box;
  display: -webkit-flex;
  display: -ms-flexbox;
  display: flex;
  -webkit-align-items: center;
  -webkit-box-align: center;
  -ms-flex-align: center;
  align-items: center;
  -webkit-box-pack: center;
  -ms-flex-pack: center;
  -webkit-justify-content: center;
  justify-content: center;
  gap: 0.5rem;
}

.emotion-5 {
  display: -webkit-box;
  display: -moz-box;
  display: -ms-flexbox;
  display: -webkit-box;
  display: -webkit-flex;
  display: -ms-flexbox;
  display: flex;
  width: 1.25rem;
  height: 1.25rem;
  border-radius: 6.25rem;
  border: 0.0625rem solid;
  border-color: #b9cdfc;
  box-sizing: border-box;
  background-color: #e7eefe;
  color: #1249C4;
  overflow: hidden;
  position: relative;
  -webkit-align-items: center;
  -webkit-box-align: center;
  -ms-flex-align: center;
  align-items: center;
  -webkit-flex-shrink: 0;
  -ms-flex-negative: 0;
  flex-shrink: 0;
  -webkit-user-select: none;
  -moz-user-select: none;
  -ms-user-select: none;
  user-select: none;
  -webkit-box-pack: center;
  -ms-flex-pack: center;
  -webkit-justify-content: center;
  justify-content: center;
  font-family: Roboto;
  font-weight: 500;
  line-height: 0.875rem;
  font-size: 0.625rem;
  letter-spacing: 0.00625rem;
}

.emotion-5 img {
  border-radius: 6.25rem;
  width: 100%;
  height: 100%;
}

.emotion-6 {
  padding: 0.125rem;
  display: -webkit-box;
  display: -webkit-flex;
  display: -ms-flexbox;
  display: flex;
  -webkit-align-items: center;
  -webkit-box-align: center;
  -ms-flex-align: center;
  align-items: center;
  -webkit-box-pack: center;
  -ms-flex-pack: center;
  -webkit-justify-content: center;
  justify-content: center;
}

.emotion-7 {
  fill: #ffffff;
  width: 1rem;
  height: 1rem;
}

.emotion-7 path {
  fill: #ffffff;
}

<div>
  <div
    class="emotion-0"
  >
    <div
      style="margin: 5px;"
    >
      <div>
        <div>
          <div
            class="emotion-1"
          >
            <div
              class="emotion-2"
            >
              <button
                class="emotion-3"
                data-testid="button"
                disabled=""
                type="button"
              >
                <span
                  class="emotion-4"
                >
                  <div
                    class="emotion-5"
                    data-testid="_avatar"
                  >
                    TC
                  </div>
                  <span>
                    <span>
                      Tom Cruise
                    </span>
                  </span>
                  <span
                    class="emotion-6"
                  >
                    <svg
                      class="emotion-7"
                      viewBox="0 -3 13 14"
                      xmlns="http://www.w3.org/2000/svg"
                      xmlns:xlink="http://www.w3.org/1999/xlink"
                    >
                      <g
                        fill-rule="nonzero"
                        id="dd-sm-dark"
                        transform="translate(-5.000000, -9.000000)"
                      >
                        <polygon
                          id="dd_arrow"
                          points="16 6 16 15 14 15 14 8 7 8 7 6"
                          transform="translate(11.500000, 10.500000) rotate(-225.000000) translate(-11.500000, -10.500000) "
                        />
                      </g>
                    </svg>
                  </span>
                </span>
              </button>
            </div>
          </div>
        </div>
      </div>
    </div>
  </div>
</div>