.emotion-0 {
  width: 100%;
  border-collapse: collapse;
  table-layout: fixed;
}

.emotion-1 {
  padding-top: 0.25rem;
  padding-bottom: 0.25rem;
  padding-top: 1rem;
  padding-bottom: 1rem;
  border-bottom-width: 0.0625rem;
  border-bottom-style: solid;
  border-bottom-color: rgba(200,206,255,0.70);
}

.emotion-1 th:first-of-type {
  padding-left: 1rem;
}

.emotion-1 th:last-child {
  padding-right: 1rem;
}

.emotion-2 {
  position: relative;
  text-align: left;
  padding: 0.25rem 0;
  width: initial;
  padding-top: 0.5rem;
  padding-bottom: 0.5rem;
  font-weight: 700;
  font-size: 0.875rem;
}

.emotion-3 {
  font-weight: 500;
  color: #111530;
}

.emotion-8 {
  padding-top: 0.25rem;
  padding-bottom: 0.25rem;
  border-bottom: 0.0625rem solid rgba(200,206,255,0.70);
}

.emotion-8 td:first-of-type {
  padding-left: 1rem;
}

.emotion-8 td:last-child {
  padding-right: 1rem;
}

.emotion-9 {
  position: relative;
  text-align: left;
  padding: 0.25rem 0;
  width: initial;
}

.emotion-10 {
  overflow: hidden;
  text-overflow: ellipsis;
  white-space: nowrap;
}

<div>
  <div
    style="margin: 20px;"
  >
    <p>
      search more than 3 characters 
    </p>
    <input
      placeholder="search"
      value=""
    />
    <table
      class="emotion-0"
    >
      <thead>
        <tr
          class="emotion-1"
        >
          <th
            class="emotion-2"
            data-testid="undefined_name"
          >
            <div
              class="emotion-3"
            >
              name
            </div>
          </th>
          <th
            class="emotion-2"
            data-testid="undefined_username"
          >
            <div
              class="emotion-3"
            >
              username
            </div>
          </th>
          <th
            class="emotion-2"
            data-testid="undefined_address"
          >
            <div
              class="emotion-3"
            >
              address
            </div>
          </th>
        </tr>
      </thead>
      <tbody>
        <tr
          class="emotion-8"
        >
          <td
            class="emotion-9"
            data-testid="table_row_1_cell_1"
          >
            <div
              class="emotion-10 emotion-11"
            >
              <span
                data-column="name"
              >
                Leanne Graham
              </span>
            </div>
          </td>
          <td
            class="emotion-9"
            data-testid="table_row_1_cell_2"
          >
            <div
              class="emotion-10 emotion-11"
            >
              <span
                data-column="username"
              >
                Bret
              </span>
            </div>
          </td>
          <td
            class="emotion-9"
            data-testid="table_row_1_cell_3"
          >
            <div
              class="emotion-10 emotion-11"
            >
              <span
                data-column="address"
              >
                Kulas Light Gwenborough 92998-3874
              </span>
            </div>
          </td>
        </tr>
        <tr
          class="emotion-8"
        >
          <td
            class="emotion-9"
            data-testid="table_row_2_cell_1"
          >
            <div
              class="emotion-10 emotion-11"
            >
              <span
                data-column="name"
              >
                Ervin Howell
              </span>
            </div>
          </td>
          <td
            class="emotion-9"
            data-testid="table_row_2_cell_2"
          >
            <div
              class="emotion-10 emotion-11"
            >
              <span
                data-column="username"
              >
                Antonette
              </span>
            </div>
          </td>
          <td
            class="emotion-9"
            data-testid="table_row_2_cell_3"
          >
            <div
              class="emotion-10 emotion-11"
            >
              <span
                data-column="address"
              >
                Victor Plains Wisokyburgh 90566-7771
              </span>
            </div>
          </td>
        </tr>
        <tr
          class="emotion-8"
        >
          <td
            class="emotion-9"
            data-testid="table_row_3_cell_1"
          >
            <div
              class="emotion-10 emotion-11"
            >
              <span
                data-column="name"
              >
                Clementine Bauch
              </span>
            </div>
          </td>
          <td
            class="emotion-9"
            data-testid="table_row_3_cell_2"
          >
            <div
              class="emotion-10 emotion-11"
            >
              <span
                data-column="username"
              >
                Samantha
              </span>
            </div>
          </td>
          <td
            class="emotion-9"
            data-testid="table_row_3_cell_3"
          >
            <div
              class="emotion-10 emotion-11"
            >
              <span
                data-column="address"
              >
                Douglas Extension McKenziehaven 59590-4157
              </span>
            </div>
          </td>
        </tr>
        <tr
          class="emotion-8"
        >
          <td
            class="emotion-9"
            data-testid="table_row_4_cell_1"
          >
            <div
              class="emotion-10 emotion-11"
            >
              <span
                data-column="name"
              >
                Patricia Lebsack
              </span>
            </div>
          </td>
          <td
            class="emotion-9"
            data-testid="table_row_4_cell_2"
          >
            <div
              class="emotion-10 emotion-11"
            >
              <span
                data-column="username"
              >
                Karianne
              </span>
            </div>
          </td>
          <td
            class="emotion-9"
            data-testid="table_row_4_cell_3"
          >
            <div
              class="emotion-10 emotion-11"
            >
              <span
                data-column="address"
              >
                Hoeger Mall South Elvis 53919-4257
              </span>
            </div>
          </td>
        </tr>
        <tr
          class="emotion-8"
        >
          <td
            class="emotion-9"
            data-testid="table_row_5_cell_1"
          >
            <div
              class="emotion-10 emotion-11"
            >
              <span
                data-column="name"
              >
                Chelsey Dietrich
              </span>
            </div>
          </td>
          <td
            class="emotion-9"
            data-testid="table_row_5_cell_2"
          >
            <div
              class="emotion-10 emotion-11"
            >
              <span
                data-column="username"
              >
                Kamren
              </span>
            </div>
          </td>
          <td
            class="emotion-9"
            data-testid="table_row_5_cell_3"
          >
            <div
              class="emotion-10 emotion-11"
            >
              <span
                data-column="address"
              >
                Skiles Walks Roscoeview 33263
              </span>
            </div>
          </td>
        </tr>
        <tr
          class="emotion-8"
        >
          <td
            class="emotion-9"
            data-testid="table_row_6_cell_1"
          >
            <div
              class="emotion-10 emotion-11"
            >
              <span
                data-column="name"
              >
                Mrs. Dennis Schulist
              </span>
            </div>
          </td>
          <td
            class="emotion-9"
            data-testid="table_row_6_cell_2"
          >
            <div
              class="emotion-10 emotion-11"
            >
              <span
                data-column="username"
              >
                Leopoldo_Corkery
              </span>
            </div>
          </td>
          <td
            class="emotion-9"
            data-testid="table_row_6_cell_3"
          >
            <div
              class="emotion-10 emotion-11"
            >
              <span
                data-column="address"
              >
                Norberto Crossing South Christy 23505-1337
              </span>
            </div>
          </td>
        </tr>
        <tr
          class="emotion-8"
        >
          <td
            class="emotion-9"
            data-testid="table_row_7_cell_1"
          >
            <div
              class="emotion-10 emotion-11"
            >
              <span
                data-column="name"
              >
                Kurtis Weissnat
              </span>
            </div>
          </td>
          <td
            class="emotion-9"
            data-testid="table_row_7_cell_2"
          >
            <div
              class="emotion-10 emotion-11"
            >
              <span
                data-column="username"
              >
                Elwyn.Skiles
              </span>
            </div>
          </td>
          <td
            class="emotion-9"
            data-testid="table_row_7_cell_3"
          >
            <div
              class="emotion-10 emotion-11"
            >
              <span
                data-column="address"
              >
                Rex Trail Howemouth 58804-1099
              </span>
            </div>
          </td>
        </tr>
        <tr
          class="emotion-8"
        >
          <td
            class="emotion-9"
            data-testid="table_row_8_cell_1"
          >
            <div
              class="emotion-10 emotion-11"
            >
              <span
                data-column="name"
              >
                Nicholas Runolfsdottir V
              </span>
            </div>
          </td>
          <td
            class="emotion-9"
            data-testid="table_row_8_cell_2"
          >
            <div
              class="emotion-10 emotion-11"
            >
              <span
                data-column="username"
              >
                Maxime_Nienow
              </span>
            </div>
          </td>
          <td
            class="emotion-9"
            data-testid="table_row_8_cell_3"
          >
            <div
              class="emotion-10 emotion-11"
            >
              <span
                data-column="address"
              >
                Ellsworth Summit Aliyaview 45169
              </span>
            </div>
          </td>
        </tr>
        <tr
          class="emotion-8"
        >
          <td
            class="emotion-9"
            data-testid="table_row_9_cell_1"
          >
            <div
              class="emotion-10 emotion-11"
            >
              <span
                data-column="name"
              >
                Glenna Reichert
              </span>
            </div>
          </td>
          <td
            class="emotion-9"
            data-testid="table_row_9_cell_2"
          >
            <div
              class="emotion-10 emotion-11"
            >
              <span
                data-column="username"
              >
                Delphine
              </span>
            </div>
          </td>
          <td
            class="emotion-9"
            data-testid="table_row_9_cell_3"
          >
            <div
              class="emotion-10 emotion-11"
            >
              <span
                data-column="address"
              >
                Dayna Park Bartholomebury 76495-3109
              </span>
            </div>
          </td>
        </tr>
        <tr
          class="emotion-8"
        >
          <td
            class="emotion-9"
            data-testid="table_row_10_cell_1"
          >
            <div
              class="emotion-10 emotion-11"
            >
              <span
                data-column="name"
              >
                Clementina DuBuque
              </span>
            </div>
          </td>
          <td
            class="emotion-9"
            data-testid="table_row_10_cell_2"
          >
            <div
              class="emotion-10 emotion-11"
            >
              <span
                data-column="username"
              >
                Moriah.Stanton
              </span>
            </div>
          </td>
          <td
            class="emotion-9"
            data-testid="table_row_10_cell_3"
          >
            <div
              class="emotion-10 emotion-11"
            >
              <span
                data-column="address"
              >
                Kattie Turnpike Lebsackbury 31428-2261
              </span>
            </div>
          </td>
        </tr>
      </tbody>
    </table>
  </div>
</div>