.emotion-0 {
  width: 100%;
  border-collapse: collapse;
  table-layout: fixed;
}

.emotion-1 {
  padding-top: 0.25rem;
  padding-bottom: 0.25rem;
  padding-top: 1rem;
  padding-bottom: 1rem;
  border-bottom-width: 0.0625rem;
  border-bottom-style: solid;
  border-bottom-color: rgba(200,206,255,0.70);
}

.emotion-1 th:first-of-type {
  padding-left: 1rem;
}

.emotion-1 th:last-child {
  padding-right: 1rem;
}

.emotion-2 {
  position: relative;
  text-align: left;
  padding: 0.25rem 0.5rem;
  width: initial;
  padding-top: 0.5rem;
  padding-bottom: 0.5rem;
  font-weight: 700;
  font-size: 0.875rem;
  cursor: pointer;
  position: relative;
  height: 4rem;
}

.emotion-2>div>span {
  color: black;
  font-weight: 700;
}

.emotion-2:hover {
  background-color: rgba(200,206,255,0.20);
}

.emotion-2:hover>div>span {
  color: black;
  font-weight: 700;
}

.emotion-3 {
  display: -webkit-box;
  display: -moz-box;
  display: -ms-flexbox;
  display: -webkit-box;
  display: -webkit-flex;
  display: -ms-flexbox;
  display: flex;
  -webkit-align-items: center;
  -moz-box-align: center;
  -ms-flex-align: center;
  -webkit-align-items: center;
  -webkit-box-align: center;
  -ms-flex-align: center;
  align-items: center;
  display: -webkit-inline-box;
  display: -webkit-inline-flex;
  display: -ms-inline-flexbox;
  display: inline-flex;
  gap: 0.5rem;
}

.emotion-4 {
  font-weight: 500;
  color: #52567a;
}

.emotion-5 {
  display: -webkit-box;
  display: -moz-box;
  display: -ms-flexbox;
  display: -webkit-box;
  display: -webkit-flex;
  display: -ms-flexbox;
  display: flex;
  -webkit-align-items: center;
  -moz-box-align: center;
  -ms-flex-align: center;
  -webkit-align-items: center;
  -webkit-box-align: center;
  -ms-flex-align: center;
  align-items: center;
  display: -webkit-inline-box;
  display: -webkit-inline-flex;
  display: -ms-inline-flexbox;
  display: inline-flex;
  gap: 0.25rem;
}

.emotion-6 {
  width: -webkit-fit-content;
  width: -moz-fit-content;
  width: fit-content;
}

.emotion-7 .tooltip {
  background-color: #111530;
  border: 0.0625rem solid rgba(200,206,255,0);
  box-shadow: 0rem 0.25rem 0.5rem 0rem rgba(200,206,255,0.45);
  z-index: 1000;
  max-width: 16rem;
  padding: 0.5rem;
  border-radius: 0.25rem;
  color: #ffffff;
  font-family: Roboto;
  font-weight: 400;
  line-height: 1rem;
  font-size: 0.75rem;
  letter-spacing: 0.015625rem;
  text-align: start;
  white-space: pre-wrap;
  word-break: break-word;
}

.emotion-8 {
  width: 1.25rem;
  height: 1.25rem;
  display: -webkit-box;
  display: -webkit-flex;
  display: -ms-flexbox;
  display: flex;
}

.emotion-9 {
  width: 1.25rem;
  height: 1.25rem;
}

.emotion-9 path {
  fill: #52567a!important;
}

.emotion-10 {
  -webkit-transition: 0.3s all ease-in-out;
  transition: 0.3s all ease-in-out;
  transform-origin: center;
  width: -webkit-fit-content;
  width: -moz-fit-content;
  width: fit-content;
  -webkit-transform: rotate(180deg);
  -moz-transform: rotate(180deg);
  -ms-transform: rotate(180deg);
  transform: rotate(180deg);
}

.emotion-13 {
  position: relative;
  text-align: left;
  padding: 0.25rem 0.5rem;
  width: initial;
  padding-top: 0.5rem;
  padding-bottom: 0.5rem;
  font-weight: 700;
  font-size: 0.875rem;
}

.emotion-23 {
  position: relative;
  text-align: right;
  padding: 0.25rem 0.5rem;
  width: initial;
  padding-top: 0.5rem;
  padding-bottom: 0.5rem;
  font-weight: 700;
  font-size: 0.875rem;
  cursor: pointer;
  position: relative;
  height: 4rem;
}

.emotion-23:hover {
  background-color: rgba(200,206,255,0.20);
}

.emotion-23:hover>div>span {
  color: black;
  font-weight: 700;
}

.emotion-27 {
  width: -webkit-fit-content;
  width: -moz-fit-content;
  width: fit-content;
}

.emotion-34 {
  padding-top: 0.25rem;
  padding-bottom: 0.25rem;
  border-bottom: 0.0625rem solid rgba(200,206,255,0.70);
}

.emotion-34 td:first-of-type {
  padding-left: 1rem;
}

.emotion-34 td:last-child {
  padding-right: 1rem;
}

.emotion-35 {
  position: relative;
  text-align: left;
  padding: 0.25rem 0.5rem;
  width: initial;
}

.emotion-36 {
  overflow: hidden;
  text-overflow: ellipsis;
  white-space: nowrap;
}

.emotion-44 {
  position: relative;
  text-align: right;
  padding: 0.25rem 0.5rem;
  width: initial;
}

<div>
  <table
    class="emotion-0"
  >
    <thead>
      <tr
        class="emotion-1"
      >
        <th
          class="emotion-2"
          data-testid="ictinus_title"
        >
          <div
            class="emotion-3"
            data-testid="header_title"
          >
            <span
              class="emotion-4"
            >
              Title
            </span>
            <div
              class="emotion-5"
            >
              <div
                class="emotion-6"
              >
                <div
                  class="emotion-7"
                >
                  <span
                    data-tooltip-id="tooltip301"
                  >
                    <div
                      class="emotion-8"
                      data-testid="table_icon_tooltip_title"
                    >
                      <svg
                        class="emotion-9"
                        fill="none"
                        viewBox="0 0 20 20"
                        xmlns="http://www.w3.org/2000/svg"
                      >
                        <path
                          clip-rule="evenodd"
                          d="M6.88122 17.3701C7.85478 17.79 8.89481 18 10.0013 18C11.1111 18 12.1541 17.7896 13.1301 17.3687C14.1062 16.9478 14.9553 16.3766 15.6773 15.6552C16.3994 14.9337 16.967 14.0884 17.3802 13.1192C17.7934 12.15 18 11.1104 18 10.0003C18 8.89025 17.7933 7.84706 17.3799 6.87073C16.9666 5.8944 16.3986 5.04513 15.6761 4.32292C14.9536 3.60072 14.1042 3.03301 13.1278 2.61981C12.1514 2.2066 11.1084 2 9.9987 2C8.89371 2 7.8553 2.20669 6.88345 2.62006C5.91159 3.03343 5.06506 3.60129 4.34387 4.32362C3.62269 5.04596 3.05175 5.89538 2.63105 6.87186C2.21035 7.84835 2 8.8915 2 10.0013C2 11.1078 2.21005 12.1476 2.63016 13.1208C3.05026 14.094 3.62041 14.9405 4.34059 15.6604C5.06076 16.3803 5.90763 16.9502 6.88122 17.3701ZM10.6094 13.7549C10.4461 13.9183 10.2495 14 10.0197 14C9.78983 14 9.59317 13.9183 9.42969 13.7549C9.26622 13.5914 9.18448 13.3948 9.18448 13.1651V10.0582C9.18448 9.82847 9.26613 9.63188 9.42944 9.46844C9.59274 9.30501 9.78931 9.2233 10.0192 9.2233C10.249 9.2233 10.4457 9.30501 10.6091 9.46844C10.7726 9.63188 10.8544 9.82847 10.8544 10.0582V13.1651C10.8544 13.3948 10.7727 13.5914 10.6094 13.7549ZM9.9751 7.90001C10.5964 7.90001 11.1001 7.39633 11.1001 6.77501C11.1001 6.15369 10.5964 5.65001 9.9751 5.65001C9.35378 5.65001 8.8501 6.15369 8.8501 6.77501C8.8501 7.39633 9.35378 7.90001 9.9751 7.90001Z"
                          fill="#6265AD"
                          fill-rule="evenodd"
                        />
                      </svg>
                    </div>
                  </span>
                </div>
              </div>
              <div
                class="emotion-10"
              >
                <div
                  class="emotion-8"
                  data-testid="table_icon_sort_title_asc"
                >
                  <svg
                    class="emotion-9"
                    fill="none"
                    viewBox="0 0 20 20"
                    xmlns="http://www.w3.org/2000/svg"
                  >
                    <path
                      clip-rule="evenodd"
                      d="M6.09346 8.31215C5.65924 7.79108 6.02976 7 6.70803 7H13.292C13.9702 7 14.3408 7.79109 13.9065 8.31215L10.6146 12.2625C10.2947 12.6463 9.70526 12.6463 9.38542 12.2625L6.09346 8.31215Z"
                      fill="#6265AD"
                      fill-rule="evenodd"
                    />
                  </svg>
                </div>
              </div>
            </div>
          </div>
        </th>
        <th
          class="emotion-13"
          data-testid="ictinus_name"
        >
          <div
            class="emotion-4"
          >
            Name
          </div>
        </th>
        <th
          class="emotion-13"
          data-testid="ictinus_surname"
        >
          <div
            class="emotion-3"
            data-testid="header_surname"
          >
            <span
              class="emotion-4"
            >
              Surname
            </span>
            <div
              class="emotion-5"
            >
              <div
                class="emotion-6"
              >
                <div
                  class="emotion-7"
                >
                  <span
                    data-tooltip-id="tooltip302"
                  >
                    <div
                      class="emotion-8"
                      data-testid="table_icon_tooltip_surname"
                    >
                      <svg
                        class="emotion-9"
                        fill="none"
                        viewBox="0 0 20 20"
                        xmlns="http://www.w3.org/2000/svg"
                      >
                        <path
                          clip-rule="evenodd"
                          d="M6.88122 17.3701C7.85478 17.79 8.89481 18 10.0013 18C11.1111 18 12.1541 17.7896 13.1301 17.3687C14.1062 16.9478 14.9553 16.3766 15.6773 15.6552C16.3994 14.9337 16.967 14.0884 17.3802 13.1192C17.7934 12.15 18 11.1104 18 10.0003C18 8.89025 17.7933 7.84706 17.3799 6.87073C16.9666 5.8944 16.3986 5.04513 15.6761 4.32292C14.9536 3.60072 14.1042 3.03301 13.1278 2.61981C12.1514 2.2066 11.1084 2 9.9987 2C8.89371 2 7.8553 2.20669 6.88345 2.62006C5.91159 3.03343 5.06506 3.60129 4.34387 4.32362C3.62269 5.04596 3.05175 5.89538 2.63105 6.87186C2.21035 7.84835 2 8.8915 2 10.0013C2 11.1078 2.21005 12.1476 2.63016 13.1208C3.05026 14.094 3.62041 14.9405 4.34059 15.6604C5.06076 16.3803 5.90763 16.9502 6.88122 17.3701ZM10.6094 13.7549C10.4461 13.9183 10.2495 14 10.0197 14C9.78983 14 9.59317 13.9183 9.42969 13.7549C9.26622 13.5914 9.18448 13.3948 9.18448 13.1651V10.0582C9.18448 9.82847 9.26613 9.63188 9.42944 9.46844C9.59274 9.30501 9.78931 9.2233 10.0192 9.2233C10.249 9.2233 10.4457 9.30501 10.6091 9.46844C10.7726 9.63188 10.8544 9.82847 10.8544 10.0582V13.1651C10.8544 13.3948 10.7727 13.5914 10.6094 13.7549ZM9.9751 7.90001C10.5964 7.90001 11.1001 7.39633 11.1001 6.77501C11.1001 6.15369 10.5964 5.65001 9.9751 5.65001C9.35378 5.65001 8.8501 6.15369 8.8501 6.77501C8.8501 7.39633 9.35378 7.90001 9.9751 7.90001Z"
                          fill="#6265AD"
                          fill-rule="evenodd"
                        />
                      </svg>
                    </div>
                  </span>
                </div>
              </div>
            </div>
          </div>
        </th>
        <th
          class="emotion-23"
          data-testid="ictinus_age"
        >
          <div
            class="emotion-3"
            data-testid="header_age"
          >
            <span
              class="emotion-4"
            >
              Age
            </span>
            <div
              class="emotion-5"
            >
              <div
                class="emotion-27"
              >
                <div
                  class="emotion-8"
                  data-testid="table_icon_sort_age"
                >
                  <svg
                    class="emotion-9"
                    fill="none"
                    viewBox="0 0 20 20"
                    xmlns="http://www.w3.org/2000/svg"
                  >
                    <path
                      clip-rule="evenodd"
                      d="M7.22697 12.9148C6.68904 12.3047 7.16777 11.4009 8.02888 11.4009H11.9711C12.8322 11.4009 13.311 12.3047 12.773 12.9148L10.8019 15.1503C10.3908 15.6166 9.6092 15.6166 9.19808 15.1503L7.22697 12.9148Z"
                      fill="#6265AD"
                      fill-rule="evenodd"
                    />
                    <path
                      clip-rule="evenodd"
                      d="M7.22697 7.08522C6.68904 7.6953 7.16777 8.59906 8.02888 8.59906H11.9711C12.8322 8.59906 13.311 7.6953 12.773 7.08522L10.8019 4.8497C10.3908 4.38343 9.6092 4.38343 9.19808 4.8497L7.22697 7.08522Z"
                      fill="#6265AD"
                      fill-rule="evenodd"
                    />
                  </svg>
                </div>
              </div>
              <div
                class="emotion-6"
              >
                <div
                  class="emotion-7"
                >
                  <span
                    data-tooltip-id="tooltip303"
                  >
                    <div
                      class="emotion-8"
                      data-testid="table_icon_tooltip_age"
                    >
                      <svg
                        class="emotion-9"
                        fill="none"
                        viewBox="0 0 20 20"
                        xmlns="http://www.w3.org/2000/svg"
                      >
                        <path
                          clip-rule="evenodd"
                          d="M6.88122 17.3701C7.85478 17.79 8.89481 18 10.0013 18C11.1111 18 12.1541 17.7896 13.1301 17.3687C14.1062 16.9478 14.9553 16.3766 15.6773 15.6552C16.3994 14.9337 16.967 14.0884 17.3802 13.1192C17.7934 12.15 18 11.1104 18 10.0003C18 8.89025 17.7933 7.84706 17.3799 6.87073C16.9666 5.8944 16.3986 5.04513 15.6761 4.32292C14.9536 3.60072 14.1042 3.03301 13.1278 2.61981C12.1514 2.2066 11.1084 2 9.9987 2C8.89371 2 7.8553 2.20669 6.88345 2.62006C5.91159 3.03343 5.06506 3.60129 4.34387 4.32362C3.62269 5.04596 3.05175 5.89538 2.63105 6.87186C2.21035 7.84835 2 8.8915 2 10.0013C2 11.1078 2.21005 12.1476 2.63016 13.1208C3.05026 14.094 3.62041 14.9405 4.34059 15.6604C5.06076 16.3803 5.90763 16.9502 6.88122 17.3701ZM10.6094 13.7549C10.4461 13.9183 10.2495 14 10.0197 14C9.78983 14 9.59317 13.9183 9.42969 13.7549C9.26622 13.5914 9.18448 13.3948 9.18448 13.1651V10.0582C9.18448 9.82847 9.26613 9.63188 9.42944 9.46844C9.59274 9.30501 9.78931 9.2233 10.0192 9.2233C10.249 9.2233 10.4457 9.30501 10.6091 9.46844C10.7726 9.63188 10.8544 9.82847 10.8544 10.0582V13.1651C10.8544 13.3948 10.7727 13.5914 10.6094 13.7549ZM9.9751 7.90001C10.5964 7.90001 11.1001 7.39633 11.1001 6.77501C11.1001 6.15369 10.5964 5.65001 9.9751 5.65001C9.35378 5.65001 8.8501 6.15369 8.8501 6.77501C8.8501 7.39633 9.35378 7.90001 9.9751 7.90001Z"
                          fill="#6265AD"
                          fill-rule="evenodd"
                        />
                      </svg>
                    </div>
                  </span>
                </div>
              </div>
            </div>
          </div>
        </th>
      </tr>
    </thead>
    <tbody>
      <tr
        class="emotion-34"
      >
        <td
          class="emotion-35"
          data-testid="ictinus_table_row_1_cell_1"
        >
          <div
            class="emotion-36 emotion-37"
          >
            <span
              data-column="[object Object]"
            >
              title
            </span>
          </div>
        </td>
        <td
          class="emotion-35"
          data-testid="ictinus_table_row_1_cell_2"
        >
          <div
            class="emotion-36 emotion-37"
          >
            <span
              data-column="Name"
            >
              firstname
            </span>
          </div>
        </td>
        <td
          class="emotion-35"
          data-testid="ictinus_table_row_1_cell_3"
        >
          <div
            class="emotion-36 emotion-37"
          >
            <span
              data-column="[object Object]"
            >
              lastname
            </span>
          </div>
        </td>
        <td
          class="emotion-44"
          data-testid="ictinus_table_row_1_cell_4"
        >
          <div
            class="emotion-36 emotion-37"
          >
            <span
              data-column="[object Object]"
            >
              4.221
            </span>
          </div>
        </td>
      </tr>
      <tr
        class="emotion-34"
      >
        <td
          class="emotion-35"
          data-testid="ictinus_table_row_2_cell_1"
        >
          <div
            class="emotion-36 emotion-37"
          >
            <span
              data-column="[object Object]"
            >
              title
            </span>
          </div>
        </td>
        <td
          class="emotion-35"
          data-testid="ictinus_table_row_2_cell_2"
        >
          <div
            class="emotion-36 emotion-37"
          >
            <span
              data-column="Name"
            >
              firstname
            </span>
          </div>
        </td>
        <td
          class="emotion-35"
          data-testid="ictinus_table_row_2_cell_3"
        >
          <div
            class="emotion-36 emotion-37"
          >
            <span
              data-column="[object Object]"
            >
              lastname
            </span>
          </div>
        </td>
        <td
          class="emotion-44"
          data-testid="ictinus_table_row_2_cell_4"
        >
          <div
            class="emotion-36 emotion-37"
          >
            <span
              data-column="[object Object]"
            >
              4.221
            </span>
          </div>
        </td>
      </tr>
      <tr
        class="emotion-34"
      >
        <td
          class="emotion-35"
          data-testid="ictinus_table_row_3_cell_1"
        >
          <div
            class="emotion-36 emotion-37"
          >
            <span
              data-column="[object Object]"
            >
              title
            </span>
          </div>
        </td>
        <td
          class="emotion-35"
          data-testid="ictinus_table_row_3_cell_2"
        >
          <div
            class="emotion-36 emotion-37"
          >
            <span
              data-column="Name"
            >
              firstname
            </span>
          </div>
        </td>
        <td
          class="emotion-35"
          data-testid="ictinus_table_row_3_cell_3"
        >
          <div
            class="emotion-36 emotion-37"
          >
            <span
              data-column="[object Object]"
            >
              lastname
            </span>
          </div>
        </td>
        <td
          class="emotion-44"
          data-testid="ictinus_table_row_3_cell_4"
        >
          <div
            class="emotion-36 emotion-37"
          >
            <span
              data-column="[object Object]"
            >
              4.221
            </span>
          </div>
        </td>
      </tr>
      <tr
        class="emotion-34"
      >
        <td
          class="emotion-35"
          data-testid="ictinus_table_row_4_cell_1"
        >
          <div
            class="emotion-36 emotion-37"
          >
            <span
              data-column="[object Object]"
            >
              title
            </span>
          </div>
        </td>
        <td
          class="emotion-35"
          data-testid="ictinus_table_row_4_cell_2"
        >
          <div
            class="emotion-36 emotion-37"
          >
            <span
              data-column="Name"
            >
              firstname
            </span>
          </div>
        </td>
        <td
          class="emotion-35"
          data-testid="ictinus_table_row_4_cell_3"
        >
          <div
            class="emotion-36 emotion-37"
          >
            <span
              data-column="[object Object]"
            >
              lastname
            </span>
          </div>
        </td>
        <td
          class="emotion-44"
          data-testid="ictinus_table_row_4_cell_4"
        >
          <div
            class="emotion-36 emotion-37"
          >
            <span
              data-column="[object Object]"
            >
              4.221
            </span>
          </div>
        </td>
      </tr>
      <tr
        class="emotion-34"
      >
        <td
          class="emotion-35"
          data-testid="ictinus_table_row_5_cell_1"
        >
          <div
            class="emotion-36 emotion-37"
          >
            <span
              data-column="[object Object]"
            >
              title
            </span>
          </div>
        </td>
        <td
          class="emotion-35"
          data-testid="ictinus_table_row_5_cell_2"
        >
          <div
            class="emotion-36 emotion-37"
          >
            <span
              data-column="Name"
            >
              firstname
            </span>
          </div>
        </td>
        <td
          class="emotion-35"
          data-testid="ictinus_table_row_5_cell_3"
        >
          <div
            class="emotion-36 emotion-37"
          >
            <span
              data-column="[object Object]"
            >
              lastname
            </span>
          </div>
        </td>
        <td
          class="emotion-44"
          data-testid="ictinus_table_row_5_cell_4"
        >
          <div
            class="emotion-36 emotion-37"
          >
            <span
              data-column="[object Object]"
            >
              4.221
            </span>
          </div>
        </td>
      </tr>
      <tr
        class="emotion-34"
      >
        <td
          class="emotion-35"
          data-testid="ictinus_table_row_6_cell_1"
        >
          <div
            class="emotion-36 emotion-37"
          >
            <span
              data-column="[object Object]"
            >
              title
            </span>
          </div>
        </td>
        <td
          class="emotion-35"
          data-testid="ictinus_table_row_6_cell_2"
        >
          <div
            class="emotion-36 emotion-37"
          >
            <span
              data-column="Name"
            >
              firstname
            </span>
          </div>
        </td>
        <td
          class="emotion-35"
          data-testid="ictinus_table_row_6_cell_3"
        >
          <div
            class="emotion-36 emotion-37"
          >
            <span
              data-column="[object Object]"
            >
              lastname
            </span>
          </div>
        </td>
        <td
          class="emotion-44"
          data-testid="ictinus_table_row_6_cell_4"
        >
          <div
            class="emotion-36 emotion-37"
          >
            <span
              data-column="[object Object]"
            >
              4.221
            </span>
          </div>
        </td>
      </tr>
      <tr
        class="emotion-34"
      >
        <td
          class="emotion-35"
          data-testid="ictinus_table_row_7_cell_1"
        >
          <div
            class="emotion-36 emotion-37"
          >
            <span
              data-column="[object Object]"
            >
              title
            </span>
          </div>
        </td>
        <td
          class="emotion-35"
          data-testid="ictinus_table_row_7_cell_2"
        >
          <div
            class="emotion-36 emotion-37"
          >
            <span
              data-column="Name"
            >
              firstname
            </span>
          </div>
        </td>
        <td
          class="emotion-35"
          data-testid="ictinus_table_row_7_cell_3"
        >
          <div
            class="emotion-36 emotion-37"
          >
            <span
              data-column="[object Object]"
            >
              lastname
            </span>
          </div>
        </td>
        <td
          class="emotion-44"
          data-testid="ictinus_table_row_7_cell_4"
        >
          <div
            class="emotion-36 emotion-37"
          >
            <span
              data-column="[object Object]"
            >
              4.221
            </span>
          </div>
        </td>
      </tr>
      <tr
        class="emotion-34"
      >
        <td
          class="emotion-35"
          data-testid="ictinus_table_row_8_cell_1"
        >
          <div
            class="emotion-36 emotion-37"
          >
            <span
              data-column="[object Object]"
            >
              title
            </span>
          </div>
        </td>
        <td
          class="emotion-35"
          data-testid="ictinus_table_row_8_cell_2"
        >
          <div
            class="emotion-36 emotion-37"
          >
            <span
              data-column="Name"
            >
              firstname
            </span>
          </div>
        </td>
        <td
          class="emotion-35"
          data-testid="ictinus_table_row_8_cell_3"
        >
          <div
            class="emotion-36 emotion-37"
          >
            <span
              data-column="[object Object]"
            >
              lastname
            </span>
          </div>
        </td>
        <td
          class="emotion-44"
          data-testid="ictinus_table_row_8_cell_4"
        >
          <div
            class="emotion-36 emotion-37"
          >
            <span
              data-column="[object Object]"
            >
              4.221
            </span>
          </div>
        </td>
      </tr>
    </tbody>
  </table>
</div>