.emotion-0 {
  display: inline-block;
  border: 0.0625rem solid rgba(200,206,255,0.70);
  border-radius: 0.25rem;
  background: #ffffff;
}

.emotion-1 {
  width: 100%;
  border-collapse: collapse;
  table-layout: fixed;
}

.emotion-1 thead>tr>th:last-child,
.emotion-1 tbody>tr>td:last-child {
  border-right: none;
}

.emotion-1 tbody>tr:last-child>td {
  border-bottom: none;
}

.emotion-2 {
  position: relative;
  box-shadow: 0 0.0625rem 0 0 rgba(200,206,255,0.70);
}

.emotion-4 {
  width: 25%;
  height: 2.75rem;
  -webkit-align-content: center;
  -ms-flex-line-pack: center;
  align-content: center;
  box-sizing: border-box;
  padding: 0.5rem 1rem;
  color: #52567a;
  font-family: Roboto;
  font-weight: 400;
  line-height: 1.25rem;
  font-size: 0.875rem;
  letter-spacing: 0.015625rem;
}

.emotion-4 [data-header-role='options'],
.emotion-4 [data-header-role='sorting-button'] {
  opacity: 0;
}

.emotion-4:hover,
.emotion-4:focus-visible {
  color: #111530;
  font-family: Roboto;
  font-weight: 500;
  line-height: 1.25rem;
  font-size: 0.875rem;
  letter-spacing: 0.015625rem;
}

.emotion-4:hover [data-header-role='options'],
.emotion-4:focus-visible [data-header-role='options'],
.emotion-4:hover [data-header-role='sorting-button'],
.emotion-4:focus-visible [data-header-role='sorting-button'] {
  opacity: 1;
}

.emotion-4 button:focus-visible {
  opacity: 1;
}

.emotion-5 {
  display: -webkit-box;
  display: -webkit-flex;
  display: -ms-flexbox;
  display: flex;
  -webkit-align-items: center;
  -webkit-box-align: center;
  -ms-flex-align: center;
  align-items: center;
  -webkit-box-pack: start;
  -ms-flex-pack: start;
  -webkit-justify-content: flex-start;
  justify-content: flex-start;
  gap: 0.5rem;
  white-space: nowrap;
  overflow: hidden;
  text-overflow: ellipsis;
}

.emotion-6 {
  text-wrap: nowrap;
}

.emotion-7 {
  display: -webkit-box;
  display: -webkit-flex;
  display: -ms-flexbox;
  display: flex;
  -webkit-box-pack: justify;
  -webkit-justify-content: space-between;
  justify-content: space-between;
  width: 100%;
}

.emotion-8 {
  position: relative;
  width: -webkit-fit-content;
  width: -moz-fit-content;
  width: fit-content;
}

.emotion-9 {
  font-family: Roboto;
  font-weight: 500;
  line-height: 1rem;
  font-size: 0.75rem;
  letter-spacing: 0.015625rem;
  display: -webkit-box;
  display: -webkit-flex;
  display: -ms-flexbox;
  display: flex;
  -webkit-align-items: center;
  -webkit-box-align: center;
  -ms-flex-align: center;
  align-items: center;
  -webkit-box-pack: center;
  -ms-flex-pack: center;
  -webkit-justify-content: center;
  justify-content: center;
  color: #194DCC;
  width: 1.75rem;
  height: 1.75rem;
  background-color: rgba(200,206,255,0);
  padding: 0rem 0.5rem 0rem 0.5rem;
  border-radius: 624.9375rem;
  border: none;
  cursor: pointer;
  -webkit-transition: background-color,border 150ms linear;
  transition: background-color,border 150ms linear;
}

.emotion-9:focus-visible:not(:disabled) {
  background-color: rgba(200,206,255,0.20);
}

.emotion-9:disabled {
  opacity: 50%;
  cursor: not-allowed;
}

.emotion-9:hover:not(:disabled) {
  background-color: rgba(200,206,255,0.20);
}

.emotion-9:active:not(:disabled),
.emotion-9[aria-expanded="true"] {
  background-color: rgba(200,206,255,0.30);
}

.emotion-10 {
  width: 1rem;
  height: 1rem;
  display: -webkit-box;
  display: -webkit-flex;
  display: -ms-flexbox;
  display: flex;
}

.emotion-11 {
  width: 1rem;
  height: 1rem;
}

.emotion-11 path,
.emotion-11 rect {
  fill: #194DCC!important;
}

.emotion-16 {
  width: 25%;
  height: 2.75rem;
  -webkit-align-content: center;
  -ms-flex-line-pack: center;
  align-content: center;
  box-sizing: border-box;
  padding: 0.5rem 1rem;
  color: #52567a;
  font-family: Roboto;
  font-weight: 400;
  line-height: 1.25rem;
  font-size: 0.875rem;
  letter-spacing: 0.015625rem;
}

.emotion-16 [data-header-role='options'],
.emotion-16 [data-header-role='sorting-button'] {
  opacity: 0;
}

.emotion-16:hover [data-header-role='options'],
.emotion-16:focus-visible [data-header-role='options'],
.emotion-16:hover [data-header-role='sorting-button'],
.emotion-16:focus-visible [data-header-role='sorting-button'] {
  opacity: 1;
}

.emotion-16 button:focus-visible {
  opacity: 1;
}

.emotion-19 {
  width: 25%;
  height: 2.75rem;
  -webkit-align-content: center;
  -ms-flex-line-pack: center;
  align-content: center;
  box-sizing: border-box;
  padding: 0.5rem 1rem;
  color: #111530;
  font-family: Roboto;
  font-weight: 400;
  line-height: 1.25rem;
  font-size: 0.875rem;
  letter-spacing: 0.015625rem;
}

.emotion-19 [data-header-role='options'],
.emotion-19 [data-header-role='sorting-button'] {
  opacity: 1;
}

.emotion-19:hover,
.emotion-19:focus-visible {
  color: #111530;
  font-family: Roboto;
  font-weight: 500;
  line-height: 1.25rem;
  font-size: 0.875rem;
  letter-spacing: 0.015625rem;
}

.emotion-19:hover [data-header-role='options'],
.emotion-19:focus-visible [data-header-role='options'],
.emotion-19:hover [data-header-role='sorting-button'],
.emotion-19:focus-visible [data-header-role='sorting-button'] {
  opacity: 1;
}

.emotion-19 button:focus-visible {
  opacity: 1;
}

.emotion-36 {
  width: 25%;
  height: 2.75rem;
  padding: 0.5rem 1rem;
  border-bottom: 0.0625rem solid rgba(200,206,255,0.70);
  box-sizing: border-box;
  -webkit-align-content: center;
  -ms-flex-line-pack: center;
  align-content: center;
}

.emotion-37 {
  text-align: left;
}

.emotion-38 {
  font-family: Roboto;
  font-weight: 400;
  line-height: 1.25rem;
  font-size: 0.875rem;
  letter-spacing: 0.015625rem;
  color: #111530;
  white-space: nowrap;
  overflow: hidden;
  text-overflow: ellipsis;
}

<div>
  <div
    class="emotion-0"
    data-testid="ictinus_table_container"
  >
    <table
      class="emotion-1"
      data-testid="ictinus_table"
    >
      <thead
        class="emotion-2"
      >
        <tr
          class="emotion-3"
        >
          <th
            class="emotion-4"
            colspan="1"
            data-testid="ictinus_table_th_firstName"
          >
            <div
              class="emotion-5"
            >
              <div
                class="emotion-6"
                data-testid="ictinus_table_th_firstName_title"
              >
                First Name
              </div>
              <div
                class="emotion-7"
                data-header-role="options"
                data-testid="ictinus_table_th_firstName_options"
              >
                <div
                  class="emotion-8"
                >
                  <button
                    class="emotion-9"
                    data-header-role="sorting-button"
                    data-slot="button"
                    data-testid="ictinus_sort_firstName_asc-icon-button"
                    type="button"
                  >
                    <div
                      class="emotion-10"
                      data-slot="icon"
                    >
                      <svg
                        class="emotion-11"
                        fill="none"
                        viewBox="0 0 20 20"
                        xmlns="http://www.w3.org/2000/svg"
                      >
                        <path
                          d="M15.7443 9.22808L10.6663 4.26717C10.5687 4.17185 10.464 4.10349 10.3522 4.06209C10.2403 4.0207 10.1253 4 10.007 4C9.88872 4 9.77366 4.0207 9.66182 4.06209C9.54995 4.10349 9.44524 4.17185 9.34768 4.26717L4.24311 9.25406C4.07261 9.42063 3.99179 9.61079 4.00066 9.82454C4.00954 10.0383 4.09922 10.2284 4.26971 10.395C4.44513 10.5616 4.64544 10.6436 4.87063 10.6412C5.09582 10.6388 5.29366 10.5543 5.46416 10.3878L9.18064 6.75696V15.1927C9.18064 15.4151 9.26145 15.6053 9.42307 15.7632C9.58469 15.9211 9.77933 16 10.007 16C10.2346 16 10.4293 15.9211 10.5909 15.7632C10.7525 15.6053 10.8333 15.4151 10.8333 15.1927V6.75696L14.5764 10.4138C14.7469 10.5803 14.9403 10.6593 15.1566 10.6506C15.373 10.6419 15.5688 10.5543 15.7443 10.3878C15.9148 10.2164 16 10.0219 16 9.80432C16 9.58672 15.9148 9.39464 15.7443 9.22808Z"
                          fill="#6265AD"
                        />
                      </svg>
                    </div>
                  </button>
                </div>
                <div
                  class="emotion-8"
                >
                  <button
                    aria-haspopup="true"
                    aria-label="Menu"
                    class="emotion-9"
                    data-slot="button"
                    data-testid="ictinus_sort_firstName_more_options-icon-button"
                    type="button"
                  >
                    <div
                      class="emotion-10"
                      data-slot="icon"
                    >
                      <svg
                        class="emotion-11"
                        fill="none"
                        viewBox="0 0 20 20"
                        xmlns="http://www.w3.org/2000/svg"
                      >
                        <path
                          d="M11.5 5.5C11.5 6.32843 10.8284 7 10 7C9.17157 7 8.5 6.32843 8.5 5.5C8.5 4.67157 9.17157 4 10 4C10.8284 4 11.5 4.67157 11.5 5.5Z"
                          fill="#6265AD"
                        />
                        <path
                          d="M11.5 10C11.5 10.8284 10.8284 11.5 10 11.5C9.17157 11.5 8.5 10.8284 8.5 10C8.5 9.17157 9.17157 8.5 10 8.5C10.8284 8.5 11.5 9.17157 11.5 10Z"
                          fill="#6265AD"
                        />
                        <path
                          d="M11.5 14.5C11.5 15.3284 10.8284 16 10 16C9.17157 16 8.5 15.3284 8.5 14.5C8.5 13.6716 9.17157 13 10 13C10.8284 13 11.5 13.6716 11.5 14.5Z"
                          fill="#6265AD"
                        />
                      </svg>
                    </div>
                  </button>
                </div>
              </div>
            </div>
          </th>
          <th
            class="emotion-16"
            colspan="1"
            data-testid="ictinus_table_th_lastName"
          >
            <div
              class="emotion-5"
            >
              <div
                class="emotion-6"
                data-testid="ictinus_table_th_lastName_title"
              >
                Last Name
              </div>
            </div>
          </th>
          <th
            class="emotion-19"
            colspan="1"
            data-testid="ictinus_table_th_age"
          >
            <div
              class="emotion-5"
            >
              <div
                class="emotion-6"
                data-testid="ictinus_table_th_age_title"
              >
                Age
              </div>
              <div
                class="emotion-7"
                data-header-role="options"
                data-testid="ictinus_table_th_age_options"
              >
                <div
                  class="emotion-8"
                >
                  <button
                    class="emotion-9"
                    data-header-role="sorting-button"
                    data-slot="button"
                    data-testid="ictinus_sort_age_asc-icon-button"
                    type="button"
                  >
                    <div
                      class="emotion-10"
                      data-slot="icon"
                    >
                      <svg
                        class="emotion-11"
                        fill="none"
                        viewBox="0 0 20 20"
                        xmlns="http://www.w3.org/2000/svg"
                      >
                        <path
                          d="M15.7443 9.22808L10.6663 4.26717C10.5687 4.17185 10.464 4.10349 10.3522 4.06209C10.2403 4.0207 10.1253 4 10.007 4C9.88872 4 9.77366 4.0207 9.66182 4.06209C9.54995 4.10349 9.44524 4.17185 9.34768 4.26717L4.24311 9.25406C4.07261 9.42063 3.99179 9.61079 4.00066 9.82454C4.00954 10.0383 4.09922 10.2284 4.26971 10.395C4.44513 10.5616 4.64544 10.6436 4.87063 10.6412C5.09582 10.6388 5.29366 10.5543 5.46416 10.3878L9.18064 6.75696V15.1927C9.18064 15.4151 9.26145 15.6053 9.42307 15.7632C9.58469 15.9211 9.77933 16 10.007 16C10.2346 16 10.4293 15.9211 10.5909 15.7632C10.7525 15.6053 10.8333 15.4151 10.8333 15.1927V6.75696L14.5764 10.4138C14.7469 10.5803 14.9403 10.6593 15.1566 10.6506C15.373 10.6419 15.5688 10.5543 15.7443 10.3878C15.9148 10.2164 16 10.0219 16 9.80432C16 9.58672 15.9148 9.39464 15.7443 9.22808Z"
                          fill="#6265AD"
                        />
                      </svg>
                    </div>
                  </button>
                </div>
                <div
                  class="emotion-8"
                >
                  <button
                    aria-haspopup="true"
                    aria-label="Menu"
                    class="emotion-9"
                    data-slot="button"
                    data-testid="ictinus_sort_age_more_options-icon-button"
                    type="button"
                  >
                    <div
                      class="emotion-10"
                      data-slot="icon"
                    >
                      <svg
                        class="emotion-11"
                        fill="none"
                        viewBox="0 0 20 20"
                        xmlns="http://www.w3.org/2000/svg"
                      >
                        <path
                          d="M11.5 5.5C11.5 6.32843 10.8284 7 10 7C9.17157 7 8.5 6.32843 8.5 5.5C8.5 4.67157 9.17157 4 10 4C10.8284 4 11.5 4.67157 11.5 5.5Z"
                          fill="#6265AD"
                        />
                        <path
                          d="M11.5 10C11.5 10.8284 10.8284 11.5 10 11.5C9.17157 11.5 8.5 10.8284 8.5 10C8.5 9.17157 9.17157 8.5 10 8.5C10.8284 8.5 11.5 9.17157 11.5 10Z"
                          fill="#6265AD"
                        />
                        <path
                          d="M11.5 14.5C11.5 15.3284 10.8284 16 10 16C9.17157 16 8.5 15.3284 8.5 14.5C8.5 13.6716 9.17157 13 10 13C10.8284 13 11.5 13.6716 11.5 14.5Z"
                          fill="#6265AD"
                        />
                      </svg>
                    </div>
                  </button>
                </div>
              </div>
            </div>
          </th>
          <th
            class="emotion-16"
            colspan="1"
            data-testid="ictinus_table_th_job"
          >
            <div
              class="emotion-5"
            >
              <div
                class="emotion-6"
                data-testid="ictinus_table_th_job_title"
              >
                Job
              </div>
            </div>
          </th>
        </tr>
      </thead>
      <tbody
        class="emotion-34"
      >
        <tr
          class="emotion-3"
        >
          <td
            class="emotion-36"
            data-testid="ictinus_table_row_0_firstName"
          >
            <div
              class="emotion-37"
            >
              <span
                class="emotion-38"
              >
                Rachel
              </span>
            </div>
          </td>
          <td
            class="emotion-36"
            data-testid="ictinus_table_row_0_lastName"
          >
            <div
              class="emotion-37"
            >
              <span
                class="emotion-38"
              >
                Green
              </span>
            </div>
          </td>
          <td
            class="emotion-36"
            data-testid="ictinus_table_row_0_age"
          >
            <div
              class="emotion-37"
            >
              <span
                class="emotion-38"
              >
                30
              </span>
            </div>
          </td>
          <td
            class="emotion-36"
            data-testid="ictinus_table_row_0_job"
          >
            <div
              class="emotion-37"
            >
              <span
                class="emotion-38"
              >
                Fashion Executive
              </span>
            </div>
          </td>
        </tr>
        <tr
          class="emotion-3"
        >
          <td
            class="emotion-36"
            data-testid="ictinus_table_row_1_firstName"
          >
            <div
              class="emotion-37"
            >
              <span
                class="emotion-38"
              >
                Joey
              </span>
            </div>
          </td>
          <td
            class="emotion-36"
            data-testid="ictinus_table_row_1_lastName"
          >
            <div
              class="emotion-37"
            >
              <span
                class="emotion-38"
              >
                Tribbiani
              </span>
            </div>
          </td>
          <td
            class="emotion-36"
            data-testid="ictinus_table_row_1_age"
          >
            <div
              class="emotion-37"
            >
              <span
                class="emotion-38"
              >
                30
              </span>
            </div>
          </td>
          <td
            class="emotion-36"
            data-testid="ictinus_table_row_1_job"
          >
            <div
              class="emotion-37"
            >
              <span
                class="emotion-38"
              >
                Actor
              </span>
            </div>
          </td>
        </tr>
        <tr
          class="emotion-3"
        >
          <td
            class="emotion-36"
            data-testid="ictinus_table_row_2_firstName"
          >
            <div
              class="emotion-37"
            >
              <span
                class="emotion-38"
              >
                Monica
              </span>
            </div>
          </td>
          <td
            class="emotion-36"
            data-testid="ictinus_table_row_2_lastName"
          >
            <div
              class="emotion-37"
            >
              <span
                class="emotion-38"
              >
                Geller
              </span>
            </div>
          </td>
          <td
            class="emotion-36"
            data-testid="ictinus_table_row_2_age"
          >
            <div
              class="emotion-37"
            >
              <span
                class="emotion-38"
              >
                31
              </span>
            </div>
          </td>
          <td
            class="emotion-36"
            data-testid="ictinus_table_row_2_job"
          >
            <div
              class="emotion-37"
            >
              <span
                class="emotion-38"
              >
                Chef
              </span>
            </div>
          </td>
        </tr>
        <tr
          class="emotion-3"
        >
          <td
            class="emotion-36"
            data-testid="ictinus_table_row_3_firstName"
          >
            <div
              class="emotion-37"
            >
              <span
                class="emotion-38"
              >
                Phoebe
              </span>
            </div>
          </td>
          <td
            class="emotion-36"
            data-testid="ictinus_table_row_3_lastName"
          >
            <div
              class="emotion-37"
            >
              <span
                class="emotion-38"
              >
                Buffay
              </span>
            </div>
          </td>
          <td
            class="emotion-36"
            data-testid="ictinus_table_row_3_age"
          >
            <div
              class="emotion-37"
            >
              <span
                class="emotion-38"
              >
                31
              </span>
            </div>
          </td>
          <td
            class="emotion-36"
            data-testid="ictinus_table_row_3_job"
          >
            <div
              class="emotion-37"
            >
              <span
                class="emotion-38"
              >
                Massage Therapist
              </span>
            </div>
          </td>
        </tr>
        <tr
          class="emotion-3"
        >
          <td
            class="emotion-36"
            data-testid="ictinus_table_row_4_firstName"
          >
            <div
              class="emotion-37"
            >
              <span
                class="emotion-38"
              >
                Ross
              </span>
            </div>
          </td>
          <td
            class="emotion-36"
            data-testid="ictinus_table_row_4_lastName"
          >
            <div
              class="emotion-37"
            >
              <span
                class="emotion-38"
              >
                Geller
              </span>
            </div>
          </td>
          <td
            class="emotion-36"
            data-testid="ictinus_table_row_4_age"
          >
            <div
              class="emotion-37"
            >
              <span
                class="emotion-38"
              >
                32
              </span>
            </div>
          </td>
          <td
            class="emotion-36"
            data-testid="ictinus_table_row_4_job"
          >
            <div
              class="emotion-37"
            >
              <span
                class="emotion-38"
              >
                Paleontologist
              </span>
            </div>
          </td>
        </tr>
        <tr
          class="emotion-3"
        >
          <td
            class="emotion-36"
            data-testid="ictinus_table_row_5_firstName"
          >
            <div
              class="emotion-37"
            >
              <span
                class="emotion-38"
              >
                Chandler
              </span>
            </div>
          </td>
          <td
            class="emotion-36"
            data-testid="ictinus_table_row_5_lastName"
          >
            <div
              class="emotion-37"
            >
              <span
                class="emotion-38"
              >
                Bing
              </span>
            </div>
          </td>
          <td
            class="emotion-36"
            data-testid="ictinus_table_row_5_age"
          >
            <div
              class="emotion-37"
            >
              <span
                class="emotion-38"
              >
                32
              </span>
            </div>
          </td>
          <td
            class="emotion-36"
            data-testid="ictinus_table_row_5_job"
          >
            <div
              class="emotion-37"
            >
              <span
                class="emotion-38"
              >
                ?
              </span>
            </div>
          </td>
        </tr>
      </tbody>
    </table>
  </div>
</div>