.emotion-0 {
  background-color: #ffffff;
  padding: 1.25rem 0;
}

<div>
  <span
    class="emotion-0"
  >
    Padding Vertical 7
  </span>
</div>