.emotion-0 {
  display: -webkit-box;
  display: -moz-box;
  display: -ms-flexbox;
  display: -webkit-box;
  display: -webkit-flex;
  display: -ms-flexbox;
  display: flex;
  -webkit-align-items: center;
  -moz-box-align: center;
  -ms-flex-align: center;
  -webkit-align-items: center;
  -webkit-box-align: center;
  -ms-flex-align: center;
  align-items: center;
  -webkit-box-pack: center;
  -ms-flex-pack: center;
  -webkit-justify-content: center;
  justify-content: center;
  position: relative;
  -webkit-box-pack: justify;
  -webkit-justify-content: space-between;
  justify-content: space-between;
  background-color: white;
  height: 3.875rem;
  padding: 0 1rem;
  box-shadow: 0px 4px 8px rgba(16, 48, 102, 0.07);
}

.emotion-0>*:not(:last-of-type) {
  color: #0f0f17;
}

.emotion-1 {
  display: -webkit-box;
  display: -moz-box;
  display: -ms-flexbox;
  display: -webkit-box;
  display: -webkit-flex;
  display: -ms-flexbox;
  display: flex;
  -webkit-align-items: center;
  -moz-box-align: center;
  -ms-flex-align: center;
  -webkit-align-items: center;
  -webkit-box-align: center;
  -ms-flex-align: center;
  align-items: center;
  -webkit-box-pack: center;
  -ms-flex-pack: center;
  -webkit-justify-content: center;
  justify-content: center;
  -webkit-box-flex-wrap: nowrap;
  -webkit-flex-wrap: nowrap;
  -ms-flex-wrap: nowrap;
  flex-wrap: nowrap;
  -webkit-box-flex: 0;
  -webkit-flex-grow: 0;
  -ms-flex-positive: 0;
  flex-grow: 0;
  -webkit-box-pack: start;
  -ms-flex-pack: start;
  -webkit-justify-content: flex-start;
  justify-content: flex-start;
}

.emotion-2 {
  cursor: pointer;
  margin: 1.5rem 0px 1.5rem 0.25rem;
}

.emotion-3 {
  padding: 0.125rem;
  display: -webkit-box;
  display: -webkit-flex;
  display: -ms-flexbox;
  display: flex;
  -webkit-align-items: center;
  -webkit-box-align: center;
  -ms-flex-align: center;
  align-items: center;
  -webkit-box-pack: center;
  -ms-flex-pack: center;
  -webkit-justify-content: center;
  justify-content: center;
}

.emotion-4 {
  fill: #e7eefe;
  width: 1.5rem;
  height: 1.5rem;
}

.emotion-4 path {
  fill: #e7eefe;
}

.emotion-5 {
  display: -webkit-box;
  display: -moz-box;
  display: -ms-flexbox;
  display: -webkit-box;
  display: -webkit-flex;
  display: -ms-flexbox;
  display: flex;
  -webkit-align-items: center;
  -moz-box-align: center;
  -ms-flex-align: center;
  -webkit-align-items: center;
  -webkit-box-align: center;
  -ms-flex-align: center;
  align-items: center;
  -webkit-box-pack: center;
  -ms-flex-pack: center;
  -webkit-justify-content: center;
  justify-content: center;
  background-color: transparent;
  margin: 1rem 1.5rem 1rem 1rem;
  border-radius: 0.25rem;
  max-width: 25rem;
}

.emotion-6 {
  margin: auto;
  height: 100%;
  display: -webkit-box;
  display: -webkit-flex;
  display: -ms-flexbox;
  display: flex;
  -webkit-box-pack: center;
  -ms-flex-pack: center;
  -webkit-justify-content: center;
  justify-content: center;
  -webkit-align-items: center;
  -webkit-box-align: center;
  -ms-flex-align: center;
  align-items: center;
  cursor: default;
}

.emotion-7 {
  display: -webkit-box;
  display: -moz-box;
  display: -ms-flexbox;
  display: -webkit-box;
  display: -webkit-flex;
  display: -ms-flexbox;
  display: flex;
  -webkit-align-items: center;
  -moz-box-align: center;
  -ms-flex-align: center;
  -webkit-align-items: center;
  -webkit-box-align: center;
  -ms-flex-align: center;
  align-items: center;
  -webkit-box-pack: center;
  -ms-flex-pack: center;
  -webkit-justify-content: center;
  justify-content: center;
  -webkit-box-flex-wrap: nowrap;
  -webkit-flex-wrap: nowrap;
  -ms-flex-wrap: nowrap;
  flex-wrap: nowrap;
  margin: 0 1rem;
  -webkit-box-flex: 1;
  -webkit-flex-grow: 1;
  -ms-flex-positive: 1;
  flex-grow: 1;
}

.emotion-8 {
  display: -webkit-box;
  display: -webkit-flex;
  display: -ms-flexbox;
  display: flex;
  -webkit-align-items: center;
  -webkit-box-align: center;
  -ms-flex-align: center;
  align-items: center;
  position: relative;
  -webkit-transition: background-color 0.25s,box-shadow 0.25s,border-color 0.25s;
  transition: background-color 0.25s,box-shadow 0.25s,border-color 0.25s;
  box-shadow: 0 0 0 0.0625rem #b9cdfc;
  border-radius: 0.25rem;
  -webkit-user-select: none;
  -moz-user-select: none;
  -ms-user-select: none;
  user-select: none;
  opacity: 1;
  cursor: text;
  height: 3.25rem;
  min-width: 8.75rem;
  background-color: #ffffff;
}

.emotion-8:hover {
  background-color: #F5F5FF;
}

.emotion-8:focus-within {
  box-shadow: 0 0 0 0.125rem #175bf5;
  background-color: #F5F5FF;
}

.emotion-9 {
  position: relative;
  display: -webkit-inline-box;
  display: -webkit-inline-flex;
  display: -ms-inline-flexbox;
  display: inline-flex;
  -webkit-flex-direction: row;
  -ms-flex-direction: row;
  flex-direction: row;
  -webkit-align-items: center;
  -webkit-box-align: center;
  -ms-flex-align: center;
  align-items: center;
  vertical-align: top;
  width: -webkit-fill-available;
  width: -moz-available;
  width: fill-available;
  padding: 0 0 0 0.75rem;
  padding-right: 0.75rem;
}

.emotion-9>div {
  position: relative;
}

.emotion-10 {
  display: -webkit-box;
  display: -webkit-flex;
  display: -ms-flexbox;
  display: flex;
  -webkit-flex: 1;
  -ms-flex: 1;
  flex: 1;
}

.emotion-11 {
  font-family: Roboto;
  font-weight: 400;
  line-height: 1.25rem;
  font-size: 0.875rem;
  letter-spacing: 0.015625rem;
  background: transparent;
  border: none;
  color: #1B214F;
  padding: 0;
  display: block;
  position: relative;
  top: 0.4375rem;
  z-index: 1;
  text-overflow: ellipsis;
  width: 0;
  min-width: 100%;
}

.emotion-11::-webkit-input-placeholder {
  color: transparent;
}

.emotion-11::-moz-placeholder {
  color: transparent;
}

.emotion-11:-ms-input-placeholder {
  color: transparent;
}

.emotion-11::placeholder {
  color: transparent;
}

.emotion-11:focus {
  outline: none;
}

.emotion-11:focus::-webkit-input-placeholder {
  color: transparent;
}

.emotion-11:focus::-moz-placeholder {
  color: transparent;
}

.emotion-11:focus:-ms-input-placeholder {
  color: transparent;
}

.emotion-11:focus::placeholder {
  color: transparent;
}

.emotion-11:not(:focus):placeholder-shown+label {
  font-weight: normal;
}

.emotion-11:focus-within+label,
.emotion-11:not(:placeholder-shown)+label {
  font-weight: 700!important;
  -webkit-transform: translate(0.1875rem, -35%) scale(0.8);
  -moz-transform: translate(0.1875rem, -35%) scale(0.8);
  -ms-transform: translate(0.1875rem, -35%) scale(0.8);
  transform: translate(0.1875rem, -35%) scale(0.8);
}

.emotion-11:focus-within+label {
  color: #1552DD;
}

.emotion-11:disabled {
  cursor: not-allowed;
}

.emotion-12 {
  -webkit-transition: -webkit-transform 0.25s,opacity 0.25s ease-in-out;
  transition: transform 0.25s,opacity 0.25s ease-in-out;
  transform-origin: 0 0;
  width: 100%;
  position: absolute;
  -webkit-user-select: none;
  -moz-user-select: none;
  -ms-user-select: none;
  user-select: none;
  -webkit-transform: translate(0.1875rem, 0);
  -moz-transform: translate(0.1875rem, 0);
  -ms-transform: translate(0.1875rem, 0);
  transform: translate(0.1875rem, 0);
  color: #686BB3;
  -webkit-align-items: center;
  -webkit-box-align: center;
  -ms-flex-align: center;
  align-items: center;
  display: -webkit-box;
  display: -webkit-flex;
  display: -ms-flexbox;
  display: flex;
  top: 0;
  bottom: 0;
  right: 0.1875rem;
  margin: auto;
  white-space: nowrap;
  font-family: Roboto;
  font-weight: 400;
  line-height: 1.25rem;
  font-size: 0.875rem;
  letter-spacing: 0.015625rem;
}

.emotion-23 {
  display: -webkit-box;
  display: -moz-box;
  display: -ms-flexbox;
  display: -webkit-box;
  display: -webkit-flex;
  display: -ms-flexbox;
  display: flex;
  -webkit-align-items: center;
  -moz-box-align: center;
  -ms-flex-align: center;
  -webkit-align-items: center;
  -webkit-box-align: center;
  -ms-flex-align: center;
  align-items: center;
  -webkit-box-pack: center;
  -ms-flex-pack: center;
  -webkit-justify-content: center;
  justify-content: center;
  -webkit-box-flex-wrap: nowrap;
  -webkit-flex-wrap: nowrap;
  -ms-flex-wrap: nowrap;
  flex-wrap: nowrap;
}

.emotion-24 {
  position: relative;
  display: inline-block;
}

.emotion-25 {
  position: relative;
  width: -webkit-fit-content;
  width: -moz-fit-content;
  width: fit-content;
}

.emotion-26 {
  font-family: Roboto;
  font-weight: 500;
  line-height: 1.25rem;
  font-size: 0.875rem;
  letter-spacing: 0.015625rem;
  color: #1552DD;
  background-color: rgba(84,94,255,0);
  padding: 0.5rem 1rem;
  border-radius: 0.25rem;
  border: none;
  cursor: pointer;
  -webkit-transition: background-color,border 150ms linear;
  transition: background-color,border 150ms linear;
}

.emotion-26:focus-visible:not(:disabled) {
  background-color: rgba(84,94,255,0.06);
}

.emotion-26:disabled {
  opacity: 50%;
  cursor: not-allowed;
}

.emotion-26:hover:not(:disabled) {
  background-color: rgba(84,94,255,0.06);
}

.emotion-26:active:not(:disabled) {
  background-color: rgba(84,94,255,0.14);
}

.emotion-27 {
  display: -webkit-box;
  display: -webkit-flex;
  display: -ms-flexbox;
  display: flex;
  -webkit-align-items: center;
  -webkit-box-align: center;
  -ms-flex-align: center;
  align-items: center;
  -webkit-box-pack: center;
  -ms-flex-pack: center;
  -webkit-justify-content: center;
  justify-content: center;
  gap: 0.5rem;
}

.emotion-28 {
  display: -webkit-box;
  display: -moz-box;
  display: -ms-flexbox;
  display: -webkit-box;
  display: -webkit-flex;
  display: -ms-flexbox;
  display: flex;
  width: 1.25rem;
  height: 1.25rem;
  border-radius: 6.25rem;
  border: 0.0625rem solid;
  border-color: #b9cdfc;
  box-sizing: border-box;
  background-color: #e7eefe;
  color: #1249C4;
  overflow: hidden;
  position: relative;
  -webkit-align-items: center;
  -webkit-box-align: center;
  -ms-flex-align: center;
  align-items: center;
  -webkit-flex-shrink: 0;
  -ms-flex-negative: 0;
  flex-shrink: 0;
  -webkit-user-select: none;
  -moz-user-select: none;
  -ms-user-select: none;
  user-select: none;
  -webkit-box-pack: center;
  -ms-flex-pack: center;
  -webkit-justify-content: center;
  justify-content: center;
  font-family: Roboto;
  font-weight: 500;
  line-height: 0.875rem;
  font-size: 0.625rem;
  letter-spacing: 0.00625rem;
}

.emotion-28 img {
  border-radius: 6.25rem;
  width: 100%;
  height: 100%;
}

.emotion-30 {
  fill: #1249C4;
  width: 1rem;
  height: 1rem;
}

.emotion-30 path {
  fill: #1249C4;
}

.emotion-31 {
  font-weight: 500;
}

.emotion-33 {
  fill: #1552DD;
  width: 1rem;
  height: 1rem;
}

.emotion-33 path {
  fill: #1552DD;
}

<div>
  <div
    style="padding: 10px;"
  >
    <div
      aria-label="Top Application Banner"
      class="emotion-0"
      role="banner"
    >
      <div
        class="emotion-1"
      >
        <div
          class="emotion-2"
          data-testid="menu-handler"
        >
          <span
            class="emotion-3"
          >
            <svg
              class="emotion-4"
              viewBox="0 0 24 24"
              xmlns="http://www.w3.org/2000/svg"
              xmlns:xlink="http://www.w3.org/1999/xlink"
            >
              <g
                fill="none"
                fill-rule="evenodd"
                id="\\uD83D\\uDD36-Symbols"
                stroke="none"
                stroke-width="1"
              >
                <g
                  id="Menu"
                >
                  <path
                    d="M21,16 L21,18 L3,18 L3,16 L21,16 Z M21,11 L21,13 L3,13 L3,11 L21,11 Z M21,6 L21,8 L3,8 L3,6 L21,6 Z"
                  />
                </g>
              </g>
            </svg>
          </span>
        </div>
        <div
          class="emotion-5"
        >
          <div
            class="emotion-6"
          >
            <strong>
              LOGO
            </strong>
            PLACEHOLDER
          </div>
        </div>
      </div>
      <div
        class="emotion-7"
      >
        <div>
          <div
            class="emotion-8"
          >
            <div
              class="emotion-9"
            >
              <div
                class="emotion-10"
              >
                <input
                  aria-invalid="false"
                  class="emotion-11"
                  data-testid="input"
                  id="textfield__00"
                  placeholder="Label"
                />
                <label
                  class="emotion-12"
                  for="textfield__00"
                >
                  Label
                   
                </label>
              </div>
            </div>
          </div>
        </div>
        <div>
          <div
            class="emotion-8"
          >
            <div
              class="emotion-9"
            >
              <div
                class="emotion-10"
              >
                <input
                  aria-invalid="false"
                  class="emotion-11"
                  data-testid="input"
                  id="textfield__00"
                  placeholder="Label"
                />
                <label
                  class="emotion-12"
                  for="textfield__00"
                >
                  Label
                   
                </label>
              </div>
            </div>
          </div>
        </div>
        <div>
          <div
            class="emotion-8"
          >
            <div
              class="emotion-9"
            >
              <div
                class="emotion-10"
              >
                <input
                  aria-invalid="false"
                  class="emotion-11"
                  data-testid="input"
                  id="textfield__00"
                  placeholder="Label"
                />
                <label
                  class="emotion-12"
                  for="textfield__00"
                >
                  Label
                   
                </label>
              </div>
            </div>
          </div>
        </div>
      </div>
      <div
        class="emotion-23"
      >
        <div>
          <div
            class="emotion-24"
            data-testid="userMenu"
          >
            <div
              class="emotion-25"
            >
              <button
                class="emotion-26"
                data-testid="button"
                type="button"
              >
                <span
                  class="emotion-27"
                >
                  <div
                    class="emotion-28"
                    data-testid="_avatar"
                  >
                    <span
                      class="emotion-3"
                    >
                      <svg
                        class="emotion-30"
                        fill="none"
                        viewBox="0 0 14 17"
                        xmlns="http://www.w3.org/2000/svg"
                      >
                        <path
                          d="M6.96625 6.55647C8.77677 6.55647 10.2445 5.08876 10.2445 3.27824C10.2445 1.46772 8.77677 0 6.96625 0C5.15573 0 3.68801 1.46772 3.68801 3.27824C3.68801 5.08876 5.15573 6.55647 6.96625 6.55647Z"
                          fill="#54587F"
                        />
                        <path
                          d="M0 12.2113C0 12.1401 0.0171683 12.0699 0.0515269 12.0076C1.31285 9.7198 3.95046 8.09435 7 8.09435C10.0495 8.09435 12.6872 9.7198 13.9485 12.0076C13.9828 12.0699 14 12.1401 14 12.2113C14 12.2824 13.9828 12.3528 13.9483 12.4151C12.687 14.6941 10.0518 16.0044 7.00244 16.0044C3.95304 16.0044 1.31314 14.6941 0.0516988 12.4151C0.0172363 12.3528 0 12.2824 0 12.2113Z"
                          fill="#54587F"
                        />
                      </svg>
                    </span>
                  </div>
                  <span>
                    <span>
                      <span
                        class="emotion-31"
                      />
                    </span>
                  </span>
                  <span
                    class="emotion-3"
                  >
                    <svg
                      class="emotion-33"
                      viewBox="0 0 24 24"
                      xmlns="http://www.w3.org/2000/svg"
                      xmlns:xlink="http://www.w3.org/1999/xlink"
                    >
                      <g
                        fill="none"
                        fill-rule="evenodd"
                        id="\\uD83D\\uDD36-Symbols"
                        stroke="none"
                        stroke-width="1"
                      >
                        <g
                          id="Chevron_Large_Down"
                        >
                          <path
                            d="M15.1900068,4.62555888 L16.6042204,6.03977245 L10.2398322,12.4035589 L16.6042204,18.7678394 L15.1900068,20.182053 L7.41183221,12.4038784 L15.1900068,4.62555888 Z"
                            transform="translate(12.008026, 12.403806) scale(-1, 1) rotate(-90.000000) translate(-12.008026, -12.403806)"
                          />
                        </g>
                      </g>
                    </svg>
                  </span>
                </span>
              </button>
            </div>
          </div>
        </div>
      </div>
    </div>
  </div>
</div>