.emotion-0 {
  overflow: inherit;
  text-overflow: inherit;
  width: 100%;
  height: inherit;
  position: relative;
}

.emotion-0 #unique-tooltip-id {
  display: none!important;
}

.emotion-1 {
  display: -webkit-box;
  display: -webkit-flex;
  display: -ms-flexbox;
  display: flex;
  -webkit-flex: 1;
  -ms-flex: 1;
  flex: 1;
  -webkit-align-items: center;
  -webkit-box-align: center;
  -ms-flex-align: center;
  align-items: center;
  position: relative;
  -webkit-transition: background-color 0.25s,box-shadow 0.25s,border-color 0.25s;
  transition: background-color 0.25s,box-shadow 0.25s,border-color 0.25s;
  box-shadow: 0 0 0 0.0625rem #8EAAEC;
  border-radius: 0.25rem;
  -webkit-user-select: none;
  -moz-user-select: none;
  -ms-user-select: none;
  user-select: none;
  opacity: 1;
  cursor: text;
  height: 3.25rem;
  min-width: 10rem;
  background-color: rgba(200,206,255,0.30);
}

.emotion-1:hover {
  background-color: rgba(200,206,255,0.20);
}

.emotion-1:focus-within {
  box-shadow: 0 0 0 0.125rem #175BF5;
  background-color: rgba(200,206,255,0.30);
}

.emotion-2 {
  position: relative;
  display: -webkit-inline-box;
  display: -webkit-inline-flex;
  display: -ms-inline-flexbox;
  display: inline-flex;
  -webkit-flex-direction: row;
  -ms-flex-direction: row;
  flex-direction: row;
  -webkit-align-items: center;
  -webkit-box-align: center;
  -ms-flex-align: center;
  align-items: center;
  vertical-align: top;
  width: -webkit-fill-available;
  width: -moz-available;
  width: fill-available;
  padding: 0rem 0rem 0rem 0.75rem;
}

.emotion-2>div {
  position: relative;
}

.emotion-3 {
  display: -webkit-box;
  display: -webkit-flex;
  display: -ms-flexbox;
  display: flex;
  -webkit-flex: 1;
  -ms-flex: 1;
  flex: 1;
}

.emotion-4 {
  font-family: Roboto;
  font-weight: 400;
  line-height: 1.25rem;
  font-size: 0.875rem;
  letter-spacing: 0.015625rem;
  background: transparent;
  border: none;
  color: #111530;
  padding: 0;
  display: block;
  position: relative;
  top: 0.4375rem;
  z-index: 1;
  text-overflow: ellipsis;
  width: 0;
  min-width: 100%;
}

.emotion-4::-webkit-input-placeholder {
  color: transparent;
}

.emotion-4::-moz-placeholder {
  color: transparent;
}

.emotion-4:-ms-input-placeholder {
  color: transparent;
}

.emotion-4::placeholder {
  color: transparent;
}

.emotion-4:focus {
  outline: none;
}

.emotion-4:focus::-webkit-input-placeholder {
  color: transparent;
}

.emotion-4:focus::-moz-placeholder {
  color: transparent;
}

.emotion-4:focus:-ms-input-placeholder {
  color: transparent;
}

.emotion-4:focus::placeholder {
  color: transparent;
}

.emotion-4:not(:focus):placeholder-shown+label {
  font-weight: normal;
}

.emotion-4:focus-within+label,
.emotion-4:not(:placeholder-shown)+label {
  font-weight: 700!important;
  -webkit-transform: translate(0.1875rem, -35%) scale(0.8);
  -moz-transform: translate(0.1875rem, -35%) scale(0.8);
  -ms-transform: translate(0.1875rem, -35%) scale(0.8);
  transform: translate(0.1875rem, -35%) scale(0.8);
}

.emotion-4:focus-within+label {
  font-weight: 700!important;
  color: #194DCC;
}

.emotion-4:disabled {
  cursor: not-allowed;
}

.emotion-5 {
  -webkit-transition: -webkit-transform 0.25s,opacity 0.25s ease-in-out;
  transition: transform 0.25s,opacity 0.25s ease-in-out;
  transform-origin: 0 0;
  width: 100%;
  position: absolute;
  -webkit-user-select: none;
  -moz-user-select: none;
  -ms-user-select: none;
  user-select: none;
  -webkit-transform: translate(0.1875rem, -95%) scale(0.8);
  -moz-transform: translate(0.1875rem, -95%) scale(0.8);
  -ms-transform: translate(0.1875rem, -95%) scale(0.8);
  transform: translate(0.1875rem, -95%) scale(0.8);
  color: #52567a;
  -webkit-align-items: center;
  -webkit-box-align: center;
  -ms-flex-align: center;
  align-items: center;
  display: -webkit-box;
  display: -webkit-flex;
  display: -ms-flexbox;
  display: flex;
  top: 0;
  bottom: 0;
  right: 0.1875rem;
  margin: auto;
  white-space: nowrap;
  overflow: hidden;
  font-family: Roboto;
  font-weight: 400;
  line-height: 1.25rem;
  font-size: 0.875rem;
  letter-spacing: 0.015625rem;
}

.emotion-6 {
  min-width: 2.75rem;
  overflow: visible;
  display: -webkit-box;
  display: -webkit-flex;
  display: -ms-flexbox;
  display: flex;
  -webkit-align-items: center;
  -webkit-box-align: center;
  -ms-flex-align: center;
  align-items: center;
  -webkit-box-pack: center;
  -ms-flex-pack: center;
  -webkit-justify-content: center;
  justify-content: center;
  cursor: unset;
}

.emotion-7 {
  width: 1.25rem;
  height: 1.25rem;
  display: -webkit-box;
  display: -webkit-flex;
  display: -ms-flexbox;
  display: flex;
  cursor: pointer;
}

.emotion-7:hover,
.emotion-7:focus-visible {
  -webkit-transition: all 0.2s;
  transition: all 0.2s;
  border-radius: 100%;
  background: rgba(200,206,255,0.20);
  box-shadow: 0px 0px 0px 8px rgba(200,206,255,0.20);
}

.emotion-8 {
  width: 1.25rem;
  height: 1.25rem;
}

.emotion-8 path,
.emotion-8 rect {
  fill: #52567a!important;
}

.emotion-9 {
  display: -webkit-box;
  display: -webkit-flex;
  display: -ms-flexbox;
  display: flex;
  -webkit-align-items: center;
  -webkit-box-align: center;
  -ms-flex-align: center;
  align-items: center;
  gap: 0.25rem;
  opacity: 1;
  color: #52567a;
  padding: 0.5rem 0 0;
  font-family: Roboto;
  font-weight: 400;
  line-height: 1rem;
  font-size: 0.75rem;
  letter-spacing: 0.015625rem;
}

.emotion-9 span {
  -webkit-align-items: stretch;
  -webkit-box-align: stretch;
  -ms-flex-align: stretch;
  align-items: stretch;
  padding: 0;
}

<div>
  <div>
    <div>
      <div
        class="emotion-0"
      >
        <div>
          <div>
            <div
              class="emotion-1"
            >
              <div
                class="emotion-2"
              >
                <div
                  class="emotion-3"
                >
                  <input
                    aria-describedby="textfield__00_hintMessage"
                    aria-invalid="false"
                    class="emotion-4"
                    data-testid="input"
                    id="textfield__00"
                    placeholder="Custom Date"
                    value="11/03/2020"
                  />
                  <label
                    class="emotion-5"
                    for="textfield__00"
                  >
                    Custom Date
                     
                  </label>
                </div>
                <div
                  aria-hidden="false"
                  class="emotion-6"
                >
                  <div
                    class="emotion-7"
                    data-testid="calendar_button"
                    tabindex="0"
                  >
                    <svg
                      class="emotion-8"
                      fill="none"
                      viewBox="0 0 20 20"
                      xmlns="http://www.w3.org/2000/svg"
                    >
                      <path
                        d="M4.48202 17.5C3.9305 17.5 3.46229 17.3264 3.07738 16.9791C2.69246 16.6318 2.5 16.2093 2.5 15.7117V5.75467C2.5 5.25707 2.69246 4.83463 3.07738 4.48735C3.46229 4.14006 3.9305 3.96642 4.48202 3.96642H4.95349V3.29616C4.95349 3.07602 5.03957 2.88829 5.21172 2.73296C5.38386 2.57765 5.59193 2.5 5.83594 2.5C6.07993 2.5 6.288 2.57765 6.46015 2.73296C6.63229 2.88829 6.71836 3.07602 6.71836 3.29616V3.96642H13.3126V3.28217C13.3126 3.06668 13.3974 2.88245 13.567 2.72947C13.7365 2.57649 13.9407 2.5 14.1796 2.5C14.4184 2.5 14.6226 2.57649 14.7921 2.72947C14.9617 2.88245 15.0465 3.06668 15.0465 3.28217V3.96642H15.518C16.0695 3.96642 16.5377 4.14006 16.9226 4.48735C17.3075 4.83463 17.5 5.25707 17.5 5.75467V15.7117C17.5 16.2093 17.3075 16.6318 16.9226 16.9791C16.5377 17.3264 16.0695 17.5 15.518 17.5H4.48202ZM4.48202 15.9356H15.518C15.58 15.9356 15.6369 15.9123 15.6886 15.8657C15.7403 15.819 15.7661 15.7677 15.7661 15.7117V8.44684H4.23386V15.7117C4.23386 15.7677 4.2597 15.819 4.3114 15.8657C4.3631 15.9123 4.41998 15.9356 4.48202 15.9356Z"
                        fill="#6265AD"
                      />
                    </svg>
                  </div>
                </div>
              </div>
            </div>
            <div
              class="emotion-9"
              data-testid="error"
            >
              <span
                id="textfield__00_hintMessage"
              >
                Hint Message
              </span>
            </div>
          </div>
        </div>
      </div>
    </div>
  </div>
</div>