.emotion-0 {
  display: -webkit-box;
  display: -webkit-flex;
  display: -ms-flexbox;
  display: flex;
  -webkit-flex-direction: row;
  -ms-flex-direction: row;
  flex-direction: row;
  -webkit-box-flex-wrap: wrap;
  -webkit-flex-wrap: wrap;
  -ms-flex-wrap: wrap;
  flex-wrap: wrap;
  height: 37.5rem;
}

.emotion-1 {
  overflow: inherit;
  text-overflow: inherit;
  width: 100%;
  height: inherit;
  position: relative;
}

.emotion-1 #unique-tooltip-id {
  display: none!important;
}

.emotion-2 {
  display: -webkit-box;
  display: -webkit-flex;
  display: -ms-flexbox;
  display: flex;
  -webkit-flex: 1;
  -ms-flex: 1;
  flex: 1;
  -webkit-align-items: center;
  -webkit-box-align: center;
  -ms-flex-align: center;
  align-items: center;
  position: relative;
  -webkit-transition: background-color 0.25s,box-shadow 0.25s,border-color 0.25s;
  transition: background-color 0.25s,box-shadow 0.25s,border-color 0.25s;
  box-shadow: 0 0 0 0.0625rem #8EAAEC;
  border-radius: 0.25rem;
  -webkit-user-select: none;
  -moz-user-select: none;
  -ms-user-select: none;
  user-select: none;
  opacity: 1;
  cursor: text;
  height: 3.25rem;
  min-width: 10rem;
  background-color: rgba(200,206,255,0.30);
}

.emotion-2:hover {
  background-color: rgba(200,206,255,0.20);
}

.emotion-2:focus-within {
  box-shadow: 0 0 0 0.125rem #175BF5;
  background-color: rgba(200,206,255,0.30);
}

.emotion-3 {
  position: relative;
  display: -webkit-inline-box;
  display: -webkit-inline-flex;
  display: -ms-inline-flexbox;
  display: inline-flex;
  -webkit-flex-direction: row;
  -ms-flex-direction: row;
  flex-direction: row;
  -webkit-align-items: center;
  -webkit-box-align: center;
  -ms-flex-align: center;
  align-items: center;
  vertical-align: top;
  width: -webkit-fill-available;
  width: -moz-available;
  width: fill-available;
  padding: 0rem 0rem 0rem 0.75rem;
}

.emotion-3>div {
  position: relative;
}

.emotion-4 {
  display: -webkit-box;
  display: -webkit-flex;
  display: -ms-flexbox;
  display: flex;
  -webkit-flex: 1;
  -ms-flex: 1;
  flex: 1;
}

.emotion-5 {
  font-family: Roboto;
  font-weight: 400;
  line-height: 1.25rem;
  font-size: 0.875rem;
  letter-spacing: 0.015625rem;
  background: transparent;
  border: none;
  color: #111530;
  padding: 0;
  display: block;
  position: relative;
  top: 0.4375rem;
  z-index: 1;
  text-overflow: ellipsis;
  width: 0;
  min-width: 100%;
}

.emotion-5::-webkit-input-placeholder {
  color: transparent;
}

.emotion-5::-moz-placeholder {
  color: transparent;
}

.emotion-5:-ms-input-placeholder {
  color: transparent;
}

.emotion-5::placeholder {
  color: transparent;
}

.emotion-5:focus {
  outline: none;
}

.emotion-5:focus::-webkit-input-placeholder {
  color: transparent;
}

.emotion-5:focus::-moz-placeholder {
  color: transparent;
}

.emotion-5:focus:-ms-input-placeholder {
  color: transparent;
}

.emotion-5:focus::placeholder {
  color: transparent;
}

.emotion-5:not(:focus):placeholder-shown+label {
  font-weight: normal;
}

.emotion-5:focus-within+label,
.emotion-5:not(:placeholder-shown)+label {
  font-weight: 700!important;
  -webkit-transform: translate(0.1875rem, -35%) scale(0.8);
  -moz-transform: translate(0.1875rem, -35%) scale(0.8);
  -ms-transform: translate(0.1875rem, -35%) scale(0.8);
  transform: translate(0.1875rem, -35%) scale(0.8);
}

.emotion-5:focus-within+label {
  font-weight: 700!important;
  color: #194DCC;
}

.emotion-5:disabled {
  cursor: not-allowed;
}

.emotion-6 {
  -webkit-transition: -webkit-transform 0.25s,opacity 0.25s ease-in-out;
  transition: transform 0.25s,opacity 0.25s ease-in-out;
  transform-origin: 0 0;
  width: 100%;
  position: absolute;
  -webkit-user-select: none;
  -moz-user-select: none;
  -ms-user-select: none;
  user-select: none;
  -webkit-transform: translate(0.1875rem, -95%) scale(0.8);
  -moz-transform: translate(0.1875rem, -95%) scale(0.8);
  -ms-transform: translate(0.1875rem, -95%) scale(0.8);
  transform: translate(0.1875rem, -95%) scale(0.8);
  color: #52567a;
  -webkit-align-items: center;
  -webkit-box-align: center;
  -ms-flex-align: center;
  align-items: center;
  display: -webkit-box;
  display: -webkit-flex;
  display: -ms-flexbox;
  display: flex;
  top: 0;
  bottom: 0;
  right: 0.1875rem;
  margin: auto;
  white-space: nowrap;
  overflow: hidden;
  font-family: Roboto;
  font-weight: 400;
  line-height: 1.25rem;
  font-size: 0.875rem;
  letter-spacing: 0.015625rem;
}

.emotion-7 {
  min-width: 2.75rem;
  overflow: visible;
  display: -webkit-box;
  display: -webkit-flex;
  display: -ms-flexbox;
  display: flex;
  -webkit-align-items: center;
  -webkit-box-align: center;
  -ms-flex-align: center;
  align-items: center;
  -webkit-box-pack: center;
  -ms-flex-pack: center;
  -webkit-justify-content: center;
  justify-content: center;
  cursor: unset;
}

.emotion-8 {
  width: 1.25rem;
  height: 1.25rem;
  display: -webkit-box;
  display: -webkit-flex;
  display: -ms-flexbox;
  display: flex;
  cursor: pointer;
}

.emotion-8:hover,
.emotion-8:focus-visible {
  -webkit-transition: all 0.2s;
  transition: all 0.2s;
  border-radius: 100%;
  background: rgba(200,206,255,0.20);
  box-shadow: 0px 0px 0px 8px rgba(200,206,255,0.20);
}

.emotion-9 {
  width: 1.25rem;
  height: 1.25rem;
}

.emotion-9 path,
.emotion-9 rect {
  fill: #52567a!important;
}

.emotion-10 {
  display: -webkit-box;
  display: -webkit-flex;
  display: -ms-flexbox;
  display: flex;
  -webkit-align-items: center;
  -webkit-box-align: center;
  -ms-flex-align: center;
  align-items: center;
  gap: 0.25rem;
  opacity: 1;
  color: #52567a;
  padding: 0.5rem 0 0;
  font-family: Roboto;
  font-weight: 400;
  line-height: 1rem;
  font-size: 0.75rem;
  letter-spacing: 0.015625rem;
}

.emotion-10 span {
  -webkit-align-items: stretch;
  -webkit-box-align: stretch;
  -ms-flex-align: stretch;
  align-items: stretch;
  padding: 0;
}

.emotion-12 {
  display: -webkit-box;
  display: -webkit-flex;
  display: -ms-flexbox;
  display: flex;
  -webkit-flex: 1;
  -ms-flex: 1;
  flex: 1;
  -webkit-align-items: center;
  -webkit-box-align: center;
  -ms-flex-align: center;
  align-items: center;
  position: relative;
  -webkit-transition: background-color 0.25s,box-shadow 0.25s,border-color 0.25s;
  transition: background-color 0.25s,box-shadow 0.25s,border-color 0.25s;
  box-shadow: 0 0 0 0.125rem #FF4D8D;
  border-radius: 0.25rem;
  -webkit-user-select: none;
  -moz-user-select: none;
  -ms-user-select: none;
  user-select: none;
  opacity: 1;
  cursor: text;
  height: 3.25rem;
  min-width: 10rem;
  background-color: #FFD6E5;
}

.emotion-12:hover {
  background-color: #FFEBF1;
}

.emotion-12:focus-within {
  box-shadow: 0 0 0 0.125rem #175BF5;
  background-color: rgba(200,206,255,0.30);
}

.emotion-16 {
  -webkit-transition: -webkit-transform 0.25s,opacity 0.25s ease-in-out;
  transition: transform 0.25s,opacity 0.25s ease-in-out;
  transform-origin: 0 0;
  width: 100%;
  position: absolute;
  -webkit-user-select: none;
  -moz-user-select: none;
  -ms-user-select: none;
  user-select: none;
  -webkit-transform: translate(0.1875rem, -95%) scale(0.8);
  -moz-transform: translate(0.1875rem, -95%) scale(0.8);
  -ms-transform: translate(0.1875rem, -95%) scale(0.8);
  transform: translate(0.1875rem, -95%) scale(0.8);
  color: #BF1250;
  -webkit-align-items: center;
  -webkit-box-align: center;
  -ms-flex-align: center;
  align-items: center;
  display: -webkit-box;
  display: -webkit-flex;
  display: -ms-flexbox;
  display: flex;
  top: 0;
  bottom: 0;
  right: 0.1875rem;
  margin: auto;
  white-space: nowrap;
  overflow: hidden;
  font-family: Roboto;
  font-weight: 400;
  line-height: 1.25rem;
  font-size: 0.875rem;
  letter-spacing: 0.015625rem;
}

.emotion-20 {
  display: -webkit-box;
  display: -webkit-flex;
  display: -ms-flexbox;
  display: flex;
  -webkit-align-items: center;
  -webkit-box-align: center;
  -ms-flex-align: center;
  align-items: center;
  gap: 0.25rem;
  opacity: 1;
  color: #BF1250;
  padding: 0.5rem 0 0;
  font-family: Roboto;
  font-weight: 400;
  line-height: 1rem;
  font-size: 0.75rem;
  letter-spacing: 0.015625rem;
}

.emotion-20 span {
  -webkit-align-items: stretch;
  -webkit-box-align: stretch;
  -ms-flex-align: stretch;
  align-items: stretch;
  padding: 0;
}

.emotion-21 {
  width: 1rem;
  height: 1rem;
  display: -webkit-box;
  display: -webkit-flex;
  display: -ms-flexbox;
  display: flex;
}

.emotion-22 {
  width: 1rem;
  height: 1rem;
}

.emotion-22 path,
.emotion-22 rect {
  fill: #BF1250!important;
}

.emotion-24 {
  display: -webkit-box;
  display: -webkit-flex;
  display: -ms-flexbox;
  display: flex;
  -webkit-flex: 1;
  -ms-flex: 1;
  flex: 1;
  -webkit-align-items: center;
  -webkit-box-align: center;
  -ms-flex-align: center;
  align-items: center;
  position: relative;
  -webkit-transition: background-color 0.25s,box-shadow 0.25s,border-color 0.25s;
  transition: background-color 0.25s,box-shadow 0.25s,border-color 0.25s;
  box-shadow: 0 0 0 0.0625rem #8EAAEC;
  border-radius: 0.25rem;
  -webkit-user-select: none;
  -moz-user-select: none;
  -ms-user-select: none;
  user-select: none;
  opacity: 1;
  cursor: text;
  height: 3.25rem;
  min-width: 10rem;
  background-color: rgba(200,206,255,0.20);
}

.emotion-24:hover {
  background-color: rgba(200,206,255,0.20);
}

.emotion-24:focus-within {
  box-shadow: 0 0 0 0.125rem #8EAAEC;
  background-color: rgba(200,206,255,0.30);
}

.emotion-27 {
  font-family: Roboto;
  font-weight: 400;
  line-height: 1.25rem;
  font-size: 0.875rem;
  letter-spacing: 0.015625rem;
  background: transparent;
  border: none;
  color: #111530;
  padding: 0;
  display: block;
  position: relative;
  top: 0.4375rem;
  z-index: 1;
  text-overflow: ellipsis;
  width: 0;
  min-width: 100%;
}

.emotion-27::-webkit-input-placeholder {
  color: transparent;
}

.emotion-27::-moz-placeholder {
  color: transparent;
}

.emotion-27:-ms-input-placeholder {
  color: transparent;
}

.emotion-27::placeholder {
  color: transparent;
}

.emotion-27:focus {
  outline: none;
}

.emotion-27:focus::-webkit-input-placeholder {
  color: transparent;
}

.emotion-27:focus::-moz-placeholder {
  color: transparent;
}

.emotion-27:focus:-ms-input-placeholder {
  color: transparent;
}

.emotion-27:focus::placeholder {
  color: transparent;
}

.emotion-27:not(:focus):placeholder-shown+label {
  font-weight: normal;
}

.emotion-27:focus-within+label,
.emotion-27:not(:placeholder-shown)+label {
  font-weight: 700!important;
  -webkit-transform: translate(0.1875rem, -35%) scale(0.8);
  -moz-transform: translate(0.1875rem, -35%) scale(0.8);
  -ms-transform: translate(0.1875rem, -35%) scale(0.8);
  transform: translate(0.1875rem, -35%) scale(0.8);
}

.emotion-27:focus-within+label {
  font-weight: 700!important;
  color: #194DCC;
}

.emotion-27:disabled {
  cursor: text;
}

.emotion-30 {
  width: 1.25rem;
  height: 1.25rem;
  display: -webkit-box;
  display: -webkit-flex;
  display: -ms-flexbox;
  display: flex;
}

<div>
  <div
    class="emotion-0"
  >
    <div
      style="margin: 5px;"
    >
      <div>
        <div>
          <div
            class="emotion-1"
          >
            <div>
              <div>
                <div
                  class="emotion-2"
                >
                  <div
                    class="emotion-3"
                  >
                    <div
                      class="emotion-4"
                    >
                      <input
                        aria-describedby="textfield__00_hintMessage"
                        aria-invalid="false"
                        class="emotion-5"
                        data-testid="input"
                        id="textfield__00"
                        placeholder="Normal"
                        value="11/03/2020"
                      />
                      <label
                        class="emotion-6"
                        for="textfield__00"
                      >
                        Normal
                         
                      </label>
                    </div>
                    <div
                      aria-hidden="false"
                      class="emotion-7"
                    >
                      <div
                        class="emotion-8"
                        data-slot="icon"
                        data-testid="calendar_button"
                        tabindex="0"
                      >
                        <svg
                          class="emotion-9"
                          fill="none"
                          viewBox="0 0 20 20"
                          xmlns="http://www.w3.org/2000/svg"
                        >
                          <path
                            d="M4.48202 17.5C3.9305 17.5 3.46229 17.3264 3.07738 16.9791C2.69246 16.6318 2.5 16.2093 2.5 15.7117V5.75467C2.5 5.25707 2.69246 4.83463 3.07738 4.48735C3.46229 4.14006 3.9305 3.96642 4.48202 3.96642H4.95349V3.29616C4.95349 3.07602 5.03957 2.88829 5.21172 2.73296C5.38386 2.57765 5.59193 2.5 5.83594 2.5C6.07993 2.5 6.288 2.57765 6.46015 2.73296C6.63229 2.88829 6.71836 3.07602 6.71836 3.29616V3.96642H13.3126V3.28217C13.3126 3.06668 13.3974 2.88245 13.567 2.72947C13.7365 2.57649 13.9407 2.5 14.1796 2.5C14.4184 2.5 14.6226 2.57649 14.7921 2.72947C14.9617 2.88245 15.0465 3.06668 15.0465 3.28217V3.96642H15.518C16.0695 3.96642 16.5377 4.14006 16.9226 4.48735C17.3075 4.83463 17.5 5.25707 17.5 5.75467V15.7117C17.5 16.2093 17.3075 16.6318 16.9226 16.9791C16.5377 17.3264 16.0695 17.5 15.518 17.5H4.48202ZM4.48202 15.9356H15.518C15.58 15.9356 15.6369 15.9123 15.6886 15.8657C15.7403 15.819 15.7661 15.7677 15.7661 15.7117V8.44684H4.23386V15.7117C4.23386 15.7677 4.2597 15.819 4.3114 15.8657C4.3631 15.9123 4.41998 15.9356 4.48202 15.9356Z"
                            fill="#6265AD"
                          />
                        </svg>
                      </div>
                    </div>
                  </div>
                </div>
                <div
                  class="emotion-10"
                  data-testid="error"
                >
                  <span
                    id="textfield__00_hintMessage"
                  >
                    Hint Message
                  </span>
                </div>
              </div>
            </div>
          </div>
        </div>
      </div>
    </div>
    <div
      style="margin: 5px;"
    >
      <div>
        <div>
          <div
            class="emotion-1"
          >
            <div>
              <div>
                <div
                  class="emotion-12"
                >
                  <div
                    class="emotion-3"
                  >
                    <div
                      class="emotion-4"
                    >
                      <input
                        aria-describedby="textfield__00_hintMessage"
                        aria-invalid="true"
                        class="emotion-5"
                        data-testid="input"
                        id="textfield__00"
                        placeholder="Error"
                        value="11/03/2020"
                      />
                      <label
                        class="emotion-16"
                        for="textfield__00"
                      >
                        Error
                         
                      </label>
                    </div>
                    <div
                      aria-hidden="false"
                      class="emotion-7"
                    >
                      <div
                        class="emotion-8"
                        data-slot="icon"
                        data-testid="calendar_button"
                        tabindex="0"
                      >
                        <svg
                          class="emotion-9"
                          fill="none"
                          viewBox="0 0 20 20"
                          xmlns="http://www.w3.org/2000/svg"
                        >
                          <path
                            d="M4.48202 17.5C3.9305 17.5 3.46229 17.3264 3.07738 16.9791C2.69246 16.6318 2.5 16.2093 2.5 15.7117V5.75467C2.5 5.25707 2.69246 4.83463 3.07738 4.48735C3.46229 4.14006 3.9305 3.96642 4.48202 3.96642H4.95349V3.29616C4.95349 3.07602 5.03957 2.88829 5.21172 2.73296C5.38386 2.57765 5.59193 2.5 5.83594 2.5C6.07993 2.5 6.288 2.57765 6.46015 2.73296C6.63229 2.88829 6.71836 3.07602 6.71836 3.29616V3.96642H13.3126V3.28217C13.3126 3.06668 13.3974 2.88245 13.567 2.72947C13.7365 2.57649 13.9407 2.5 14.1796 2.5C14.4184 2.5 14.6226 2.57649 14.7921 2.72947C14.9617 2.88245 15.0465 3.06668 15.0465 3.28217V3.96642H15.518C16.0695 3.96642 16.5377 4.14006 16.9226 4.48735C17.3075 4.83463 17.5 5.25707 17.5 5.75467V15.7117C17.5 16.2093 17.3075 16.6318 16.9226 16.9791C16.5377 17.3264 16.0695 17.5 15.518 17.5H4.48202ZM4.48202 15.9356H15.518C15.58 15.9356 15.6369 15.9123 15.6886 15.8657C15.7403 15.819 15.7661 15.7677 15.7661 15.7117V8.44684H4.23386V15.7117C4.23386 15.7677 4.2597 15.819 4.3114 15.8657C4.3631 15.9123 4.41998 15.9356 4.48202 15.9356Z"
                            fill="#6265AD"
                          />
                        </svg>
                      </div>
                    </div>
                  </div>
                </div>
                <div
                  class="emotion-20"
                  data-testid="error"
                >
                  <div
                    class="emotion-21"
                    data-slot="icon"
                  >
                    <svg
                      class="emotion-22"
                      fill="none"
                      viewBox="0 0 20 20"
                      xmlns="http://www.w3.org/2000/svg"
                    >
                      <path
                        clip-rule="evenodd"
                        d="M6.88122 2.6299C7.85478 2.20997 8.89481 2 10.0013 2C11.1111 2 12.1541 2.21043 13.1301 2.6313C14.1062 3.05217 14.9553 3.62335 15.6773 4.34484C16.3994 5.06632 16.967 5.91165 17.3802 6.88083C17.7934 7.85 18 8.88962 18 9.99969C18 11.1098 17.7933 12.1529 17.3799 13.1293C16.9666 14.1056 16.3986 14.9549 15.6761 15.6771C14.9536 16.3993 14.1042 16.967 13.1278 17.3802C12.1514 17.7934 11.1084 18 9.9987 18C8.89371 18 7.8553 17.7933 6.88345 17.3799C5.91159 16.9666 5.06506 16.3987 4.34387 15.6764C3.62269 14.954 3.05175 14.1046 2.63105 13.1281C2.21035 12.1516 2 11.1085 2 9.9987C2 8.89221 2.21005 7.85238 2.63016 6.87922C3.05026 5.90604 3.62041 5.0595 4.34059 4.33962C5.06076 3.61975 5.90763 3.04984 6.88122 2.6299ZM10.6094 6.24514C10.4461 6.08172 10.2495 6.00001 10.0197 6.00001C9.78983 6.00001 9.59317 6.08172 9.42969 6.24514C9.26622 6.40857 9.18448 6.60517 9.18448 6.83494V9.94177C9.18448 10.1715 9.26613 10.3681 9.42944 10.5316C9.59274 10.695 9.78931 10.7767 10.0192 10.7767C10.249 10.7767 10.4457 10.695 10.6091 10.5316C10.7726 10.3681 10.8544 10.1715 10.8544 9.94177V6.83494C10.8544 6.60517 10.7727 6.40857 10.6094 6.24514ZM9.9751 12.1C10.5964 12.1 11.1001 12.6037 11.1001 13.225C11.1001 13.8463 10.5964 14.35 9.9751 14.35C9.35378 14.35 8.8501 13.8463 8.8501 13.225C8.8501 12.6037 9.35378 12.1 9.9751 12.1Z"
                        fill="#6265AD"
                        fill-rule="evenodd"
                      />
                    </svg>
                  </div>
                  <span
                    id="textfield__00_hintMessage"
                  >
                    Hint Message
                  </span>
                </div>
              </div>
            </div>
          </div>
        </div>
      </div>
    </div>
    <div
      style="margin: 5px;"
    >
      <div>
        <div>
          <div
            class="emotion-1"
          >
            <div>
              <div>
                <div
                  class="emotion-24"
                >
                  <div
                    class="emotion-3"
                  >
                    <div
                      class="emotion-4"
                    >
                      <input
                        aria-describedby="textfield__00_hintMessage"
                        aria-invalid="false"
                        class="emotion-27"
                        data-testid="input"
                        disabled=""
                        id="textfield__00"
                        placeholder="Read-only"
                        readonly=""
                        value="11/03/2020"
                      />
                      <label
                        class="emotion-6"
                        for="textfield__00"
                      >
                        Read-only
                         
                      </label>
                    </div>
                    <div
                      aria-hidden="false"
                      class="emotion-7"
                    >
                      <div
                        class="emotion-30"
                        data-slot="icon"
                      >
                        <svg
                          class="emotion-9"
                          fill="none"
                          viewBox="0 0 20 20"
                          xmlns="http://www.w3.org/2000/svg"
                        >
                          <path
                            d="M5.43638 18C4.88713 18 4.42709 17.8269 4.05626 17.4806C3.68542 17.1344 3.5 16.7049 3.5 16.192V9.14129C3.5 8.62847 3.68542 8.19894 4.05626 7.8527C4.42709 7.50645 4.88713 7.33332 5.43638 7.33332H5.90304V5.86205C5.90304 4.78407 6.30176 3.8709 7.0992 3.12254C7.89665 2.37418 8.86359 2 10 2C11.1364 2 12.1033 2.37418 12.9008 3.12254C13.6982 3.8709 14.097 4.78407 14.097 5.86205V7.33332H14.5636C15.1129 7.33332 15.5729 7.50645 15.9437 7.8527C16.3146 8.19894 16.5 8.62847 16.5 9.14129V16.192C16.5 16.7049 16.3146 17.1344 15.9437 17.4806C15.5729 17.8269 15.1129 18 14.5636 18H5.43638ZM10.0031 14.2483C10.4627 14.2483 10.8528 14.0976 11.1735 13.7962C11.4942 13.4948 11.6545 13.1296 11.6545 12.7005C11.6545 12.2715 11.4931 11.9072 11.1703 11.6078C10.8475 11.3083 10.4564 11.1586 9.99687 11.1586C9.53734 11.1586 9.14722 11.3093 8.82653 11.6107C8.50582 11.9121 8.34547 12.2773 8.34547 12.7064C8.34547 13.1354 8.50687 13.4997 8.82966 13.7991C9.15246 14.0985 9.54361 14.2483 10.0031 14.2483ZM7.59696 7.33332H12.403V5.86205C12.403 5.23676 12.1692 4.70036 11.7015 4.25285C11.2338 3.80534 10.6658 3.58158 9.99768 3.58158C9.32953 3.58158 8.76237 3.80534 8.29621 4.25285C7.83004 4.70036 7.59696 5.23676 7.59696 5.86205V7.33332Z"
                            fill="#6265AD"
                          />
                        </svg>
                      </div>
                    </div>
                  </div>
                </div>
                <div
                  class="emotion-10"
                  data-testid="error"
                >
                  <span
                    id="textfield__00_hintMessage"
                  >
                    Hint Message
                  </span>
                </div>
              </div>
            </div>
          </div>
        </div>
      </div>
    </div>
  </div>
</div>