.emotion-0 {
  display: -webkit-box;
  display: -webkit-flex;
  display: -ms-flexbox;
  display: flex;
  -webkit-flex-direction: row;
  -ms-flex-direction: row;
  flex-direction: row;
  -webkit-box-flex-wrap: wrap;
  -webkit-flex-wrap: wrap;
  -ms-flex-wrap: wrap;
  flex-wrap: wrap;
  height: 18.75rem;
}

.emotion-1 {
  position: relative;
  min-width: 8.75rem;
}

.emotion-2 {
  overflow: inherit;
  text-overflow: inherit;
  width: 100%;
  height: inherit;
  position: relative;
}

.emotion-2 #unique-tooltip-id {
  display: none!important;
}

.emotion-3 {
  display: -webkit-box;
  display: -webkit-flex;
  display: -ms-flexbox;
  display: flex;
  -webkit-align-items: center;
  -webkit-box-align: center;
  -ms-flex-align: center;
  align-items: center;
  position: relative;
  -webkit-transition: background-color 0.25s,box-shadow 0.25s,border-color 0.25s;
  transition: background-color 0.25s,box-shadow 0.25s,border-color 0.25s;
  box-shadow: 0 0 0 0.0625rem #8EAAEC;
  border-radius: 0.25rem;
  -webkit-user-select: none;
  -moz-user-select: none;
  -ms-user-select: none;
  user-select: none;
  opacity: 1;
  cursor: text;
  height: 3.25rem;
  min-width: 8.75rem;
  background-color: rgba(200,206,255,0.30);
}

.emotion-3:hover {
  background-color: rgba(200,206,255,0.20);
}

.emotion-3:focus-within {
  box-shadow: 0 0 0 0.125rem #175BF5;
  background-color: rgba(200,206,255,0.30);
}

.emotion-4 {
  position: relative;
  display: -webkit-inline-box;
  display: -webkit-inline-flex;
  display: -ms-inline-flexbox;
  display: inline-flex;
  -webkit-flex-direction: row;
  -ms-flex-direction: row;
  flex-direction: row;
  -webkit-align-items: center;
  -webkit-box-align: center;
  -ms-flex-align: center;
  align-items: center;
  vertical-align: top;
  width: -webkit-fill-available;
  width: -moz-available;
  width: fill-available;
  padding: 0 0 0 0.75rem;
}

.emotion-4>div {
  position: relative;
}

.emotion-5 {
  display: -webkit-box;
  display: -webkit-flex;
  display: -ms-flexbox;
  display: flex;
  -webkit-flex: 1;
  -ms-flex: 1;
  flex: 1;
}

.emotion-6 {
  font-family: Roboto;
  font-weight: 400;
  line-height: 1.25rem;
  font-size: 0.875rem;
  letter-spacing: 0.015625rem;
  background: transparent;
  border: none;
  color: #111530;
  padding: 0;
  display: block;
  position: relative;
  top: 0.4375rem;
  z-index: 1;
  text-overflow: ellipsis;
  width: 0;
  min-width: 100%;
}

.emotion-6::-webkit-input-placeholder {
  color: transparent;
}

.emotion-6::-moz-placeholder {
  color: transparent;
}

.emotion-6:-ms-input-placeholder {
  color: transparent;
}

.emotion-6::placeholder {
  color: transparent;
}

.emotion-6:focus {
  outline: none;
}

.emotion-6:focus::-webkit-input-placeholder {
  color: transparent;
}

.emotion-6:focus::-moz-placeholder {
  color: transparent;
}

.emotion-6:focus:-ms-input-placeholder {
  color: transparent;
}

.emotion-6:focus::placeholder {
  color: transparent;
}

.emotion-6:not(:focus):placeholder-shown+label {
  font-weight: normal;
}

.emotion-6:focus-within+label,
.emotion-6:not(:placeholder-shown)+label {
  font-weight: 700!important;
  -webkit-transform: translate(0.1875rem, -35%) scale(0.8);
  -moz-transform: translate(0.1875rem, -35%) scale(0.8);
  -ms-transform: translate(0.1875rem, -35%) scale(0.8);
  transform: translate(0.1875rem, -35%) scale(0.8);
}

.emotion-6:focus-within+label {
  font-weight: 700!important;
  color: #194DCC;
}

.emotion-6:disabled {
  cursor: not-allowed;
}

.emotion-7 {
  -webkit-transition: -webkit-transform 0.25s,opacity 0.25s ease-in-out;
  transition: transform 0.25s,opacity 0.25s ease-in-out;
  transform-origin: 0 0;
  width: 100%;
  position: absolute;
  -webkit-user-select: none;
  -moz-user-select: none;
  -ms-user-select: none;
  user-select: none;
  -webkit-transform: translate(0.1875rem, -95%) scale(0.8);
  -moz-transform: translate(0.1875rem, -95%) scale(0.8);
  -ms-transform: translate(0.1875rem, -95%) scale(0.8);
  transform: translate(0.1875rem, -95%) scale(0.8);
  color: #52567a;
  -webkit-align-items: center;
  -webkit-box-align: center;
  -ms-flex-align: center;
  align-items: center;
  display: -webkit-box;
  display: -webkit-flex;
  display: -ms-flexbox;
  display: flex;
  top: 0;
  bottom: 0;
  right: 0.1875rem;
  margin: auto;
  white-space: nowrap;
  font-family: Roboto;
  font-weight: 400;
  line-height: 1.25rem;
  font-size: 0.875rem;
  letter-spacing: 0.015625rem;
}

.emotion-8 {
  min-width: 2.75rem;
  overflow: visible;
  display: -webkit-box;
  display: -webkit-flex;
  display: -ms-flexbox;
  display: flex;
  -webkit-align-items: center;
  -webkit-box-align: center;
  -ms-flex-align: center;
  align-items: center;
  -webkit-box-pack: center;
  -ms-flex-pack: center;
  -webkit-justify-content: center;
  justify-content: center;
  cursor: unset;
}

.emotion-9 {
  padding: 0.5rem;
  display: -webkit-box;
  display: -webkit-flex;
  display: -ms-flexbox;
  display: flex;
  cursor: pointer;
  -webkit-transform: rotate(0deg);
  -moz-transform: rotate(0deg);
  -ms-transform: rotate(0deg);
  transform: rotate(0deg);
  -webkit-transition: all 0.2s ease-in-out;
  -moz-transition: all 0.2s ease-in-out;
  -ms-transition: all 0.2s ease-in-out;
  -o-transition: all 0.2s ease-in-out;
  -webkit-transition: all 0.2s ease-in-out;
  transition: all 0.2s ease-in-out;
}

.emotion-10 {
  width: 1.25rem;
  height: 1.25rem;
  display: -webkit-box;
  display: -webkit-flex;
  display: -ms-flexbox;
  display: flex;
  cursor: pointer;
}

.emotion-11 {
  width: 1.25rem;
  height: 1.25rem;
}

.emotion-11 path {
  fill: #52567a!important;
}

.emotion-14 {
  display: -webkit-box;
  display: -webkit-flex;
  display: -ms-flexbox;
  display: flex;
  -webkit-align-items: center;
  -webkit-box-align: center;
  -ms-flex-align: center;
  align-items: center;
  position: relative;
  -webkit-transition: background-color 0.25s,box-shadow 0.25s,border-color 0.25s;
  transition: background-color 0.25s,box-shadow 0.25s,border-color 0.25s;
  box-shadow: 0 0 0 0.0625rem #8EAAEC;
  border-radius: 0.25rem;
  -webkit-user-select: none;
  -moz-user-select: none;
  -ms-user-select: none;
  user-select: none;
  opacity: 1;
  cursor: text;
  height: 1.75rem;
  min-width: 4.375rem;
  background-color: rgba(200,206,255,0.30);
}

.emotion-14:hover {
  background-color: rgba(200,206,255,0.20);
}

.emotion-14:focus-within {
  box-shadow: 0 0 0 0.125rem #175BF5;
  background-color: rgba(200,206,255,0.30);
}

.emotion-17 {
  font-family: Roboto;
  font-weight: 400;
  line-height: 1rem;
  font-size: 0.75rem;
  letter-spacing: 0.015625rem;
  background: transparent;
  border: none;
  color: #111530;
  padding: 0;
  display: block;
  position: relative;
  z-index: 1;
  text-overflow: ellipsis;
  width: 0;
  min-width: 100%;
}

.emotion-17::-webkit-input-placeholder {
  color: transparent;
}

.emotion-17::-moz-placeholder {
  color: transparent;
}

.emotion-17:-ms-input-placeholder {
  color: transparent;
}

.emotion-17::placeholder {
  color: transparent;
}

.emotion-17:focus {
  outline: none;
}

.emotion-17:focus::-webkit-input-placeholder {
  color: transparent;
}

.emotion-17:focus::-moz-placeholder {
  color: transparent;
}

.emotion-17:focus:-ms-input-placeholder {
  color: transparent;
}

.emotion-17:focus::placeholder {
  color: transparent;
}

.emotion-17:not(:focus):placeholder-shown+label {
  font-weight: normal;
}

.emotion-17:focus-within+label,
.emotion-17:not(:placeholder-shown)+label {
  display: none;
}

.emotion-17:focus-within+label {
  font-weight: 700!important;
  color: #194DCC;
}

.emotion-17:disabled {
  cursor: not-allowed;
}

.emotion-18 {
  -webkit-transition: -webkit-transform 0.25s,opacity 0.25s ease-in-out;
  transition: transform 0.25s,opacity 0.25s ease-in-out;
  transform-origin: 0 0;
  width: 100%;
  position: absolute;
  -webkit-user-select: none;
  -moz-user-select: none;
  -ms-user-select: none;
  user-select: none;
  -webkit-transform: translate(0.1875rem, -95%) scale(0.8);
  -moz-transform: translate(0.1875rem, -95%) scale(0.8);
  -ms-transform: translate(0.1875rem, -95%) scale(0.8);
  transform: translate(0.1875rem, -95%) scale(0.8);
  color: #52567a;
  -webkit-align-items: center;
  -webkit-box-align: center;
  -ms-flex-align: center;
  align-items: center;
  display: -webkit-box;
  display: -webkit-flex;
  display: -ms-flexbox;
  display: flex;
  top: 0;
  bottom: 0;
  right: 0.1875rem;
  margin: auto;
  white-space: nowrap;
  font-family: Roboto;
  font-weight: 400;
  line-height: 1rem;
  font-size: 0.75rem;
  letter-spacing: 0.015625rem;
}

.emotion-19 {
  min-width: 1.75rem;
  overflow: visible;
  display: -webkit-box;
  display: -webkit-flex;
  display: -ms-flexbox;
  display: flex;
  -webkit-align-items: center;
  -webkit-box-align: center;
  -ms-flex-align: center;
  align-items: center;
  -webkit-box-pack: center;
  -ms-flex-pack: center;
  -webkit-justify-content: center;
  justify-content: center;
  cursor: unset;
}

.emotion-21 {
  width: 1rem;
  height: 1rem;
  display: -webkit-box;
  display: -webkit-flex;
  display: -ms-flexbox;
  display: flex;
  cursor: pointer;
}

.emotion-22 {
  width: 1rem;
  height: 1rem;
}

.emotion-22 path {
  fill: #52567a!important;
}

<div>
  <div
    class="emotion-0"
  >
    <div
      style="margin: 5px;"
    >
      <div>
        <div
          class="emotion-1"
        >
          <div
            class="emotion-2"
          >
            <div>
              <div
                class="emotion-3"
                data-testid="select-input"
              >
                <div
                  class="emotion-4"
                >
                  <div
                    class="emotion-5"
                  >
                    <input
                      aria-controls="select__00"
                      aria-expanded="false"
                      aria-invalid="false"
                      autocomplete="off"
                      class="emotion-6"
                      data-testid="input_select-input"
                      id="textfield__00"
                      placeholder="Label"
                      readonly=""
                      role="combobox"
                      value="Chocolate"
                    />
                    <label
                      class="emotion-7"
                      for="textfield__00"
                    >
                      Label
                       
                    </label>
                  </div>
                  <div
                    aria-hidden="false"
                    class="emotion-8"
                  >
                    <div
                      class="emotion-9"
                    >
                      <div
                        class="emotion-10"
                        data-testid="select-right-icon"
                        tabindex="0"
                      >
                        <svg
                          class="emotion-11"
                          fill="none"
                          viewBox="0 0 20 20"
                          xmlns="http://www.w3.org/2000/svg"
                        >
                          <path
                            clip-rule="evenodd"
                            d="M6.09346 8.31215C5.65924 7.79108 6.02976 7 6.70803 7H13.292C13.9702 7 14.3408 7.79109 13.9065 8.31215L10.6146 12.2625C10.2947 12.6463 9.70526 12.6463 9.38542 12.2625L6.09346 8.31215Z"
                            fill="#6265AD"
                            fill-rule="evenodd"
                          />
                        </svg>
                      </div>
                    </div>
                  </div>
                </div>
              </div>
            </div>
          </div>
        </div>
      </div>
    </div>
    <div
      style="margin: 5px;"
    >
      <div>
        <div
          class="emotion-1"
        >
          <div
            class="emotion-2"
          >
            <div>
              <div
                class="emotion-14"
                data-testid="select-input"
              >
                <div
                  class="emotion-4"
                >
                  <div
                    class="emotion-5"
                  >
                    <input
                      aria-controls="select__00"
                      aria-expanded="false"
                      aria-invalid="false"
                      autocomplete="off"
                      class="emotion-17"
                      data-testid="input_select-input"
                      id="textfield__00"
                      placeholder=" "
                      readonly=""
                      role="combobox"
                      value="Chocolate"
                    />
                    <label
                      class="emotion-18"
                      for="textfield__00"
                    >
                      Label
                       
                    </label>
                  </div>
                  <div
                    aria-hidden="false"
                    class="emotion-19"
                  >
                    <div
                      class="emotion-9"
                    >
                      <div
                        class="emotion-21"
                        data-testid="select-right-icon"
                        tabindex="0"
                      >
                        <svg
                          class="emotion-22"
                          fill="none"
                          viewBox="0 0 20 20"
                          xmlns="http://www.w3.org/2000/svg"
                        >
                          <path
                            clip-rule="evenodd"
                            d="M6.09346 8.31215C5.65924 7.79108 6.02976 7 6.70803 7H13.292C13.9702 7 14.3408 7.79109 13.9065 8.31215L10.6146 12.2625C10.2947 12.6463 9.70526 12.6463 9.38542 12.2625L6.09346 8.31215Z"
                            fill="#6265AD"
                            fill-rule="evenodd"
                          />
                        </svg>
                      </div>
                    </div>
                  </div>
                </div>
              </div>
            </div>
          </div>
        </div>
      </div>
    </div>
  </div>
</div>