.emotion-0 {
  display: -webkit-box;
  display: -webkit-flex;
  display: -ms-flexbox;
  display: flex;
  -webkit-flex-direction: column;
  -ms-flex-direction: column;
  flex-direction: column;
  gap: 32px;
}

.emotion-1 {
  display: -webkit-box;
  display: -webkit-flex;
  display: -ms-flexbox;
  display: flex;
  -webkit-flex-direction: column;
  -ms-flex-direction: column;
  flex-direction: column;
  width: -webkit-fit-content;
  width: -moz-fit-content;
  width: fit-content;
}

.emotion-2 {
  display: -webkit-box;
  display: -webkit-flex;
  display: -ms-flexbox;
  display: flex;
  position: relative;
  isolation: isolate;
}

.emotion-2 [role='tab'] {
  box-sizing: border-box;
  position: relative;
  font-family: Roboto;
  font-weight: 400;
  line-height: 1.375rem;
  font-size: 1rem;
  letter-spacing: 0.015625rem;
}

.emotion-2 [role='tab'][data-disabled] {
  cursor: default;
}

.emotion-2 [role='tab'][data-selected] {
  font-family: Roboto;
  font-weight: 700;
  line-height: 1.375rem;
  font-size: 1rem;
  letter-spacing: 0.00625rem;
}

.emotion-2 [role='tab']:not([data-selected], [data-disabled]):hover {
  background-color: #F2F4FF;
  -webkit-transition: background-color ease-out 150ms;
  transition: background-color ease-out 150ms;
}

.emotion-2 [role='tab'][data-focus-visible]::after {
  content: '';
  position: absolute;
  border-radius: 0.125rem;
  border: 0.25rem solid #A566FF;
}

.emotion-2 [role='tab'][data-status='warning'] [data-role='title'] {
  color: #BF1250;
}

.emotion-2 [role='tab'][data-selected]:not([data-status='warning']) [data-role='title'] {
  color: #194DCC;
}

.emotion-2[data-orientation='horizontal'] {
  gap: 1.25rem;
}

.emotion-2[data-orientation='horizontal']::before {
  content: '';
  position: absolute;
  bottom: 0;
  left: 0;
  width: 100%;
  height: 0.125rem;
  background-color: rgba(200,206,255,0.70);
}

.emotion-2[data-orientation='horizontal'] [role='tab'] {
  border-bottom: 0.125rem solid transparent;
  padding: 0.75rem 0.5rem calc(0.75rem - 0.125rem);
}

.emotion-2[data-orientation='horizontal'] [role='tab']:not([data-selected]):hover {
  border-bottom: 0.125rem solid rgba(200,206,255,0.70);
}

.emotion-2[data-orientation='horizontal'] [role='tab'][data-focus-visible]::after {
  inset: -0.125rem;
}

.emotion-2[data-orientation='horizontal'] [role='tab'][data-selected] {
  border-bottom: 0.125rem solid #175BF5;
}

.emotion-2[data-orientation='horizontal'] [role='tab'][data-selected][data-status='warning'] {
  border-color: #FF4D8D;
}

.emotion-2[data-orientation='vertical'] {
  -webkit-flex-direction: column;
  -ms-flex-direction: column;
  flex-direction: column;
  gap: 1rem;
}

.emotion-2[data-orientation='vertical']::before {
  content: '';
  position: absolute;
  bottom: 0;
  left: 0;
  height: 100%;
  width: 0.125rem;
  background-color: rgba(200,206,255,0.70);
}

.emotion-2[data-orientation='vertical'] [role='tab'][data-focus-visible]::after {
  inset: -0.125rem;
}

.emotion-2[data-orientation='vertical'] [role='tab']:not([data-selected]):hover {
  border-left: 0.125rem solid rgba(200,206,255,0.70);
}

.emotion-2[data-orientation='vertical'] [role='tab'] {
  border-left: 0.125rem solid transparent;
  padding: 0.75rem 0.75rem 0.75rem calc(0.75rem - 0.125rem);
}

.emotion-2[data-orientation='vertical'] [role='tab'][data-selected] {
  border-left: 0.125rem solid #175BF5;
}

.emotion-2[data-orientation='vertical'] [role='tab'][data-selected][data-status='warning'] {
  border-color: #FF4D8D;
}

.emotion-3 {
  box-sizing: border-box;
  cursor: pointer;
  display: -webkit-box;
  display: -webkit-flex;
  display: -ms-flexbox;
  display: flex;
  -webkit-flex-direction: column;
  -ms-flex-direction: column;
  flex-direction: column;
}

.emotion-4 {
  display: -webkit-box;
  display: -moz-box;
  display: -ms-flexbox;
  display: -webkit-box;
  display: -webkit-flex;
  display: -ms-flexbox;
  display: flex;
  box-sizing: border-box;
  -webkit-flex-direction: column;
  -ms-flex-direction: column;
  flex-direction: column;
  gap: 0.25rem;
}

.emotion-5 {
  display: -webkit-box;
  display: -moz-box;
  display: -ms-flexbox;
  display: -webkit-box;
  display: -webkit-flex;
  display: -ms-flexbox;
  display: flex;
  -webkit-align-items: center;
  -moz-box-align: center;
  -ms-flex-align: center;
  -webkit-align-items: center;
  -webkit-box-align: center;
  -ms-flex-align: center;
  align-items: center;
  gap: 0.5rem;
}

.emotion-17 {
  font-family: Roboto;
  font-weight: 400;
  line-height: 1rem;
  font-size: 0.75rem;
  letter-spacing: 0.015625rem;
  color: #52567a;
}

<div>
  <div
    class="emotion-0"
  >
    <template
      data-react-aria-hidden="true"
    />
    <div
      class="emotion-1"
      data-orientation="horizontal"
      data-rac=""
    >
      <div
        aria-orientation="horizontal"
        class="emotion-2"
        data-collection="react-aria-:test-id:"
        data-orientation="horizontal"
        data-rac=""
        id="react-aria-:test-id:"
        role="tablist"
      >
        <div
          aria-controls="react-aria-:test-id:-tabpanel-step_1"
          aria-selected="true"
          class="emotion-3"
          data-collection="react-aria-:test-id:"
          data-key="step_1"
          data-rac=""
          data-selected="true"
          data-status="pending"
          id="react-aria-:test-id:-tab-step_1"
          role="tab"
          tabindex="0"
        >
          <div
            class="emotion-4"
          >
            <div
              class="emotion-5"
              data-role="title"
              data-testid="ictinus_tabstep_step_1_title"
            >
              Step 1
            </div>
          </div>
        </div>
        <div
          aria-selected="false"
          class="emotion-3"
          data-collection="react-aria-:test-id:"
          data-key="step_2"
          data-rac=""
          data-status="pending"
          id="react-aria-:test-id:-tab-step_2"
          role="tab"
          tabindex="-1"
        >
          <div
            class="emotion-4"
          >
            <div
              class="emotion-5"
              data-role="title"
              data-testid="ictinus_tabstep_step_2_title"
            >
              Step 2
            </div>
          </div>
        </div>
        <div
          aria-selected="false"
          class="emotion-3"
          data-collection="react-aria-:test-id:"
          data-key="step_3"
          data-rac=""
          data-status="pending"
          id="react-aria-:test-id:-tab-step_3"
          role="tab"
          tabindex="-1"
        >
          <div
            class="emotion-4"
          >
            <div
              class="emotion-5"
              data-role="title"
              data-testid="ictinus_tabstep_step_3_title"
            >
              Step 3
            </div>
          </div>
        </div>
      </div>
    </div>
    <template
      data-react-aria-hidden="true"
    />
    <div
      class="emotion-1"
      data-orientation="horizontal"
      data-rac=""
    >
      <div
        aria-orientation="horizontal"
        class="emotion-2"
        data-collection="react-aria-:test-id:"
        data-orientation="horizontal"
        data-rac=""
        id="react-aria-:test-id:"
        role="tablist"
      >
        <div
          aria-controls="react-aria-:test-id:-tabpanel-step_1"
          aria-selected="true"
          class="emotion-3"
          data-collection="react-aria-:test-id:"
          data-key="step_1"
          data-rac=""
          data-selected="true"
          data-status="pending"
          id="react-aria-:test-id:-tab-step_1"
          role="tab"
          tabindex="0"
        >
          <div
            class="emotion-4"
          >
            <div
              class="emotion-5"
              data-role="title"
              data-testid="ictinus_tabstep_step_1_title"
            >
              Step 1
            </div>
            <div
              class="emotion-17"
              data-role="subtitle"
              data-testid="ictinus_tabstep_step_1_subtitle"
            >
              This is subtitle for step 1
            </div>
          </div>
        </div>
        <div
          aria-selected="false"
          class="emotion-3"
          data-collection="react-aria-:test-id:"
          data-key="step_2"
          data-rac=""
          data-status="pending"
          id="react-aria-:test-id:-tab-step_2"
          role="tab"
          tabindex="-1"
        >
          <div
            class="emotion-4"
          >
            <div
              class="emotion-5"
              data-role="title"
              data-testid="ictinus_tabstep_step_2_title"
            >
              Step 2
            </div>
            <div
              class="emotion-17"
              data-role="subtitle"
              data-testid="ictinus_tabstep_step_2_subtitle"
            >
              This is subtitle for step 2
            </div>
          </div>
        </div>
        <div
          aria-selected="false"
          class="emotion-3"
          data-collection="react-aria-:test-id:"
          data-key="step_3"
          data-rac=""
          data-status="pending"
          id="react-aria-:test-id:-tab-step_3"
          role="tab"
          tabindex="-1"
        >
          <div
            class="emotion-4"
          >
            <div
              class="emotion-5"
              data-role="title"
              data-testid="ictinus_tabstep_step_3_title"
            >
              Step 3
            </div>
            <div
              class="emotion-17"
              data-role="subtitle"
              data-testid="ictinus_tabstep_step_3_subtitle"
            >
              This is subtitle for step 3
            </div>
          </div>
        </div>
      </div>
    </div>
  </div>
</div>