.emotion-0 {
  display: -webkit-box;
  display: -webkit-flex;
  display: -ms-flexbox;
  display: flex;
  -webkit-flex-direction: column;
  -ms-flex-direction: column;
  flex-direction: column;
  -webkit-box-flex-wrap: wrap;
  -webkit-flex-wrap: wrap;
  -ms-flex-wrap: wrap;
  flex-wrap: wrap;
}

.emotion-1 {
  display: -webkit-box;
  display: -moz-box;
  display: -ms-flexbox;
  display: -webkit-box;
  display: -webkit-flex;
  display: -ms-flexbox;
  display: flex;
}

.emotion-1 div:last-child {
  width: 1.25rem;
}

.emotion-2 {
  z-index: 6;
  width: 1rem;
}

.emotion-3 {
  display: -webkit-box;
  display: -moz-box;
  display: -ms-flexbox;
  display: -webkit-box;
  display: -webkit-flex;
  display: -ms-flexbox;
  display: flex;
  width: 1.25rem;
  height: 1.25rem;
  border-radius: 6.25rem;
  border: 0.0625rem solid;
  border-color: #b9cdfc;
  box-sizing: border-box;
  background-color: #e7eefe;
  color: #1249C4;
  overflow: hidden;
  position: relative;
  -webkit-align-items: center;
  -webkit-box-align: center;
  -ms-flex-align: center;
  align-items: center;
  -webkit-flex-shrink: 0;
  -ms-flex-negative: 0;
  flex-shrink: 0;
  -webkit-user-select: none;
  -moz-user-select: none;
  -ms-user-select: none;
  user-select: none;
  -webkit-box-pack: center;
  -ms-flex-pack: center;
  -webkit-justify-content: center;
  justify-content: center;
  font-family: Roboto;
  font-weight: 500;
  line-height: 0.875rem;
  font-size: 0.625rem;
  letter-spacing: 0.00625rem;
}

.emotion-3 img {
  border-radius: 6.25rem;
  width: 100%;
  height: 100%;
}

.emotion-4 {
  z-index: 5;
  width: 1rem;
}

.emotion-6 {
  z-index: 4;
  width: 1rem;
}

.emotion-8 {
  z-index: 3;
  width: 1rem;
}

.emotion-10 {
  z-index: 0;
  width: 1rem;
}

.emotion-12 {
  display: -webkit-box;
  display: -moz-box;
  display: -ms-flexbox;
  display: -webkit-box;
  display: -webkit-flex;
  display: -ms-flexbox;
  display: flex;
}

.emotion-12 div:last-child {
  width: 1.5rem;
}

.emotion-13 {
  z-index: 6;
  width: 1.2000000000000002rem;
}

.emotion-14 {
  display: -webkit-box;
  display: -moz-box;
  display: -ms-flexbox;
  display: -webkit-box;
  display: -webkit-flex;
  display: -ms-flexbox;
  display: flex;
  width: 1.5rem;
  height: 1.5rem;
  border-radius: 6.25rem;
  border: 0.0625rem solid;
  border-color: #b9cdfc;
  box-sizing: border-box;
  background-color: #e7eefe;
  color: #1249C4;
  overflow: hidden;
  position: relative;
  -webkit-align-items: center;
  -webkit-box-align: center;
  -ms-flex-align: center;
  align-items: center;
  -webkit-flex-shrink: 0;
  -ms-flex-negative: 0;
  flex-shrink: 0;
  -webkit-user-select: none;
  -moz-user-select: none;
  -ms-user-select: none;
  user-select: none;
  -webkit-box-pack: center;
  -ms-flex-pack: center;
  -webkit-justify-content: center;
  justify-content: center;
  font-family: Roboto;
  font-weight: 500;
  line-height: 1.125rem;
  font-size: 0.75rem;
  letter-spacing: 0.015625rem;
}

.emotion-14 img {
  border-radius: 6.25rem;
  width: 100%;
  height: 100%;
}

.emotion-15 {
  z-index: 5;
  width: 1.2000000000000002rem;
}

.emotion-17 {
  z-index: 4;
  width: 1.2000000000000002rem;
}

.emotion-19 {
  z-index: 3;
  width: 1.2000000000000002rem;
}

.emotion-21 {
  z-index: 0;
  width: 1.2000000000000002rem;
}

.emotion-23 {
  display: -webkit-box;
  display: -moz-box;
  display: -ms-flexbox;
  display: -webkit-box;
  display: -webkit-flex;
  display: -ms-flexbox;
  display: flex;
}

.emotion-23 div:last-child {
  width: 2rem;
}

.emotion-24 {
  z-index: 6;
  width: 1.6rem;
}

.emotion-25 {
  display: -webkit-box;
  display: -moz-box;
  display: -ms-flexbox;
  display: -webkit-box;
  display: -webkit-flex;
  display: -ms-flexbox;
  display: flex;
  width: 2rem;
  height: 2rem;
  border-radius: 6.25rem;
  border: 0.0625rem solid;
  border-color: #b9cdfc;
  box-sizing: border-box;
  background-color: #e7eefe;
  color: #1249C4;
  overflow: hidden;
  position: relative;
  -webkit-align-items: center;
  -webkit-box-align: center;
  -ms-flex-align: center;
  align-items: center;
  -webkit-flex-shrink: 0;
  -ms-flex-negative: 0;
  flex-shrink: 0;
  -webkit-user-select: none;
  -moz-user-select: none;
  -ms-user-select: none;
  user-select: none;
  -webkit-box-pack: center;
  -ms-flex-pack: center;
  -webkit-justify-content: center;
  justify-content: center;
  font-family: Roboto;
  font-weight: 500;
  line-height: 1.25rem;
  font-size: 0.875rem;
  letter-spacing: 0.015625rem;
}

.emotion-25 img {
  border-radius: 6.25rem;
  width: 100%;
  height: 100%;
}

.emotion-26 {
  z-index: 5;
  width: 1.6rem;
}

.emotion-28 {
  padding: 0.125rem;
  display: -webkit-box;
  display: -webkit-flex;
  display: -ms-flexbox;
  display: flex;
  -webkit-align-items: center;
  -webkit-box-align: center;
  -ms-flex-align: center;
  align-items: center;
  -webkit-box-pack: center;
  -ms-flex-pack: center;
  -webkit-justify-content: center;
  justify-content: center;
}

.emotion-29 {
  fill: #1249C4;
  width: 1.6rem;
  height: 1.6rem;
}

.emotion-29 * {
  fill: #1249C4;
}

.emotion-30 {
  z-index: 4;
  width: 1.6rem;
}

.emotion-32 {
  z-index: 0;
  width: 1.6rem;
}

.emotion-34 {
  display: -webkit-box;
  display: -moz-box;
  display: -ms-flexbox;
  display: -webkit-box;
  display: -webkit-flex;
  display: -ms-flexbox;
  display: flex;
}

.emotion-34 div:last-child {
  width: 3rem;
}

.emotion-35 {
  z-index: 6;
  width: 2.4000000000000004rem;
}

.emotion-36 {
  display: -webkit-box;
  display: -moz-box;
  display: -ms-flexbox;
  display: -webkit-box;
  display: -webkit-flex;
  display: -ms-flexbox;
  display: flex;
  width: 3rem;
  height: 3rem;
  border-radius: 6.25rem;
  border: 0.0625rem solid;
  border-color: #b9cdfc;
  box-sizing: border-box;
  background-color: #e7eefe;
  color: #1249C4;
  overflow: hidden;
  position: relative;
  -webkit-align-items: center;
  -webkit-box-align: center;
  -ms-flex-align: center;
  align-items: center;
  -webkit-flex-shrink: 0;
  -ms-flex-negative: 0;
  flex-shrink: 0;
  -webkit-user-select: none;
  -moz-user-select: none;
  -ms-user-select: none;
  user-select: none;
  -webkit-box-pack: center;
  -ms-flex-pack: center;
  -webkit-justify-content: center;
  justify-content: center;
  font-family: Roboto;
  font-weight: 500;
  line-height: 1.375rem;
  font-size: 1rem;
  letter-spacing: 0.00625rem;
}

.emotion-36 img {
  border-radius: 6.25rem;
  width: 100%;
  height: 100%;
}

.emotion-37 {
  z-index: 5;
  width: 2.4000000000000004rem;
}

.emotion-39 {
  z-index: 4;
  width: 2.4000000000000004rem;
}

.emotion-41 {
  z-index: 3;
  width: 2.4000000000000004rem;
}

.emotion-43 {
  z-index: 0;
  width: 2.4000000000000004rem;
}

.emotion-45 {
  display: -webkit-box;
  display: -moz-box;
  display: -ms-flexbox;
  display: -webkit-box;
  display: -webkit-flex;
  display: -ms-flexbox;
  display: flex;
}

.emotion-45 div:last-child {
  width: 4rem;
}

.emotion-46 {
  z-index: 5;
  width: 3.2rem;
}

.emotion-47 {
  display: -webkit-box;
  display: -moz-box;
  display: -ms-flexbox;
  display: -webkit-box;
  display: -webkit-flex;
  display: -ms-flexbox;
  display: flex;
  width: 4rem;
  height: 4rem;
  border-radius: 6.25rem;
  border: 0.0625rem solid;
  border-color: #b9cdfc;
  box-sizing: border-box;
  background-color: #e7eefe;
  color: #1249C4;
  overflow: hidden;
  position: relative;
  -webkit-align-items: center;
  -webkit-box-align: center;
  -ms-flex-align: center;
  align-items: center;
  -webkit-flex-shrink: 0;
  -ms-flex-negative: 0;
  flex-shrink: 0;
  -webkit-user-select: none;
  -moz-user-select: none;
  -ms-user-select: none;
  user-select: none;
  -webkit-box-pack: center;
  -ms-flex-pack: center;
  -webkit-justify-content: center;
  justify-content: center;
  font-family: Roboto;
  font-weight: 500;
  line-height: 2rem;
  font-size: 1.5rem;
  letter-spacing: 0rem;
}

.emotion-47 img {
  border-radius: 6.25rem;
  width: 100%;
  height: 100%;
}

.emotion-48 {
  z-index: 4;
  width: 3.2rem;
}

.emotion-50 {
  z-index: 3;
  width: 3.2rem;
}

.emotion-52 {
  z-index: 0;
  width: 3.2rem;
}

.emotion-54 {
  display: -webkit-box;
  display: -moz-box;
  display: -ms-flexbox;
  display: -webkit-box;
  display: -webkit-flex;
  display: -ms-flexbox;
  display: flex;
}

.emotion-54 div:last-child {
  width: 5.5rem;
}

.emotion-55 {
  z-index: 5;
  width: 4.4rem;
}

.emotion-56 {
  display: -webkit-box;
  display: -moz-box;
  display: -ms-flexbox;
  display: -webkit-box;
  display: -webkit-flex;
  display: -ms-flexbox;
  display: flex;
  width: 5.5rem;
  height: 5.5rem;
  border-radius: 6.25rem;
  border: 0.0625rem solid;
  border-color: #b9cdfc;
  box-sizing: border-box;
  background-color: #e7eefe;
  color: #1249C4;
  overflow: hidden;
  position: relative;
  -webkit-align-items: center;
  -webkit-box-align: center;
  -ms-flex-align: center;
  align-items: center;
  -webkit-flex-shrink: 0;
  -ms-flex-negative: 0;
  flex-shrink: 0;
  -webkit-user-select: none;
  -moz-user-select: none;
  -ms-user-select: none;
  user-select: none;
  -webkit-box-pack: center;
  -ms-flex-pack: center;
  -webkit-justify-content: center;
  justify-content: center;
  font-family: Roboto;
  font-weight: 500;
  line-height: 2.5rem;
  font-size: 2rem;
  letter-spacing: 0rem;
}

.emotion-56 img {
  border-radius: 6.25rem;
  width: 100%;
  height: 100%;
}

.emotion-57 {
  z-index: 4;
  width: 4.4rem;
}

.emotion-59 {
  z-index: 3;
  width: 4.4rem;
}

.emotion-61 {
  z-index: 0;
  width: 4.4rem;
}

<div>
  <div
    class="emotion-0"
  >
    <div
      style="margin: 5px;"
    >
      <div
        class="emotion-1"
        data-testid="avatarstack"
      >
        <div
          class="emotion-2"
        >
          <div
            class="emotion-3"
            data-testid="_avatar"
          >
            <img
              src="https://mui.com/static/images/avatar/6.jpg"
            />
          </div>
        </div>
        <div
          class="emotion-4"
        >
          <div
            class="emotion-3"
            data-testid="_avatar"
          >
            <img
              src="https://mui.com/static/images/avatar/5.jpg"
            />
          </div>
        </div>
        <div
          class="emotion-6"
        >
          <div
            class="emotion-3"
            data-testid="_avatar"
          >
            JN
          </div>
        </div>
        <div
          class="emotion-8"
        >
          <div
            class="emotion-3"
            data-testid="_avatar"
          >
            <img
              src="https://mui.com/static/images/avatar/3.jpg"
            />
          </div>
        </div>
        <div
          class="emotion-10"
        >
          <div
            class="emotion-3"
            data-testid="_avatar"
          >
            +
            2
          </div>
        </div>
      </div>
    </div>
    <div
      style="margin: 5px;"
    >
      <div
        class="emotion-12"
        data-testid="avatarstack"
      >
        <div
          class="emotion-13"
        >
          <div
            class="emotion-14"
            data-testid="_avatar"
          >
            <img
              src="https://mui.com/static/images/avatar/6.jpg"
            />
          </div>
        </div>
        <div
          class="emotion-15"
        >
          <div
            class="emotion-14"
            data-testid="_avatar"
          >
            <img
              src="https://mui.com/static/images/avatar/5.jpg"
            />
          </div>
        </div>
        <div
          class="emotion-17"
        >
          <div
            class="emotion-14"
            data-testid="_avatar"
          >
            JN
          </div>
        </div>
        <div
          class="emotion-19"
        >
          <div
            class="emotion-14"
            data-testid="_avatar"
          >
            <img
              src="https://mui.com/static/images/avatar/3.jpg"
            />
          </div>
        </div>
        <div
          class="emotion-21"
        >
          <div
            class="emotion-14"
            data-testid="_avatar"
          >
            +
            2
          </div>
        </div>
      </div>
    </div>
    <div
      style="margin: 5px;"
    >
      <div
        class="emotion-23"
        data-testid="avatarstack"
      >
        <div
          class="emotion-24"
        >
          <div
            class="emotion-25"
            data-testid="_avatar"
          >
            <img
              src="https://mui.com/static/images/avatar/6.jpg"
            />
          </div>
        </div>
        <div
          class="emotion-26"
        >
          <div
            class="emotion-25"
            data-testid="_avatar"
          >
            <span
              class="emotion-28"
            >
              <svg
                class="emotion-29"
                fill="none"
                viewBox="0 0 14 17"
                xmlns="http://www.w3.org/2000/svg"
              >
                <path
                  d="M6.96625 6.55647C8.77677 6.55647 10.2445 5.08876 10.2445 3.27824C10.2445 1.46772 8.77677 0 6.96625 0C5.15573 0 3.68801 1.46772 3.68801 3.27824C3.68801 5.08876 5.15573 6.55647 6.96625 6.55647Z"
                  fill="#54587F"
                />
                <path
                  d="M0 12.2113C0 12.1401 0.0171683 12.0699 0.0515269 12.0076C1.31285 9.7198 3.95046 8.09435 7 8.09435C10.0495 8.09435 12.6872 9.7198 13.9485 12.0076C13.9828 12.0699 14 12.1401 14 12.2113C14 12.2824 13.9828 12.3528 13.9483 12.4151C12.687 14.6941 10.0518 16.0044 7.00244 16.0044C3.95304 16.0044 1.31314 14.6941 0.0516988 12.4151C0.0172363 12.3528 0 12.2824 0 12.2113Z"
                  fill="#54587F"
                />
              </svg>
            </span>
          </div>
        </div>
        <div
          class="emotion-30"
        >
          <div
            class="emotion-25"
            data-testid="_avatar"
          >
            <img
              src="https://mui.com/static/images/avatar/4.jpg"
            />
          </div>
        </div>
        <div
          class="emotion-32"
        >
          <div
            class="emotion-25"
            data-testid="_avatar"
          >
            +
            3
          </div>
        </div>
      </div>
    </div>
    <div
      style="margin: 5px;"
    >
      <div
        class="emotion-34"
        data-testid="avatarstack"
      >
        <div
          class="emotion-35"
        >
          <div
            class="emotion-36"
            data-testid="_avatar"
          >
            <img
              src="https://mui.com/static/images/avatar/6.jpg"
            />
          </div>
        </div>
        <div
          class="emotion-37"
        >
          <div
            class="emotion-36"
            data-testid="_avatar"
          >
            <img
              src="https://mui.com/static/images/avatar/5.jpg"
            />
          </div>
        </div>
        <div
          class="emotion-39"
        >
          <div
            class="emotion-36"
            data-testid="_avatar"
          >
            <img
              src="https://mui.com/static/images/avatar/4.jpg"
            />
          </div>
        </div>
        <div
          class="emotion-41"
        >
          <div
            class="emotion-36"
            data-testid="_avatar"
          >
            <img
              src="https://mui.com/static/images/avatar/3.jpg"
            />
          </div>
        </div>
        <div
          class="emotion-43"
        >
          <div
            class="emotion-36"
            data-testid="_avatar"
          >
            +
            2
          </div>
        </div>
      </div>
    </div>
    <div
      style="margin: 5px;"
    >
      <div
        class="emotion-45"
        data-testid="avatarstack"
      >
        <div
          class="emotion-46"
        >
          <div
            class="emotion-47"
            data-testid="_avatar"
          >
            <img
              src="https://mui.com/static/images/avatar/6.jpg"
            />
          </div>
        </div>
        <div
          class="emotion-48"
        >
          <div
            class="emotion-47"
            data-testid="_avatar"
          >
            <img
              src="https://mui.com/static/images/avatar/4.jpg"
            />
          </div>
        </div>
        <div
          class="emotion-50"
        >
          <div
            class="emotion-47"
            data-testid="_avatar"
          >
            <img
              src="https://mui.com/static/images/avatar/3.jpg"
            />
          </div>
        </div>
        <div
          class="emotion-52"
        >
          <div
            class="emotion-47"
            data-testid="_avatar"
          >
            +
            2
          </div>
        </div>
      </div>
    </div>
    <div
      style="margin: 5px;"
    >
      <div
        class="emotion-54"
        data-testid="avatarstack"
      >
        <div
          class="emotion-55"
        >
          <div
            class="emotion-56"
            data-testid="_avatar"
          >
            <img
              src="https://mui.com/static/images/avatar/6.jpg"
            />
          </div>
        </div>
        <div
          class="emotion-57"
        >
          <div
            class="emotion-56"
            data-testid="_avatar"
          >
            <img
              src="https://mui.com/static/images/avatar/4.jpg"
            />
          </div>
        </div>
        <div
          class="emotion-59"
        >
          <div
            class="emotion-56"
            data-testid="_avatar"
          >
            <img
              src="https://mui.com/static/images/avatar/3.jpg"
            />
          </div>
        </div>
        <div
          class="emotion-61"
        >
          <div
            class="emotion-56"
            data-testid="_avatar"
          >
            +
            2
          </div>
        </div>
      </div>
    </div>
  </div>
</div>