.emotion-0 {
  background-color: #ffffff;
  padding: 0.25rem;
  margin-bottom: 0.75rem;
}

<div>
  <span
    class="emotion-0"
  >
    Padding 3
  </span>
</div>