.emotion-0 {
  color: #ffffff;
  background-color: #1B214F;
  margin-bottom: 0.75rem;
}

<div>
  <div
    class="emotion-0 emotion-1"
  >
    Background Inverted
  </div>
</div>