.emotion-0 {
  background-color: #ffffff;
  padding: 1.25rem 0;
}

<div>
  <div
    class="emotion-0 emotion-1"
  >
    Padding Vertical 7
  </div>
</div>