.emotion-0 {
  display: -webkit-box;
  display: -webkit-flex;
  display: -ms-flexbox;
  display: flex;
  -webkit-flex-direction: row;
  -ms-flex-direction: row;
  flex-direction: row;
  -webkit-box-flex-wrap: wrap;
  -webkit-flex-wrap: wrap;
  -ms-flex-wrap: wrap;
  flex-wrap: wrap;
  height: 28.125rem;
}

.emotion-1 {
  overflow: inherit;
  text-overflow: inherit;
  width: -webkit-max-content;
  width: -moz-max-content;
  width: max-content;
  height: inherit;
  position: relative;
}

.emotion-1 #unique-tooltip-id {
  display: none!important;
}

.emotion-2 {
  display: -webkit-box;
  display: -webkit-flex;
  display: -ms-flexbox;
  display: flex;
  -webkit-align-items: center;
  -webkit-box-align: center;
  -ms-flex-align: center;
  align-items: center;
  cursor: pointer;
  height: 2.25rem;
  padding: 0 1rem;
  max-width: 18.75rem;
  gap: 0.25rem;
  background-color: rgba(200,206,255,0.30);
  color: #194DCC;
  border: 0.0625rem solid #8EAAEC;
  border-radius: 6.25rem;
  font-family: Roboto;
  font-weight: 500;
  line-height: 1.25rem;
  font-size: 0.875rem;
  letter-spacing: 0.015625rem;
  -webkit-transition: background-color 0.1s ease-in-out;
  transition: background-color 0.1s ease-in-out;
  opacity: 1;
}

.emotion-2:not([disabled]):focus-visible,
.emotion-2:not([disabled]):hover {
  background-color: rgba(200,206,255,0.20);
}

.emotion-3 {
  text-overflow: ellipsis;
  overflow: hidden;
  white-space: nowrap;
}

.emotion-4 {
  -webkit-transform: rotate(0deg);
  -moz-transform: rotate(0deg);
  -ms-transform: rotate(0deg);
  transform: rotate(0deg);
  -webkit-transition: all 0.2s ease-in-out;
  -moz-transition: all 0.2s ease-in-out;
  -ms-transition: all 0.2s ease-in-out;
  -o-transition: all 0.2s ease-in-out;
  -webkit-transition: all 0.2s ease-in-out;
  transition: all 0.2s ease-in-out;
}

.emotion-5 {
  width: 1rem;
  height: 1rem;
  display: -webkit-box;
  display: -webkit-flex;
  display: -ms-flexbox;
  display: flex;
}

.emotion-6 {
  width: 1rem;
  height: 1rem;
}

.emotion-6 path {
  fill: #194DCC!important;
}

<div>
  <div
    class="emotion-0"
  >
    <div
      style="margin: 5px;"
    >
      <div>
        <div
          class="emotion-1"
        >
          <button
            class="emotion-2"
            data-active="false"
            data-testid="ictinus_filter_filter_button"
            type="button"
          >
            <div
              class="emotion-3"
              data-testid="ictinus_filter_filter_label"
            >
              Friends: All
            </div>
            <div
              class="emotion-4"
            >
              <div
                class="emotion-5"
              >
                <svg
                  class="emotion-6"
                  fill="none"
                  viewBox="0 0 20 20"
                  xmlns="http://www.w3.org/2000/svg"
                >
                  <path
                    clip-rule="evenodd"
                    d="M6.09346 8.31215C5.65924 7.79108 6.02976 7 6.70803 7H13.292C13.9702 7 14.3408 7.79109 13.9065 8.31215L10.6146 12.2625C10.2947 12.6463 9.70526 12.6463 9.38542 12.2625L6.09346 8.31215Z"
                    fill="#6265AD"
                    fill-rule="evenodd"
                  />
                </svg>
              </div>
            </div>
          </button>
        </div>
      </div>
    </div>
  </div>
</div>