.emotion-0 {
  display: -webkit-inline-box;
  display: -webkit-inline-flex;
  display: -ms-inline-flexbox;
  display: inline-flex;
  -webkit-flex-direction: column;
  -ms-flex-direction: column;
  flex-direction: column;
  -webkit-align-items: flex-start;
  -webkit-box-align: flex-start;
  -ms-flex-align: flex-start;
  align-items: flex-start;
  gap: 8px;
  container-type: inline-size;
  width: 100%;
}

.emotion-2 {
  --_border-width: 0.0625rem;
  --_outline-width: 0.25rem;
  --_min-height: 2.75rem;
  --_min-content-width: 6.25rem;
  box-sizing: border-box;
  position: relative;
  isolation: isolate;
  padding: calc(0.75rem - var(--_border-width)) calc(0.75rem - var(--_border-width));
  display: inline-grid;
  grid-template-columns: auto minmax(var(--_min-content-width), 1fr) auto;
  grid-template-areas: 'icon content actions close';
  -webkit-align-items: center;
  -webkit-box-align: center;
  -ms-flex-align: center;
  align-items: center;
  background: rgba(200,206,255,0.20);
  border-radius: 0.25rem;
  border: 1px solid rgba(200,206,255,0.70);
  -webkit-font-smoothing: antialiased;
  -moz-osx-font-smoothing: grayscale;
  font-family: sans-serif;
  min-height: var(--_min-height);
  outline: none;
  outline-offset: 2px;
  -webkit-transition: outline-offset 150ms cubic-bezier(0.4, 0, 0.2, 1);
  transition: outline-offset 150ms cubic-bezier(0.4, 0, 0.2, 1);
}

.emotion-2:focus-visible {
  outline-offset: 0;
  outline: var(--_outline-width) solid #A566FF;
}

.emotion-2:has([data-slot='button']) {
  padding: calc(0.5rem - var(--_border-width)) calc(0.75rem - var(--_border-width));
}

@container (max-width: calc(600px - 1px)) {
  .emotion-2 {
    grid-template-areas: 'icon content close' 'icon actions close';
    -webkit-align-items: flex-start;
    -webkit-box-align: flex-start;
    -ms-flex-align: flex-start;
    align-items: flex-start;
  }

  .emotion-2:has([data-slot='button']) {
    padding: calc(0.75rem - var(--_border-width)) calc(0.75rem - var(--_border-width));
  }
}

@media (prefers-reduced-motion) {
  .emotion-2 {
    -webkit-transition: none;
    transition: none;
  }
}

.emotion-3 {
  width: 1.25rem;
  height: 1.25rem;
  display: -webkit-box;
  display: -webkit-flex;
  display: -ms-flexbox;
  display: flex;
  grid-area: icon;
  margin-right: 0.75rem;
  pointer-events: none;
}

.emotion-4 {
  width: 1.25rem;
  height: 1.25rem;
}

.emotion-4 path {
  fill: #5E8DF8!important;
}

.emotion-5 {
  font-family: Roboto;
  font-weight: 400;
  line-height: 1.25rem;
  font-size: 0.875rem;
  letter-spacing: 0.015625rem;
  grid-area: content;
  cursor: default;
}

.emotion-6 {
  grid-area: actions;
  display: -webkit-box;
  display: -webkit-flex;
  display: -ms-flexbox;
  display: flex;
  -webkit-align-items: flex-start;
  -webkit-box-align: flex-start;
  -ms-flex-align: flex-start;
  align-items: flex-start;
  -webkit-box-flex-wrap: wrap;
  -webkit-flex-wrap: wrap;
  -ms-flex-wrap: wrap;
  flex-wrap: wrap;
  gap: 0.5rem;
  margin-left: 1.25rem;
}

@container (max-width: calc(600px - 1px)) {
  .emotion-6 {
    margin-left: 0;
    margin-top: 0.5rem;
  }
}

.emotion-7 {
  position: relative;
  width: -webkit-fit-content;
  width: -moz-fit-content;
  width: fit-content;
}

.emotion-8 {
  font-family: Roboto;
  font-weight: 500;
  line-height: 1rem;
  font-size: 0.75rem;
  letter-spacing: 0.015625rem;
  display: -webkit-box;
  display: -webkit-flex;
  display: -ms-flexbox;
  display: flex;
  -webkit-align-items: center;
  -webkit-box-align: center;
  -ms-flex-align: center;
  align-items: center;
  -webkit-box-pack: center;
  -ms-flex-pack: center;
  -webkit-justify-content: center;
  justify-content: center;
  color: #194DCC;
  height: 1.75rem;
  background-color: rgba(200,206,255,0);
  padding: 0rem 0.5rem 0rem 0.5rem;
  border-radius: 0.25rem;
  border: none;
  cursor: pointer;
  -webkit-transition: background-color,border 150ms linear;
  transition: background-color,border 150ms linear;
}

.emotion-8:focus-visible:not(:disabled) {
  background-color: rgba(200,206,255,0.20);
}

.emotion-8:disabled {
  opacity: 50%;
  cursor: not-allowed;
}

.emotion-8:hover:not(:disabled) {
  background-color: rgba(200,206,255,0.20);
}

.emotion-8:active:not(:disabled),
.emotion-8[aria-expanded="true"] {
  background-color: rgba(200,206,255,0.30);
}

.emotion-9 {
  display: -webkit-box;
  display: -webkit-flex;
  display: -ms-flexbox;
  display: flex;
  -webkit-align-items: center;
  -webkit-box-align: center;
  -ms-flex-align: center;
  align-items: center;
  -webkit-box-pack: center;
  -ms-flex-pack: center;
  -webkit-justify-content: center;
  justify-content: center;
  gap: 0.5rem;
}

.emotion-11 {
  font-family: Roboto;
  font-weight: 500;
  line-height: 1rem;
  font-size: 0.75rem;
  letter-spacing: 0.015625rem;
  display: -webkit-box;
  display: -webkit-flex;
  display: -ms-flexbox;
  display: flex;
  -webkit-align-items: center;
  -webkit-box-align: center;
  -ms-flex-align: center;
  align-items: center;
  -webkit-box-pack: center;
  -ms-flex-pack: center;
  -webkit-justify-content: center;
  justify-content: center;
  color: #ffffff;
  height: 1.75rem;
  background-color: #175BF5;
  padding: 0rem 0.5rem 0rem 0.5rem;
  border-radius: 0.25rem;
  border: none;
  cursor: pointer;
  -webkit-transition: background-color,border 150ms linear;
  transition: background-color,border 150ms linear;
}

.emotion-11:focus-visible:not(:disabled) {
  background-color: #5E8DF8;
}

.emotion-11:disabled {
  opacity: 50%;
  cursor: not-allowed;
}

.emotion-11:hover:not(:disabled) {
  background-color: #5E8DF8;
}

.emotion-11:active:not(:disabled),
.emotion-11[aria-expanded="true"] {
  background-color: #194DCC;
}

.emotion-13 {
  width: 1.25rem;
  height: 1.25rem;
  display: -webkit-box;
  display: -webkit-flex;
  display: -ms-flexbox;
  display: flex;
  cursor: pointer;
  grid-area: close;
  justify-self: end;
  margin-left: 1rem;
}

.emotion-13:hover,
.emotion-13:focus-visible {
  -webkit-transition: all 0.2s;
  transition: all 0.2s;
  border-radius: 100%;
  background: rgba(200,206,255,0.20);
  box-shadow: 0px 0px 0px 8px rgba(200,206,255,0.20);
}

.emotion-14 {
  width: 1.25rem;
  height: 1.25rem;
}

.emotion-14 path {
  fill: #52567a!important;
}

<div>
  <div
    class="emotion-0 emotion-1"
  >
    <div
      aria-describedby=":r1l:"
      aria-live="polite"
      class="emotion-2"
      data-slot="inline-alert"
      role="status"
      tabindex="0"
    >
      <div
        aria-hidden="true"
        class="emotion-3"
        role="img"
      >
        <svg
          class="emotion-4"
          fill="none"
          viewBox="0 0 20 20"
          xmlns="http://www.w3.org/2000/svg"
        >
          <path
            clip-rule="evenodd"
            d="M6.88122 17.3701C7.85478 17.79 8.89481 18 10.0013 18C11.1111 18 12.1541 17.7896 13.1301 17.3687C14.1062 16.9478 14.9553 16.3766 15.6773 15.6552C16.3994 14.9337 16.967 14.0884 17.3802 13.1192C17.7934 12.15 18 11.1104 18 10.0003C18 8.89025 17.7933 7.84706 17.3799 6.87073C16.9666 5.8944 16.3986 5.04513 15.6761 4.32292C14.9536 3.60072 14.1042 3.03301 13.1278 2.61981C12.1514 2.2066 11.1084 2 9.9987 2C8.89371 2 7.8553 2.20669 6.88345 2.62006C5.91159 3.03343 5.06506 3.60129 4.34387 4.32362C3.62269 5.04596 3.05175 5.89538 2.63105 6.87186C2.21035 7.84835 2 8.8915 2 10.0013C2 11.1078 2.21005 12.1476 2.63016 13.1208C3.05026 14.094 3.62041 14.9405 4.34059 15.6604C5.06076 16.3803 5.90763 16.9502 6.88122 17.3701ZM10.6094 13.7549C10.4461 13.9183 10.2495 14 10.0197 14C9.78983 14 9.59317 13.9183 9.42969 13.7549C9.26622 13.5914 9.18448 13.3948 9.18448 13.1651V10.0582C9.18448 9.82847 9.26613 9.63188 9.42944 9.46844C9.59274 9.30501 9.78931 9.2233 10.0192 9.2233C10.249 9.2233 10.4457 9.30501 10.6091 9.46844C10.7726 9.63188 10.8544 9.82847 10.8544 10.0582V13.1651C10.8544 13.3948 10.7727 13.5914 10.6094 13.7549ZM9.9751 7.90001C10.5964 7.90001 11.1001 7.39633 11.1001 6.77501C11.1001 6.15369 10.5964 5.65001 9.9751 5.65001C9.35378 5.65001 8.8501 6.15369 8.8501 6.77501C8.8501 7.39633 9.35378 7.90001 9.9751 7.90001Z"
            fill="#6265AD"
            fill-rule="evenodd"
          />
        </svg>
      </div>
      <div
        class="emotion-5"
      >
        Alert copy should be short, easy to understand and actionable.
      </div>
      <div
        class="emotion-6"
      >
        <div
          class="emotion-7"
        >
          <button
            class="emotion-8"
            data-slot="button"
            data-testid="button"
            type="button"
          >
            <span
              class="emotion-9"
            >
              <span>
                Tertiary
              </span>
            </span>
          </button>
        </div>
        <div
          class="emotion-7"
        >
          <button
            class="emotion-11"
            data-slot="button"
            data-testid="button"
            type="button"
          >
            <span
              class="emotion-9"
            >
              <span>
                Primary
              </span>
            </span>
          </button>
        </div>
      </div>
      <div
        aria-label="Dismiss notification"
        class="emotion-13"
        id=":r1l:"
        role="button"
        tabindex="0"
      >
        <svg
          class="emotion-14"
          fill="none"
          viewBox="0 0 20 20"
          xmlns="http://www.w3.org/2000/svg"
        >
          <path
            d="M10.0442 11.1281L6.40819 14.7495C6.24522 14.9118 6.0561 14.9941 5.84084 14.9965C5.62558 14.9988 5.43411 14.9165 5.26642 14.7495C5.09872 14.5824 5.01487 14.396 5.01487 14.19C5.01487 13.9841 5.09872 13.7976 5.26642 13.6306L8.92076 9.99085L5.24805 6.35114C5.08507 6.18882 5.0024 6.00656 5.00005 5.80435C4.99769 5.60216 5.08035 5.41756 5.24805 5.25054C5.41574 5.08351 5.60297 5 5.80975 5C6.01653 5 6.20377 5.08351 6.37145 5.25054L10.0074 8.85364L13.6067 5.26884C13.7697 5.10651 13.9588 5.02417 14.174 5.02183C14.3893 5.01947 14.5808 5.10181 14.7485 5.26884C14.9162 5.43585 15 5.62843 15 5.84658C15 6.06473 14.9162 6.25731 14.7485 6.42433L11.1309 10.0457L14.7668 13.6672C14.9176 13.8173 14.9941 13.9995 14.9965 14.2139C14.9988 14.4283 14.9223 14.6129 14.7668 14.7678C14.6114 14.9226 14.4303 15 14.2235 15C14.0167 15 13.8356 14.9226 13.6802 14.7678L10.0442 11.1281Z"
            fill="#6265AD"
          />
        </svg>
      </div>
    </div>
  </div>
</div>