.emotion-0 {
  display: -webkit-box;
  display: -webkit-flex;
  display: -ms-flexbox;
  display: flex;
  -webkit-flex-direction: row;
  -ms-flex-direction: row;
  flex-direction: row;
  -webkit-box-flex-wrap: wrap;
  -webkit-flex-wrap: wrap;
  -ms-flex-wrap: wrap;
  flex-wrap: wrap;
}

.emotion-1 {
  font-family: Roboto;
  font-weight: 400;
  line-height: 1.375rem;
  font-size: 1rem;
  letter-spacing: 0.015625rem;
  color: #111530;
}

.emotion-3 {
  display: -webkit-box;
  display: -webkit-flex;
  display: -ms-flexbox;
  display: flex;
  -webkit-box-pack: center;
  -ms-flex-pack: center;
  -webkit-justify-content: center;
  justify-content: center;
  -webkit-align-items: center;
  -webkit-box-align: center;
  -ms-flex-align: center;
  align-items: center;
  height: 1.5rem;
  width: -webkit-fit-content;
  width: -moz-fit-content;
  width: fit-content;
  box-sizing: border-box;
  gap: 0.25rem;
  padding: 0.25rem 0.5rem;
  cursor: auto;
  background: #ffffff;
  color: #194DCC;
  border: 0.0625rem solid;
  border-color: rgba(200,206,255,0.45);
  border-radius: 0.25rem;
  font-family: Roboto;
  font-weight: 500;
  line-height: 1.25rem;
  font-size: 0.875rem;
  letter-spacing: 0.015625rem;
}

.emotion-4 {
  display: -webkit-box;
  display: -webkit-flex;
  display: -ms-flexbox;
  display: flex;
  -webkit-box-pack: center;
  -ms-flex-pack: center;
  -webkit-justify-content: center;
  justify-content: center;
  -webkit-align-items: center;
  -webkit-box-align: center;
  -ms-flex-align: center;
  align-items: center;
  height: 1.5rem;
  width: -webkit-fit-content;
  width: -moz-fit-content;
  width: fit-content;
  box-sizing: border-box;
  gap: 0.25rem;
  padding: 0.25rem 0.5rem;
  cursor: auto;
  background: #E9EFFB;
  color: #194DCC;
  border: 0.0625rem solid;
  border-color: rgba(200,206,255,0.70);
  border-radius: 0.25rem;
  font-family: Roboto;
  font-weight: 500;
  line-height: 1.25rem;
  font-size: 0.875rem;
  letter-spacing: 0.015625rem;
}

.emotion-5 {
  display: -webkit-box;
  display: -webkit-flex;
  display: -ms-flexbox;
  display: flex;
  -webkit-box-pack: center;
  -ms-flex-pack: center;
  -webkit-justify-content: center;
  justify-content: center;
  -webkit-align-items: center;
  -webkit-box-align: center;
  -ms-flex-align: center;
  align-items: center;
  height: 1.5rem;
  width: -webkit-fit-content;
  width: -moz-fit-content;
  width: fit-content;
  box-sizing: border-box;
  gap: 0.25rem;
  padding: 0.25rem 0.5rem;
  cursor: auto;
  background: #FFEBF1;
  color: #BF1250;
  border: 0.0625rem solid;
  border-color: #FFB2CE;
  border-radius: 0.25rem;
  font-family: Roboto;
  font-weight: 500;
  line-height: 1.25rem;
  font-size: 0.875rem;
  letter-spacing: 0.015625rem;
}

.emotion-6 {
  display: -webkit-box;
  display: -webkit-flex;
  display: -ms-flexbox;
  display: flex;
  -webkit-box-pack: center;
  -ms-flex-pack: center;
  -webkit-justify-content: center;
  justify-content: center;
  -webkit-align-items: center;
  -webkit-box-align: center;
  -ms-flex-align: center;
  align-items: center;
  height: 1.5rem;
  width: -webkit-fit-content;
  width: -moz-fit-content;
  width: fit-content;
  box-sizing: border-box;
  gap: 0.25rem;
  padding: 0.25rem 0.5rem;
  cursor: auto;
  background: #F3EBFF;
  color: #5F33AC;
  border: 0.0625rem solid;
  border-color: #D8BDFF;
  border-radius: 0.25rem;
  font-family: Roboto;
  font-weight: 500;
  line-height: 1.25rem;
  font-size: 0.875rem;
  letter-spacing: 0.015625rem;
}

.emotion-7 {
  display: -webkit-box;
  display: -webkit-flex;
  display: -ms-flexbox;
  display: flex;
  -webkit-box-pack: center;
  -ms-flex-pack: center;
  -webkit-justify-content: center;
  justify-content: center;
  -webkit-align-items: center;
  -webkit-box-align: center;
  -ms-flex-align: center;
  align-items: center;
  height: 1.5rem;
  width: -webkit-fit-content;
  width: -moz-fit-content;
  width: fit-content;
  box-sizing: border-box;
  gap: 0.25rem;
  padding: 0.25rem 0.5rem;
  cursor: auto;
  background: #DCF9F2;
  color: #11695B;
  border: 0.0625rem solid;
  border-color: #86EAD1;
  border-radius: 0.25rem;
  font-family: Roboto;
  font-weight: 500;
  line-height: 1.25rem;
  font-size: 0.875rem;
  letter-spacing: 0.015625rem;
}

.emotion-8 {
  display: -webkit-box;
  display: -webkit-flex;
  display: -ms-flexbox;
  display: flex;
  -webkit-box-pack: center;
  -ms-flex-pack: center;
  -webkit-justify-content: center;
  justify-content: center;
  -webkit-align-items: center;
  -webkit-box-align: center;
  -ms-flex-align: center;
  align-items: center;
  height: 1.5rem;
  width: -webkit-fit-content;
  width: -moz-fit-content;
  width: fit-content;
  box-sizing: border-box;
  gap: 0.25rem;
  padding: 0.25rem 0.5rem;
  cursor: auto;
  background: #FFF0D1;
  color: #8B391D;
  border: 0.0625rem solid;
  border-color: #FFC95C;
  border-radius: 0.25rem;
  font-family: Roboto;
  font-weight: 500;
  line-height: 1.25rem;
  font-size: 0.875rem;
  letter-spacing: 0.015625rem;
}

.emotion-10 {
  display: -webkit-box;
  display: -webkit-flex;
  display: -ms-flexbox;
  display: flex;
  -webkit-box-pack: center;
  -ms-flex-pack: center;
  -webkit-justify-content: center;
  justify-content: center;
  -webkit-align-items: center;
  -webkit-box-align: center;
  -ms-flex-align: center;
  align-items: center;
  height: 1.25rem;
  width: -webkit-fit-content;
  width: -moz-fit-content;
  width: fit-content;
  box-sizing: border-box;
  gap: 0.25rem;
  padding: 0rem 0.25rem;
  cursor: auto;
  background: #ffffff;
  color: #194DCC;
  border: 0.0625rem solid;
  border-color: rgba(200,206,255,0.45);
  border-radius: 0.125rem;
  font-family: Roboto;
  font-weight: 500;
  line-height: 1rem;
  font-size: 0.75rem;
  letter-spacing: 0.015625rem;
}

.emotion-11 {
  display: -webkit-box;
  display: -webkit-flex;
  display: -ms-flexbox;
  display: flex;
  -webkit-box-pack: center;
  -ms-flex-pack: center;
  -webkit-justify-content: center;
  justify-content: center;
  -webkit-align-items: center;
  -webkit-box-align: center;
  -ms-flex-align: center;
  align-items: center;
  height: 1.25rem;
  width: -webkit-fit-content;
  width: -moz-fit-content;
  width: fit-content;
  box-sizing: border-box;
  gap: 0.25rem;
  padding: 0rem 0.25rem;
  cursor: auto;
  background: #E9EFFB;
  color: #194DCC;
  border: 0.0625rem solid;
  border-color: rgba(200,206,255,0.70);
  border-radius: 0.125rem;
  font-family: Roboto;
  font-weight: 500;
  line-height: 1rem;
  font-size: 0.75rem;
  letter-spacing: 0.015625rem;
}

.emotion-12 {
  display: -webkit-box;
  display: -webkit-flex;
  display: -ms-flexbox;
  display: flex;
  -webkit-box-pack: center;
  -ms-flex-pack: center;
  -webkit-justify-content: center;
  justify-content: center;
  -webkit-align-items: center;
  -webkit-box-align: center;
  -ms-flex-align: center;
  align-items: center;
  height: 1.25rem;
  width: -webkit-fit-content;
  width: -moz-fit-content;
  width: fit-content;
  box-sizing: border-box;
  gap: 0.25rem;
  padding: 0rem 0.25rem;
  cursor: auto;
  background: #FFEBF1;
  color: #BF1250;
  border: 0.0625rem solid;
  border-color: #FFB2CE;
  border-radius: 0.125rem;
  font-family: Roboto;
  font-weight: 500;
  line-height: 1rem;
  font-size: 0.75rem;
  letter-spacing: 0.015625rem;
}

.emotion-13 {
  display: -webkit-box;
  display: -webkit-flex;
  display: -ms-flexbox;
  display: flex;
  -webkit-box-pack: center;
  -ms-flex-pack: center;
  -webkit-justify-content: center;
  justify-content: center;
  -webkit-align-items: center;
  -webkit-box-align: center;
  -ms-flex-align: center;
  align-items: center;
  height: 1.25rem;
  width: -webkit-fit-content;
  width: -moz-fit-content;
  width: fit-content;
  box-sizing: border-box;
  gap: 0.25rem;
  padding: 0rem 0.25rem;
  cursor: auto;
  background: #F3EBFF;
  color: #5F33AC;
  border: 0.0625rem solid;
  border-color: #D8BDFF;
  border-radius: 0.125rem;
  font-family: Roboto;
  font-weight: 500;
  line-height: 1rem;
  font-size: 0.75rem;
  letter-spacing: 0.015625rem;
}

.emotion-14 {
  display: -webkit-box;
  display: -webkit-flex;
  display: -ms-flexbox;
  display: flex;
  -webkit-box-pack: center;
  -ms-flex-pack: center;
  -webkit-justify-content: center;
  justify-content: center;
  -webkit-align-items: center;
  -webkit-box-align: center;
  -ms-flex-align: center;
  align-items: center;
  height: 1.25rem;
  width: -webkit-fit-content;
  width: -moz-fit-content;
  width: fit-content;
  box-sizing: border-box;
  gap: 0.25rem;
  padding: 0rem 0.25rem;
  cursor: auto;
  background: #DCF9F2;
  color: #11695B;
  border: 0.0625rem solid;
  border-color: #86EAD1;
  border-radius: 0.125rem;
  font-family: Roboto;
  font-weight: 500;
  line-height: 1rem;
  font-size: 0.75rem;
  letter-spacing: 0.015625rem;
}

.emotion-15 {
  display: -webkit-box;
  display: -webkit-flex;
  display: -ms-flexbox;
  display: flex;
  -webkit-box-pack: center;
  -ms-flex-pack: center;
  -webkit-justify-content: center;
  justify-content: center;
  -webkit-align-items: center;
  -webkit-box-align: center;
  -ms-flex-align: center;
  align-items: center;
  height: 1.25rem;
  width: -webkit-fit-content;
  width: -moz-fit-content;
  width: fit-content;
  box-sizing: border-box;
  gap: 0.25rem;
  padding: 0rem 0.25rem;
  cursor: auto;
  background: #FFF0D1;
  color: #8B391D;
  border: 0.0625rem solid;
  border-color: #FFC95C;
  border-radius: 0.125rem;
  font-family: Roboto;
  font-weight: 500;
  line-height: 1rem;
  font-size: 0.75rem;
  letter-spacing: 0.015625rem;
}

.emotion-19 {
  display: -webkit-box;
  display: -webkit-flex;
  display: -ms-flexbox;
  display: flex;
  -webkit-box-pack: center;
  -ms-flex-pack: center;
  -webkit-justify-content: center;
  justify-content: center;
  -webkit-align-items: center;
  -webkit-box-align: center;
  -ms-flex-align: center;
  align-items: center;
  height: 1.5rem;
  width: -webkit-fit-content;
  width: -moz-fit-content;
  width: fit-content;
  box-sizing: border-box;
  gap: 0.25rem;
  padding: 0.25rem 0.5rem;
  cursor: pointer;
  background: rgba(200,206,255,0.30);
  color: #194DCC;
  border: 0.0625rem solid;
  border-color: #8EAAEC;
  border-radius: 0.25rem;
  font-family: Roboto;
  font-weight: 500;
  line-height: 1.25rem;
  font-size: 0.875rem;
  letter-spacing: 0.015625rem;
}

.emotion-19:hover {
  background: rgba(200,206,255,0.20);
}

.emotion-19:focus-visible {
  background: rgba(200,206,255,0.20);
  border-color: #175BF5;
}

.emotion-20 {
  display: -webkit-box;
  display: -webkit-flex;
  display: -ms-flexbox;
  display: flex;
  -webkit-box-pack: center;
  -ms-flex-pack: center;
  -webkit-justify-content: center;
  justify-content: center;
  -webkit-align-items: center;
  -webkit-box-align: center;
  -ms-flex-align: center;
  align-items: center;
  height: 1.5rem;
  width: -webkit-fit-content;
  width: -moz-fit-content;
  width: fit-content;
  box-sizing: border-box;
  gap: 0.25rem;
  padding: 0.25rem 0.5rem;
  cursor: pointer;
  background: rgba(200,206,255,0.20);
  color: #194DCC;
  border: 0.0625rem solid;
  border-color: #8EAAEC;
  border-radius: 0.25rem;
  font-family: Roboto;
  font-weight: 500;
  line-height: 1.25rem;
  font-size: 0.875rem;
  letter-spacing: 0.015625rem;
}

.emotion-20:hover {
  background: rgba(200,206,255,0.20);
}

.emotion-20:focus-visible {
  background: rgba(200,206,255,0.20);
  border-color: #175BF5;
}

.emotion-21 {
  width: 1rem;
  height: 1rem;
  display: -webkit-box;
  display: -webkit-flex;
  display: -ms-flexbox;
  display: flex;
}

.emotion-22 {
  width: 1rem;
  height: 1rem;
}

.emotion-22 path {
  fill: #194DCC!important;
}

.emotion-24 {
  display: -webkit-box;
  display: -webkit-flex;
  display: -ms-flexbox;
  display: flex;
  -webkit-box-pack: center;
  -ms-flex-pack: center;
  -webkit-justify-content: center;
  justify-content: center;
  -webkit-align-items: center;
  -webkit-box-align: center;
  -ms-flex-align: center;
  align-items: center;
  height: 1.25rem;
  width: -webkit-fit-content;
  width: -moz-fit-content;
  width: fit-content;
  box-sizing: border-box;
  gap: 0.25rem;
  padding: 0rem 0.25rem;
  cursor: pointer;
  background: rgba(200,206,255,0.30);
  color: #194DCC;
  border: 0.0625rem solid;
  border-color: #8EAAEC;
  border-radius: 0.125rem;
  font-family: Roboto;
  font-weight: 500;
  line-height: 1rem;
  font-size: 0.75rem;
  letter-spacing: 0.015625rem;
}

.emotion-24:hover {
  background: rgba(200,206,255,0.20);
}

.emotion-24:focus-visible {
  background: rgba(200,206,255,0.20);
  border-color: #175BF5;
}

.emotion-25 {
  display: -webkit-box;
  display: -webkit-flex;
  display: -ms-flexbox;
  display: flex;
  -webkit-box-pack: center;
  -ms-flex-pack: center;
  -webkit-justify-content: center;
  justify-content: center;
  -webkit-align-items: center;
  -webkit-box-align: center;
  -ms-flex-align: center;
  align-items: center;
  height: 1.25rem;
  width: -webkit-fit-content;
  width: -moz-fit-content;
  width: fit-content;
  box-sizing: border-box;
  gap: 0.25rem;
  padding: 0rem 0.25rem;
  cursor: pointer;
  background: rgba(200,206,255,0.20);
  color: #194DCC;
  border: 0.0625rem solid;
  border-color: #8EAAEC;
  border-radius: 0.125rem;
  font-family: Roboto;
  font-weight: 500;
  line-height: 1rem;
  font-size: 0.75rem;
  letter-spacing: 0.015625rem;
}

.emotion-25:hover {
  background: rgba(200,206,255,0.20);
}

.emotion-25:focus-visible {
  background: rgba(200,206,255,0.20);
  border-color: #175BF5;
}

.emotion-31 {
  display: -webkit-box;
  display: -webkit-flex;
  display: -ms-flexbox;
  display: flex;
  -webkit-box-pack: center;
  -ms-flex-pack: center;
  -webkit-justify-content: center;
  justify-content: center;
  -webkit-align-items: center;
  -webkit-box-align: center;
  -ms-flex-align: center;
  align-items: center;
  height: 1.5rem;
  width: -webkit-fit-content;
  width: -moz-fit-content;
  width: fit-content;
  box-sizing: border-box;
  gap: 0.25rem;
  padding: 0.25rem 0.5rem;
  cursor: auto;
  background: rgba(200,206,255,0.30);
  color: #194DCC;
  border: 0.0625rem solid;
  border-color: #8EAAEC;
  border-radius: 0.25rem;
  font-family: Roboto;
  font-weight: 500;
  line-height: 1.25rem;
  font-size: 0.875rem;
  letter-spacing: 0.015625rem;
}

.emotion-31:focus-visible {
  background: rgba(200,206,255,0.20);
  border-color: #175BF5;
}

.emotion-32 {
  width: 1rem;
  height: 1rem;
  display: -webkit-box;
  display: -webkit-flex;
  display: -ms-flexbox;
  display: flex;
  -webkit-align-items: center;
  -webkit-box-align: center;
  -ms-flex-align: center;
  align-items: center;
  -webkit-box-pack: center;
  -ms-flex-pack: center;
  -webkit-justify-content: center;
  justify-content: center;
  cursor: pointer;
}

.emotion-32:hover {
  background: rgba(200,206,255,0.20);
  border-radius: 6.25rem;
}

.emotion-33 {
  width: 1rem;
  height: 1rem;
  display: -webkit-box;
  display: -webkit-flex;
  display: -ms-flexbox;
  display: flex;
  cursor: pointer;
}

.emotion-36 {
  display: -webkit-box;
  display: -webkit-flex;
  display: -ms-flexbox;
  display: flex;
  -webkit-box-pack: center;
  -ms-flex-pack: center;
  -webkit-justify-content: center;
  justify-content: center;
  -webkit-align-items: center;
  -webkit-box-align: center;
  -ms-flex-align: center;
  align-items: center;
  height: 1.25rem;
  width: -webkit-fit-content;
  width: -moz-fit-content;
  width: fit-content;
  box-sizing: border-box;
  gap: 0.25rem;
  padding: 0rem 0.25rem;
  cursor: auto;
  background: rgba(200,206,255,0.30);
  color: #194DCC;
  border: 0.0625rem solid;
  border-color: #8EAAEC;
  border-radius: 0.125rem;
  font-family: Roboto;
  font-weight: 500;
  line-height: 1rem;
  font-size: 0.75rem;
  letter-spacing: 0.015625rem;
}

.emotion-36:focus-visible {
  background: rgba(200,206,255,0.20);
  border-color: #175BF5;
}

<div>
  <div
    class="emotion-0"
  >
    <div
      style="margin: 5px;"
    >
      <p
        class="emotion-1"
      >
        Read-only Tag
      </p>
    </div>
  </div>
  <div
    class="emotion-0"
  >
    <div
      style="margin: 5px;"
    >
      <div
        aria-label="Normal"
        aria-selected="false"
        class="emotion-3"
        data-testid="undefined_tag_container"
        tabindex="-1"
      >
        Normal
      </div>
    </div>
    <div
      style="margin: 5px;"
    >
      <div
        aria-label="Normal"
        aria-selected="false"
        class="emotion-4"
        data-testid="undefined_tag_container"
        tabindex="-1"
      >
        Normal
      </div>
    </div>
    <div
      style="margin: 5px;"
    >
      <div
        aria-label="Normal"
        aria-selected="false"
        class="emotion-5"
        data-testid="undefined_tag_container"
        tabindex="-1"
      >
        Normal
      </div>
    </div>
    <div
      style="margin: 5px;"
    >
      <div
        aria-label="Normal"
        aria-selected="false"
        class="emotion-6"
        data-testid="undefined_tag_container"
        tabindex="-1"
      >
        Normal
      </div>
    </div>
    <div
      style="margin: 5px;"
    >
      <div
        aria-label="Normal"
        aria-selected="false"
        class="emotion-7"
        data-testid="undefined_tag_container"
        tabindex="-1"
      >
        Normal
      </div>
    </div>
    <div
      style="margin: 5px;"
    >
      <div
        aria-label="Normal"
        aria-selected="false"
        class="emotion-8"
        data-testid="undefined_tag_container"
        tabindex="-1"
      >
        Normal
      </div>
    </div>
  </div>
  <div
    class="emotion-0"
  >
    <div
      style="margin: 5px;"
    >
      <div
        aria-label="Small"
        aria-selected="false"
        class="emotion-10"
        data-testid="undefined_tag_container"
        tabindex="-1"
      >
        Small
      </div>
    </div>
    <div
      style="margin: 5px;"
    >
      <div
        aria-label="Small"
        aria-selected="false"
        class="emotion-11"
        data-testid="undefined_tag_container"
        tabindex="-1"
      >
        Small
      </div>
    </div>
    <div
      style="margin: 5px;"
    >
      <div
        aria-label="Small"
        aria-selected="false"
        class="emotion-12"
        data-testid="undefined_tag_container"
        tabindex="-1"
      >
        Small
      </div>
    </div>
    <div
      style="margin: 5px;"
    >
      <div
        aria-label="Small"
        aria-selected="false"
        class="emotion-13"
        data-testid="undefined_tag_container"
        tabindex="-1"
      >
        Small
      </div>
    </div>
    <div
      style="margin: 5px;"
    >
      <div
        aria-label="Small"
        aria-selected="false"
        class="emotion-14"
        data-testid="undefined_tag_container"
        tabindex="-1"
      >
        Small
      </div>
    </div>
    <div
      style="margin: 5px;"
    >
      <div
        aria-label="Small"
        aria-selected="false"
        class="emotion-15"
        data-testid="undefined_tag_container"
        tabindex="-1"
      >
        Small
      </div>
    </div>
  </div>
  <div
    class="emotion-0"
  >
    <div
      style="margin: 5px;"
    >
      <p
        class="emotion-1"
      >
        Selectable Tag
      </p>
    </div>
  </div>
  <div
    class="emotion-0"
  >
    <div
      style="margin: 5px;"
    >
      <div
        aria-label="Normal"
        aria-selected="false"
        class="emotion-19"
        data-testid="undefined_tag_container"
        tabindex="0"
      >
        Normal
      </div>
    </div>
    <div
      style="margin: 5px;"
    >
      <div
        aria-label="Normal"
        aria-selected="true"
        class="emotion-20"
        data-testid="undefined_tag_container"
        tabindex="0"
      >
        <div
          class="emotion-21"
          data-testid="undefined_tag_prefix"
        >
          <svg
            class="emotion-22"
            fill="none"
            viewBox="0 0 20 20"
            xmlns="http://www.w3.org/2000/svg"
          >
            <path
              d="M7.98578 15C7.86013 15 7.73789 14.9759 7.61906 14.9277C7.50021 14.8796 7.38896 14.8 7.28531 14.6891L3.75302 10.9092C3.58026 10.7244 3.49597 10.5031 3.50015 10.2454C3.50434 9.9877 3.59282 9.76641 3.76558 9.58154C3.93834 9.39666 4.14304 9.30421 4.37969 9.30421C4.61632 9.30421 4.82101 9.39666 4.99377 9.58154L7.98578 12.7832L15.0001 5.27733C15.1729 5.09244 15.3797 5 15.6205 5C15.8613 5 16.0681 5.09244 16.2409 5.27733C16.4136 5.4622 16.5 5.68348 16.5 5.94118C16.5 6.19888 16.4136 6.42016 16.2409 6.60503L8.68626 14.6891C8.5826 14.8 8.47135 14.8796 8.35251 14.9277C8.23368 14.9759 8.11143 15 7.98578 15Z"
              fill="#6265AD"
            />
          </svg>
        </div>
        Normal
      </div>
    </div>
  </div>
  <div
    class="emotion-0"
  >
    <div
      style="margin: 5px;"
    >
      <div
        aria-label="Small"
        aria-selected="false"
        class="emotion-24"
        data-testid="undefined_tag_container"
        tabindex="0"
      >
        Small
      </div>
    </div>
    <div
      style="margin: 5px;"
    >
      <div
        aria-label="Small"
        aria-selected="true"
        class="emotion-25"
        data-testid="undefined_tag_container"
        tabindex="0"
      >
        <div
          class="emotion-21"
          data-testid="undefined_tag_prefix"
        >
          <svg
            class="emotion-22"
            fill="none"
            viewBox="0 0 20 20"
            xmlns="http://www.w3.org/2000/svg"
          >
            <path
              d="M7.98578 15C7.86013 15 7.73789 14.9759 7.61906 14.9277C7.50021 14.8796 7.38896 14.8 7.28531 14.6891L3.75302 10.9092C3.58026 10.7244 3.49597 10.5031 3.50015 10.2454C3.50434 9.9877 3.59282 9.76641 3.76558 9.58154C3.93834 9.39666 4.14304 9.30421 4.37969 9.30421C4.61632 9.30421 4.82101 9.39666 4.99377 9.58154L7.98578 12.7832L15.0001 5.27733C15.1729 5.09244 15.3797 5 15.6205 5C15.8613 5 16.0681 5.09244 16.2409 5.27733C16.4136 5.4622 16.5 5.68348 16.5 5.94118C16.5 6.19888 16.4136 6.42016 16.2409 6.60503L8.68626 14.6891C8.5826 14.8 8.47135 14.8796 8.35251 14.9277C8.23368 14.9759 8.11143 15 7.98578 15Z"
              fill="#6265AD"
            />
          </svg>
        </div>
        Small
      </div>
    </div>
  </div>
  <div
    class="emotion-0"
  >
    <div
      style="margin: 5px;"
    >
      <p
        class="emotion-1"
      >
        Clearable Tag
      </p>
    </div>
  </div>
  <div
    class="emotion-0"
  >
    <div
      style="margin: 5px;"
    >
      <div
        aria-label="Normal"
        aria-selected="false"
        class="emotion-31"
        data-testid="undefined_tag_container"
        tabindex="0"
      >
        Normal
        <div
          aria-hidden="true"
          class="emotion-32"
          tabindex="-1"
        >
          <div
            class="emotion-33"
            data-testid="undefined_tag_suffix"
            tabindex="0"
          >
            <svg
              class="emotion-22"
              fill="none"
              viewBox="0 0 20 20"
              xmlns="http://www.w3.org/2000/svg"
            >
              <path
                d="M10.0442 11.1281L6.40819 14.7495C6.24522 14.9118 6.0561 14.9941 5.84084 14.9965C5.62558 14.9988 5.43411 14.9165 5.26642 14.7495C5.09872 14.5824 5.01487 14.396 5.01487 14.19C5.01487 13.9841 5.09872 13.7976 5.26642 13.6306L8.92076 9.99085L5.24805 6.35114C5.08507 6.18882 5.0024 6.00656 5.00005 5.80435C4.99769 5.60216 5.08035 5.41756 5.24805 5.25054C5.41574 5.08351 5.60297 5 5.80975 5C6.01653 5 6.20377 5.08351 6.37145 5.25054L10.0074 8.85364L13.6067 5.26884C13.7697 5.10651 13.9588 5.02417 14.174 5.02183C14.3893 5.01947 14.5808 5.10181 14.7485 5.26884C14.9162 5.43585 15 5.62843 15 5.84658C15 6.06473 14.9162 6.25731 14.7485 6.42433L11.1309 10.0457L14.7668 13.6672C14.9176 13.8173 14.9941 13.9995 14.9965 14.2139C14.9988 14.4283 14.9223 14.6129 14.7668 14.7678C14.6114 14.9226 14.4303 15 14.2235 15C14.0167 15 13.8356 14.9226 13.6802 14.7678L10.0442 11.1281Z"
                fill="#6265AD"
              />
            </svg>
          </div>
        </div>
      </div>
    </div>
  </div>
  <div
    class="emotion-0"
  >
    <div
      style="margin: 5px;"
    >
      <div
        aria-label="Small"
        aria-selected="false"
        class="emotion-36"
        data-testid="undefined_tag_container"
        tabindex="0"
      >
        Small
        <div
          aria-hidden="true"
          class="emotion-32"
          tabindex="-1"
        >
          <div
            class="emotion-33"
            data-testid="undefined_tag_suffix"
            tabindex="0"
          >
            <svg
              class="emotion-22"
              fill="none"
              viewBox="0 0 20 20"
              xmlns="http://www.w3.org/2000/svg"
            >
              <path
                d="M10.0442 11.1281L6.40819 14.7495C6.24522 14.9118 6.0561 14.9941 5.84084 14.9965C5.62558 14.9988 5.43411 14.9165 5.26642 14.7495C5.09872 14.5824 5.01487 14.396 5.01487 14.19C5.01487 13.9841 5.09872 13.7976 5.26642 13.6306L8.92076 9.99085L5.24805 6.35114C5.08507 6.18882 5.0024 6.00656 5.00005 5.80435C4.99769 5.60216 5.08035 5.41756 5.24805 5.25054C5.41574 5.08351 5.60297 5 5.80975 5C6.01653 5 6.20377 5.08351 6.37145 5.25054L10.0074 8.85364L13.6067 5.26884C13.7697 5.10651 13.9588 5.02417 14.174 5.02183C14.3893 5.01947 14.5808 5.10181 14.7485 5.26884C14.9162 5.43585 15 5.62843 15 5.84658C15 6.06473 14.9162 6.25731 14.7485 6.42433L11.1309 10.0457L14.7668 13.6672C14.9176 13.8173 14.9941 13.9995 14.9965 14.2139C14.9988 14.4283 14.9223 14.6129 14.7668 14.7678C14.6114 14.9226 14.4303 15 14.2235 15C14.0167 15 13.8356 14.9226 13.6802 14.7678L10.0442 11.1281Z"
                fill="#6265AD"
              />
            </svg>
          </div>
        </div>
      </div>
    </div>
  </div>
</div>