.emotion-0 {
  display: inline-block;
  border: 0.0625rem solid rgba(200,206,255,0.70);
  border-radius: 0.25rem;
  background: #ffffff;
}

.emotion-1 {
  padding: 0.5rem 1rem;
  border-bottom: 0.0625rem solid rgba(200,206,255,0.70);
  display: -webkit-box;
  display: -webkit-flex;
  display: -ms-flexbox;
  display: flex;
  -webkit-box-pack: justify;
  -webkit-justify-content: space-between;
  justify-content: space-between;
  height: 2.75rem;
  box-sizing: border-box;
}

.emotion-2 {
  display: -webkit-box;
  display: -webkit-flex;
  display: -ms-flexbox;
  display: flex;
  -webkit-align-items: center;
  -webkit-box-align: center;
  -ms-flex-align: center;
  align-items: center;
  gap: 1rem;
}

.emotion-3 {
  display: -webkit-box;
  display: -webkit-flex;
  display: -ms-flexbox;
  display: flex;
  gap: 1rem;
}

.emotion-4 {
  position: relative;
  width: -webkit-fit-content;
  width: -moz-fit-content;
  width: fit-content;
}

.emotion-5 {
  font-family: Roboto;
  font-weight: 500;
  line-height: 1rem;
  font-size: 0.75rem;
  letter-spacing: 0.015625rem;
  display: -webkit-box;
  display: -webkit-flex;
  display: -ms-flexbox;
  display: flex;
  -webkit-align-items: center;
  -webkit-box-align: center;
  -ms-flex-align: center;
  align-items: center;
  -webkit-box-pack: center;
  -ms-flex-pack: center;
  -webkit-justify-content: center;
  justify-content: center;
  color: #194DCC;
  height: 1.75rem;
  background-color: rgba(200,206,255,0.30);
  padding: 0rem 0.5rem 0rem 0.5rem;
  border-radius: 0.25rem;
  border: none;
  cursor: pointer;
  -webkit-transition: background-color,border 150ms linear;
  transition: background-color,border 150ms linear;
}

.emotion-5:focus-visible:not(:disabled) {
  background-color: rgba(200,206,255,0.20);
}

.emotion-5:disabled {
  opacity: 50%;
  cursor: not-allowed;
}

.emotion-5:hover:not(:disabled) {
  background-color: rgba(200,206,255,0.20);
}

.emotion-5:active:not(:disabled),
.emotion-5[aria-expanded="true"] {
  background-color: rgba(200,206,255,0.45);
}

.emotion-6 {
  display: -webkit-box;
  display: -webkit-flex;
  display: -ms-flexbox;
  display: flex;
  -webkit-align-items: center;
  -webkit-box-align: center;
  -ms-flex-align: center;
  align-items: center;
  -webkit-box-pack: center;
  -ms-flex-pack: center;
  -webkit-justify-content: center;
  justify-content: center;
  gap: 0.5rem;
}

.emotion-7 {
  width: 100%;
  border-collapse: collapse;
  table-layout: fixed;
}

.emotion-7 thead>tr>th:last-child,
.emotion-7 tbody>tr>td:last-child {
  border-right: none;
}

.emotion-7 tbody>tr:last-child>td {
  border-bottom: none;
}

.emotion-8 {
  box-shadow: 0 0.0625rem 0 0 rgba(200,206,255,0.70);
}

.emotion-10 {
  width: 100%;
  height: 2.75rem;
  -webkit-align-content: center;
  -ms-flex-line-pack: center;
  align-content: center;
  text-align: left;
  box-sizing: border-box;
  padding: 0.5rem 1rem;
  color: #52567a;
  font-family: Roboto;
  font-weight: 400;
  line-height: 1.25rem;
  font-size: 0.875rem;
  letter-spacing: 0.015625rem;
}

.emotion-10 [data-header-role='options'] button {
  opacity: 0;
}

.emotion-10:hover [data-header-role='options'] button,
.emotion-10:focus-visible [data-header-role='options'] button {
  opacity: 1;
}

.emotion-10 button:focus-visible {
  opacity: 1;
}

.emotion-11 {
  display: -webkit-box;
  display: -webkit-flex;
  display: -ms-flexbox;
  display: flex;
  -webkit-align-items: center;
  -webkit-box-align: center;
  -ms-flex-align: center;
  align-items: center;
  gap: 0.5rem;
}

.emotion-12 {
  text-wrap: nowrap;
}

.emotion-24 {
  width: 100%;
  height: 2.75rem;
  padding: 0.5rem 1rem;
  border-bottom: 0.0625rem solid rgba(200,206,255,0.70);
  box-sizing: border-box;
  -webkit-align-content: center;
  -ms-flex-line-pack: center;
  align-content: center;
}

.emotion-25 {
  display: -webkit-box;
  display: -webkit-flex;
  display: -ms-flexbox;
  display: flex;
  -webkit-align-items: center;
  -webkit-box-align: center;
  -ms-flex-align: center;
  align-items: center;
  -webkit-box-pack: justify;
  -webkit-justify-content: space-between;
  justify-content: space-between;
}

<div>
  <div
    class="emotion-0"
  >
    <div
      class="emotion-1"
    >
      <div
        class="emotion-2"
      />
      <div
        class="emotion-3"
      >
        <div
          class="emotion-4"
        >
          <button
            aria-haspopup="true"
            aria-label="Menu"
            class="emotion-5"
            data-testid="button"
            type="button"
          >
            <span
              class="emotion-6"
            >
              <span>
                Edit Columns
              </span>
            </span>
          </button>
        </div>
      </div>
    </div>
    <table
      class="emotion-7"
    >
      <thead
        class="emotion-8"
      >
        <tr
          class="emotion-9"
        >
          <th
            class="emotion-10"
            colspan="1"
          >
            <div
              class="emotion-11"
            >
              <div
                class="emotion-12"
              >
                First Name
              </div>
            </div>
          </th>
          <th
            class="emotion-10"
            colspan="1"
          >
            <div
              class="emotion-11"
            >
              <div
                class="emotion-12"
              >
                Last Name
              </div>
            </div>
          </th>
          <th
            class="emotion-10"
            colspan="1"
          >
            <div
              class="emotion-11"
            >
              <div
                class="emotion-12"
              >
                Age
              </div>
            </div>
          </th>
          <th
            class="emotion-10"
            colspan="1"
          >
            <div
              class="emotion-11"
            >
              <div
                class="emotion-12"
              >
                Job
              </div>
            </div>
          </th>
        </tr>
      </thead>
      <tbody
        class="emotion-22"
      >
        <tr
          class="emotion-9"
        >
          <td
            class="emotion-24"
          >
            <div
              class="emotion-25"
            >
              Rachel
            </div>
          </td>
          <td
            class="emotion-24"
          >
            <div
              class="emotion-25"
            >
              Berry
            </div>
          </td>
          <td
            class="emotion-24"
          >
            <div
              class="emotion-25"
            >
              30
            </div>
          </td>
          <td
            class="emotion-24"
          >
            <div
              class="emotion-25"
            >
              Fashion Executive
            </div>
          </td>
        </tr>
        <tr
          class="emotion-9"
        >
          <td
            class="emotion-24"
          >
            <div
              class="emotion-25"
            >
              Ross
            </div>
          </td>
          <td
            class="emotion-24"
          >
            <div
              class="emotion-25"
            >
              Geller
            </div>
          </td>
          <td
            class="emotion-24"
          >
            <div
              class="emotion-25"
            >
              32
            </div>
          </td>
          <td
            class="emotion-24"
          >
            <div
              class="emotion-25"
            >
              Paleontologist
            </div>
          </td>
        </tr>
        <tr
          class="emotion-9"
        >
          <td
            class="emotion-24"
          >
            <div
              class="emotion-25"
            >
              Monica
            </div>
          </td>
          <td
            class="emotion-24"
          >
            <div
              class="emotion-25"
            >
              Geller
            </div>
          </td>
          <td
            class="emotion-24"
          >
            <div
              class="emotion-25"
            >
              31
            </div>
          </td>
          <td
            class="emotion-24"
          >
            <div
              class="emotion-25"
            >
              Chef
            </div>
          </td>
        </tr>
        <tr
          class="emotion-9"
        >
          <td
            class="emotion-24"
          >
            <div
              class="emotion-25"
            >
              Chandler
            </div>
          </td>
          <td
            class="emotion-24"
          >
            <div
              class="emotion-25"
            >
              Bing
            </div>
          </td>
          <td
            class="emotion-24"
          >
            <div
              class="emotion-25"
            >
              32
            </div>
          </td>
          <td
            class="emotion-24"
          >
            <div
              class="emotion-25"
            >
              ?
            </div>
          </td>
        </tr>
        <tr
          class="emotion-9"
        >
          <td
            class="emotion-24"
          >
            <div
              class="emotion-25"
            >
              Joey
            </div>
          </td>
          <td
            class="emotion-24"
          >
            <div
              class="emotion-25"
            >
              Tribbiani
            </div>
          </td>
          <td
            class="emotion-24"
          >
            <div
              class="emotion-25"
            >
              30
            </div>
          </td>
          <td
            class="emotion-24"
          >
            <div
              class="emotion-25"
            >
              Actor
            </div>
          </td>
        </tr>
        <tr
          class="emotion-9"
        >
          <td
            class="emotion-24"
          >
            <div
              class="emotion-25"
            >
              Phoebe
            </div>
          </td>
          <td
            class="emotion-24"
          >
            <div
              class="emotion-25"
            >
              Buffay
            </div>
          </td>
          <td
            class="emotion-24"
          >
            <div
              class="emotion-25"
            >
              31
            </div>
          </td>
          <td
            class="emotion-24"
          >
            <div
              class="emotion-25"
            >
              Massage Therapist
            </div>
          </td>
        </tr>
      </tbody>
    </table>
  </div>
</div>