<div>
  <div
    class="properties_padding_lg_xs__19njorxzg properties_backgroundColor_alt_base__19njorx1dq properties_height_screen_xs__19njorx90"
    data-ictinus="5.40.1"
  >
    <div
      class="properties_padding_md_xs__19njorxzc properties_marginBottom_5_xs__19njorxns properties_backgroundColor_default_base__19njorx1dm properties_display_flex_xs__19njorx2c properties_alignItems_center_xs__19njorx4 properties_justifyContent_space-between_xs__19njorx1g properties_borderRadius_2__19njorx1ap"
      data-ictinus="5.40.1"
    >
      Box
    </div>
    <div
      class="properties_padding_lg_xs__19njorxzg properties_marginBottom_5_xs__19njorxns properties_display_flex_xs__19njorx2c properties_alignItems_center_xs__19njorx4 properties_justifyContent_space-between_xs__19njorx1g properties_backgroundColor_default_base__19njorx1dm properties_borderRadius_2__19njorx1ap"
      data-ictinus="5.40.1"
      data-testid="box-2"
    >
      <span
        class="properties_color_primary_base__19njorx1u6 properties_fontFamily_mono__19njorx1bo"
        data-ictinus="5.40.1"
      >
        Box
      </span>
    </div>
    <div
      class="properties_borderBottomWidth_1__19njorx1b1 properties_borderLeftWidth_1__19njorx1ak properties_borderRightWidth_1__19njorx1av properties_borderTopWidth_1__19njorx1ay properties_padding_12_xs__19njorxys properties_marginBottom_5_xs__19njorxns properties_backgroundColor_alt_base__19njorx1dq properties_borderColor_decorative.default_base__19njorx1n6 properties_borderStyle_solid__19njorx1ai properties_borderRadius_3__19njorx1aq properties_boxShadow_2__19njorx1b6 properties_color_primary_base__19njorx1u6"
      data-ictinus="5.40.1"
    >
      Box
    </div>
  </div>
</div>