<div>
  <div
    class="sprinkles_padding_lg_xs__1yec1s0120 sprinkles_backgroundColor_alt_base__1yec1s01fb sprinkles_height_screen_xs__1yec1s090"
  >
    <div
      class="sprinkles_padding_lg_xs__1yec1s0120 sprinkles_marginBottom_5_xs__1yec1s0qc sprinkles_backgroundColor_default_base__1yec1s01f7 sprinkles_display_flex_xs__1yec1s02c sprinkles_alignItems_center_xs__1yec1s04 sprinkles_justifyContent_space-between_xs__1yec1s01g sprinkles_borderRadius_2_xs__1yec1s0hg"
    >
      System theme
    </div>
    <div
      data-theme="dark"
      style="color-scheme: dark;"
    >
      <div
        class="sprinkles_padding_lg_xs__1yec1s0120 sprinkles_marginBottom_5_xs__1yec1s0qc sprinkles_display_flex_xs__1yec1s02c sprinkles_alignItems_center_xs__1yec1s04 sprinkles_justifyContent_space-between_xs__1yec1s01g sprinkles_backgroundColor_default_base__1yec1s01f7 sprinkles_borderRadius_2_xs__1yec1s0hg"
      >
        <span
          class="sprinkles_color_primary_base__1yec1s01vr"
        >
          Always dark
        </span>
      </div>
    </div>
    <div
      data-theme="light"
      style="color-scheme: light;"
    >
      <div
        class="sprinkles_padding_lg_xs__1yec1s0120 sprinkles_backgroundColor_alt_base__1yec1s01fb sprinkles_borderWidth_1_xs__1yec1s0fk sprinkles_borderColor_decorative.default_base__1yec1s01or sprinkles_borderStyle_solid_xs__1yec1s0h0 sprinkles_borderRadius_3_xs__1yec1s0hk sprinkles_boxShadow_2__1yec1s01eg sprinkles_color_primary_base__1yec1s01vr"
      >
        Always light
      </div>
    </div>
  </div>
</div>