.emotion-0 {
  display: inline-block;
  border: 0.0625rem solid rgba(200,206,255,0.70);
  border-radius: 0.25rem;
  background: #ffffff;
}

.emotion-1 {
  padding: 0.5rem 1rem;
  border-bottom: 0.0625rem solid rgba(200,206,255,0.70);
  display: -webkit-box;
  display: -webkit-flex;
  display: -ms-flexbox;
  display: flex;
  -webkit-box-pack: justify;
  -webkit-justify-content: space-between;
  justify-content: space-between;
  height: 2.75rem;
  box-sizing: border-box;
}

.emotion-2 {
  display: -webkit-box;
  display: -webkit-flex;
  display: -ms-flexbox;
  display: flex;
  -webkit-align-items: center;
  -webkit-box-align: center;
  -ms-flex-align: center;
  align-items: center;
  gap: 1rem;
}

.emotion-3 {
  display: -webkit-box;
  display: -webkit-flex;
  display: -ms-flexbox;
  display: flex;
  gap: 1rem;
}

.emotion-4 {
  width: 100%;
  border-collapse: collapse;
  table-layout: fixed;
}

.emotion-4 thead>tr>th:last-child,
.emotion-4 tbody>tr>td:last-child {
  border-right: none;
}

.emotion-4 tbody>tr:last-child>td {
  border-bottom: none;
}

.emotion-5 {
  position: relative;
  box-shadow: 0 0.0625rem 0 0 rgba(200,206,255,0.70);
}

.emotion-7 {
  width: 25%;
  height: 2.75rem;
  -webkit-align-content: center;
  -ms-flex-line-pack: center;
  align-content: center;
  box-sizing: border-box;
  padding: 0.5rem 1rem;
  color: #52567a;
  font-family: Roboto;
  font-weight: 400;
  line-height: 1.25rem;
  font-size: 0.875rem;
  letter-spacing: 0.015625rem;
}

.emotion-7 [data-header-role='options'],
.emotion-7 [data-header-role='sorting-button'] {
  opacity: 0;
}

.emotion-7:hover [data-header-role='options'],
.emotion-7:focus-visible [data-header-role='options'],
.emotion-7:hover [data-header-role='sorting-button'],
.emotion-7:focus-visible [data-header-role='sorting-button'] {
  opacity: 1;
}

.emotion-7 button:focus-visible {
  opacity: 1;
}

.emotion-8 {
  display: -webkit-box;
  display: -webkit-flex;
  display: -ms-flexbox;
  display: flex;
  -webkit-align-items: center;
  -webkit-box-align: center;
  -ms-flex-align: center;
  align-items: center;
  -webkit-box-pack: start;
  -ms-flex-pack: start;
  -webkit-justify-content: flex-start;
  justify-content: flex-start;
  gap: 0.5rem;
  white-space: nowrap;
  overflow: hidden;
  text-overflow: ellipsis;
}

.emotion-9 {
  text-wrap: nowrap;
}

.emotion-21 {
  width: 25%;
  height: 2.75rem;
  padding: 0.5rem 1rem;
  border-bottom: 0.0625rem solid rgba(200,206,255,0.70);
  box-sizing: border-box;
  -webkit-align-content: center;
  -ms-flex-line-pack: center;
  align-content: center;
}

.emotion-22 {
  text-align: left;
}

.emotion-23 {
  font-family: Roboto;
  font-weight: 400;
  line-height: 1.25rem;
  font-size: 0.875rem;
  letter-spacing: 0.015625rem;
  color: #111530;
  white-space: nowrap;
  overflow: hidden;
  text-overflow: ellipsis;
}

<div>
  <div
    class="emotion-0"
    data-testid="ictinus_table_container"
  >
    <div
      class="emotion-1"
    >
      <div
        class="emotion-2"
      />
      <div
        class="emotion-3"
      />
    </div>
    <table
      class="emotion-4"
      data-testid="ictinus_table"
    >
      <thead
        class="emotion-5"
      >
        <tr
          class="emotion-6"
        >
          <th
            class="emotion-7"
            colspan="1"
            data-testid="ictinus_table_th_firstName"
          >
            <div
              class="emotion-8"
            >
              <div
                class="emotion-9"
                data-testid="ictinus_table_th_firstName_title"
              >
                First Name
              </div>
            </div>
          </th>
          <th
            class="emotion-7"
            colspan="1"
            data-testid="ictinus_table_th_lastName"
          >
            <div
              class="emotion-8"
            >
              <div
                class="emotion-9"
                data-testid="ictinus_table_th_lastName_title"
              >
                Last Name
              </div>
            </div>
          </th>
          <th
            class="emotion-7"
            colspan="1"
            data-testid="ictinus_table_th_age"
          >
            <div
              class="emotion-8"
            >
              <div
                class="emotion-9"
                data-testid="ictinus_table_th_age_title"
              >
                Age
              </div>
            </div>
          </th>
          <th
            class="emotion-7"
            colspan="1"
            data-testid="ictinus_table_th_job"
          >
            <div
              class="emotion-8"
            >
              <div
                class="emotion-9"
                data-testid="ictinus_table_th_job_title"
              >
                Job
              </div>
            </div>
          </th>
        </tr>
      </thead>
      <tbody
        class="emotion-19"
      >
        <tr
          class="emotion-6"
        >
          <td
            class="emotion-21"
            data-testid="ictinus_table_row_0_firstName"
          >
            <div
              class="emotion-22"
            >
              <span
                class="emotion-23"
              >
                Rachel
              </span>
            </div>
          </td>
          <td
            class="emotion-21"
            data-testid="ictinus_table_row_0_lastName"
          >
            <div
              class="emotion-22"
            >
              <span
                class="emotion-23"
              >
                Green
              </span>
            </div>
          </td>
          <td
            class="emotion-21"
            data-testid="ictinus_table_row_0_age"
          >
            <div
              class="emotion-22"
            >
              <span
                class="emotion-23"
              >
                30
              </span>
            </div>
          </td>
          <td
            class="emotion-21"
            data-testid="ictinus_table_row_0_job"
          >
            <div
              class="emotion-22"
            >
              <span
                class="emotion-23"
              >
                Fashion Executive
              </span>
            </div>
          </td>
        </tr>
        <tr
          class="emotion-6"
        >
          <td
            class="emotion-21"
            data-testid="ictinus_table_row_1_firstName"
          >
            <div
              class="emotion-22"
            >
              <span
                class="emotion-23"
              >
                Ross
              </span>
            </div>
          </td>
          <td
            class="emotion-21"
            data-testid="ictinus_table_row_1_lastName"
          >
            <div
              class="emotion-22"
            >
              <span
                class="emotion-23"
              >
                Geller
              </span>
            </div>
          </td>
          <td
            class="emotion-21"
            data-testid="ictinus_table_row_1_age"
          >
            <div
              class="emotion-22"
            >
              <span
                class="emotion-23"
              >
                32
              </span>
            </div>
          </td>
          <td
            class="emotion-21"
            data-testid="ictinus_table_row_1_job"
          >
            <div
              class="emotion-22"
            >
              <span
                class="emotion-23"
              >
                Paleontologist
              </span>
            </div>
          </td>
        </tr>
        <tr
          class="emotion-6"
        >
          <td
            class="emotion-21"
            data-testid="ictinus_table_row_2_firstName"
          >
            <div
              class="emotion-22"
            >
              <span
                class="emotion-23"
              >
                Monica
              </span>
            </div>
          </td>
          <td
            class="emotion-21"
            data-testid="ictinus_table_row_2_lastName"
          >
            <div
              class="emotion-22"
            >
              <span
                class="emotion-23"
              >
                Geller
              </span>
            </div>
          </td>
          <td
            class="emotion-21"
            data-testid="ictinus_table_row_2_age"
          >
            <div
              class="emotion-22"
            >
              <span
                class="emotion-23"
              >
                31
              </span>
            </div>
          </td>
          <td
            class="emotion-21"
            data-testid="ictinus_table_row_2_job"
          >
            <div
              class="emotion-22"
            >
              <span
                class="emotion-23"
              >
                Chef
              </span>
            </div>
          </td>
        </tr>
        <tr
          class="emotion-6"
        >
          <td
            class="emotion-21"
            data-testid="ictinus_table_row_3_firstName"
          >
            <div
              class="emotion-22"
            >
              <span
                class="emotion-23"
              >
                Chandler
              </span>
            </div>
          </td>
          <td
            class="emotion-21"
            data-testid="ictinus_table_row_3_lastName"
          >
            <div
              class="emotion-22"
            >
              <span
                class="emotion-23"
              >
                Bing
              </span>
            </div>
          </td>
          <td
            class="emotion-21"
            data-testid="ictinus_table_row_3_age"
          >
            <div
              class="emotion-22"
            >
              <span
                class="emotion-23"
              >
                32
              </span>
            </div>
          </td>
          <td
            class="emotion-21"
            data-testid="ictinus_table_row_3_job"
          >
            <div
              class="emotion-22"
            >
              <span
                class="emotion-23"
              >
                ?
              </span>
            </div>
          </td>
        </tr>
        <tr
          class="emotion-6"
        >
          <td
            class="emotion-21"
            data-testid="ictinus_table_row_4_firstName"
          >
            <div
              class="emotion-22"
            >
              <span
                class="emotion-23"
              >
                Joey
              </span>
            </div>
          </td>
          <td
            class="emotion-21"
            data-testid="ictinus_table_row_4_lastName"
          >
            <div
              class="emotion-22"
            >
              <span
                class="emotion-23"
              >
                Tribbiani
              </span>
            </div>
          </td>
          <td
            class="emotion-21"
            data-testid="ictinus_table_row_4_age"
          >
            <div
              class="emotion-22"
            >
              <span
                class="emotion-23"
              >
                30
              </span>
            </div>
          </td>
          <td
            class="emotion-21"
            data-testid="ictinus_table_row_4_job"
          >
            <div
              class="emotion-22"
            >
              <span
                class="emotion-23"
              >
                Actor
              </span>
            </div>
          </td>
        </tr>
        <tr
          class="emotion-6"
        >
          <td
            class="emotion-21"
            data-testid="ictinus_table_row_5_firstName"
          >
            <div
              class="emotion-22"
            >
              <span
                class="emotion-23"
              >
                Phoebe
              </span>
            </div>
          </td>
          <td
            class="emotion-21"
            data-testid="ictinus_table_row_5_lastName"
          >
            <div
              class="emotion-22"
            >
              <span
                class="emotion-23"
              >
                Buffay
              </span>
            </div>
          </td>
          <td
            class="emotion-21"
            data-testid="ictinus_table_row_5_age"
          >
            <div
              class="emotion-22"
            >
              <span
                class="emotion-23"
              >
                31
              </span>
            </div>
          </td>
          <td
            class="emotion-21"
            data-testid="ictinus_table_row_5_job"
          >
            <div
              class="emotion-22"
            >
              <span
                class="emotion-23"
              >
                Massage Therapist
              </span>
            </div>
          </td>
        </tr>
      </tbody>
    </table>
  </div>
</div>