// Jest Snapshot v1, https://goo.gl/fbAQLP

exports[`Design System/RadioGroup RadioWithOptions smoke-test 1`] = `
.emotion-0 {
  -webkit-flex-direction: column;
  -ms-flex-direction: column;
  flex-direction: column;
  -webkit-flex: 1;
  -ms-flex: 1;
  flex: 1;
  position: relative;
  padding: 0.25rem;
}

.emotion-1 {
  margin: 1rem;
}

.emotion-2 {
  position: relative;
  border-radius: 50%;
  width: 2.25rem;
  height: 2.25rem;
  color: #175bf5;
  border: 0;
  opacity: 1;
  cursor: pointer;
  margin: 0;
  display: -webkit-inline-box;
  display: -webkit-inline-flex;
  display: -ms-inline-flexbox;
  display: inline-flex;
  outline: 0;
  -webkit-align-items: center;
  -webkit-box-align: center;
  -ms-flex-align: center;
  align-items: center;
  -webkit-user-select: none;
  -moz-user-select: none;
  -ms-user-select: none;
  user-select: none;
  vertical-align: middle;
  -moz-appearance: none;
  -webkit-box-pack: center;
  -ms-flex-pack: center;
  -webkit-justify-content: center;
  justify-content: center;
  -webkit-text-decoration: none;
  text-decoration: none;
  -webkit-appearance: none;
  -webkit-tap-highlight-color: transparent;
}

.emotion-3 {
  top: 0;
  left: 0;
  width: 100%;
  cursor: inherit;
  height: 100%;
  margin: 0;
  padding: 0;
  z-index: 1;
  position: absolute;
  opacity: 0;
}

.emotion-3:disabled {
  cursor: default;
}

.emotion-4 {
  position: relative;
  border-radius: 50%;
  width: 1.5rem;
  height: 1.5rem;
  -webkit-transition: box-shadow 0.3s ease;
  transition: box-shadow 0.3s ease;
}

.emotion-5 {
  -webkit-transition: all 0.2s ease;
  transition: all 0.2s ease;
  border-radius: 50%;
  width: 100%;
  height: 100%;
  box-sizing: border-box;
  position: absolute;
}

.emotion-5:before {
  content: '';
  display: inline-block;
  box-sizing: border-box;
  margin: 0.125rem 0.75rem 0.125rem 0.125rem;
  border: solid 2px #b7c3d8;
  border-radius: 50%;
  width: 1.25rem;
  height: 1.25rem;
  vertical-align: top;
  -webkit-transition: border-color 0.2s;
  transition: border-color 0.2s;
}

.emotion-5:after {
  content: '';
  display: block;
  position: absolute;
  top: 0.0625rem;
  left: 0.0625rem;
  border-radius: 50%;
  width: 0.75rem;
  height: 0.75rem;
  background-color: #b7c3d8;
  -webkit-transform: translate(5px, 5px) scale(0);
  -moz-transform: translate(5px, 5px) scale(0);
  -ms-transform: translate(5px, 5px) scale(0);
  transform: translate(5px, 5px) scale(0);
  -webkit-transition: -webkit-transform 0.2s;
  transition: transform 0.2s;
}

.emotion-6 {
  position: absolute;
  border-radius: 50%;
  width: 1.5rem;
  height: 1.5rem;
  -webkit-transition: all 0.2s ease;
  transition: all 0.2s ease;
}

.emotion-10 {
  -webkit-transition: all 0.2s ease;
  transition: all 0.2s ease;
  border-radius: 50%;
  width: 100%;
  height: 100%;
  box-sizing: border-box;
  position: absolute;
}

.emotion-10:before {
  content: '';
  display: inline-block;
  box-sizing: border-box;
  margin: 0.125rem 0.75rem 0.125rem 0.125rem;
  border: solid 2px currentColor;
  border-radius: 50%;
  width: 1.25rem;
  height: 1.25rem;
  vertical-align: top;
  -webkit-transition: border-color 0.2s;
  transition: border-color 0.2s;
}

.emotion-10:after {
  content: '';
  display: block;
  position: absolute;
  top: 0.0625rem;
  left: 0.0625rem;
  border-radius: 50%;
  width: 0.75rem;
  height: 0.75rem;
  background-color: currentColor;
  -webkit-transform: translate(5px, 5px) scale(1);
  -moz-transform: translate(5px, 5px) scale(1);
  -ms-transform: translate(5px, 5px) scale(1);
  transform: translate(5px, 5px) scale(1);
  -webkit-transition: -webkit-transform 0.2s;
  transition: transform 0.2s;
}

<html>
  <head />
  <body>
    <span
      class="emotion-0"
    >
      <span
        class="emotion-1"
      >
        <div
          style="color: rgb(130, 230, 22);"
        >
          <span
            class="emotion-2"
            data-testid="radio-input"
          >
            <input
              class="emotion-3"
              name="group"
              type="radio"
              value="a"
            />
            <span
              class="emotion-4"
            >
              <span
                class="emotion-5"
              />
              <span
                class="emotion-6"
              />
            </span>
          </span>
          <span
            class="emotion-2"
            data-testid="radio-input"
          >
            <input
              checked=""
              class="emotion-3"
              name="group"
              type="radio"
              value="b"
            />
            <span
              class="emotion-4"
            >
              <span
                class="emotion-10"
              />
              <span
                class="emotion-6"
              />
            </span>
          </span>
          <span
            class="emotion-2"
            data-testid="radio-input"
          >
            <input
              class="emotion-3"
              name="group"
              type="radio"
              value="c"
            />
            <span
              class="emotion-4"
            >
              <span
                class="emotion-5"
              />
              <span
                class="emotion-6"
              />
            </span>
          </span>
        </div>
      </span>
    </span>
  </body>
</html>
`;

exports[`Design System/RadioGroup RadioWithOptionsWithOnChangeHandler smoke-test 1`] = `
.emotion-0 {
  -webkit-flex-direction: column;
  -ms-flex-direction: column;
  flex-direction: column;
  -webkit-flex: 1;
  -ms-flex: 1;
  flex: 1;
  position: relative;
  padding: 0.25rem;
}

.emotion-1 {
  margin: 1rem;
}

.emotion-2 {
  position: relative;
  border-radius: 50%;
  width: 2.25rem;
  height: 2.25rem;
  color: #175bf5;
  border: 0;
  opacity: 1;
  cursor: pointer;
  margin: 0;
  display: -webkit-inline-box;
  display: -webkit-inline-flex;
  display: -ms-inline-flexbox;
  display: inline-flex;
  outline: 0;
  -webkit-align-items: center;
  -webkit-box-align: center;
  -ms-flex-align: center;
  align-items: center;
  -webkit-user-select: none;
  -moz-user-select: none;
  -ms-user-select: none;
  user-select: none;
  vertical-align: middle;
  -moz-appearance: none;
  -webkit-box-pack: center;
  -ms-flex-pack: center;
  -webkit-justify-content: center;
  justify-content: center;
  -webkit-text-decoration: none;
  text-decoration: none;
  -webkit-appearance: none;
  -webkit-tap-highlight-color: transparent;
}

.emotion-3 {
  top: 0;
  left: 0;
  width: 100%;
  cursor: inherit;
  height: 100%;
  margin: 0;
  padding: 0;
  z-index: 1;
  position: absolute;
  opacity: 0;
}

.emotion-3:disabled {
  cursor: default;
}

.emotion-4 {
  position: relative;
  border-radius: 50%;
  width: 1.5rem;
  height: 1.5rem;
  -webkit-transition: box-shadow 0.3s ease;
  transition: box-shadow 0.3s ease;
}

.emotion-5 {
  -webkit-transition: all 0.2s ease;
  transition: all 0.2s ease;
  border-radius: 50%;
  width: 100%;
  height: 100%;
  box-sizing: border-box;
  position: absolute;
}

.emotion-5:before {
  content: '';
  display: inline-block;
  box-sizing: border-box;
  margin: 0.125rem 0.75rem 0.125rem 0.125rem;
  border: solid 2px #b7c3d8;
  border-radius: 50%;
  width: 1.25rem;
  height: 1.25rem;
  vertical-align: top;
  -webkit-transition: border-color 0.2s;
  transition: border-color 0.2s;
}

.emotion-5:after {
  content: '';
  display: block;
  position: absolute;
  top: 0.0625rem;
  left: 0.0625rem;
  border-radius: 50%;
  width: 0.75rem;
  height: 0.75rem;
  background-color: #b7c3d8;
  -webkit-transform: translate(5px, 5px) scale(0);
  -moz-transform: translate(5px, 5px) scale(0);
  -ms-transform: translate(5px, 5px) scale(0);
  transform: translate(5px, 5px) scale(0);
  -webkit-transition: -webkit-transform 0.2s;
  transition: transform 0.2s;
}

.emotion-6 {
  position: absolute;
  border-radius: 50%;
  width: 1.5rem;
  height: 1.5rem;
  -webkit-transition: all 0.2s ease;
  transition: all 0.2s ease;
}

.emotion-10 {
  -webkit-transition: all 0.2s ease;
  transition: all 0.2s ease;
  border-radius: 50%;
  width: 100%;
  height: 100%;
  box-sizing: border-box;
  position: absolute;
}

.emotion-10:before {
  content: '';
  display: inline-block;
  box-sizing: border-box;
  margin: 0.125rem 0.75rem 0.125rem 0.125rem;
  border: solid 2px currentColor;
  border-radius: 50%;
  width: 1.25rem;
  height: 1.25rem;
  vertical-align: top;
  -webkit-transition: border-color 0.2s;
  transition: border-color 0.2s;
}

.emotion-10:after {
  content: '';
  display: block;
  position: absolute;
  top: 0.0625rem;
  left: 0.0625rem;
  border-radius: 50%;
  width: 0.75rem;
  height: 0.75rem;
  background-color: currentColor;
  -webkit-transform: translate(5px, 5px) scale(1);
  -moz-transform: translate(5px, 5px) scale(1);
  -ms-transform: translate(5px, 5px) scale(1);
  transform: translate(5px, 5px) scale(1);
  -webkit-transition: -webkit-transform 0.2s;
  transition: transform 0.2s;
}

<html>
  <head />
  <body>
    <span
      class="emotion-0"
    >
      <span
        class="emotion-1"
      >
        <div
          style="color: rgb(130, 230, 22);"
        >
          <span
            class="emotion-2"
            data-testid="radio-input"
          >
            <input
              class="emotion-3"
              name="group"
              type="radio"
              value="a"
            />
            <span
              class="emotion-4"
            >
              <span
                class="emotion-5"
              />
              <span
                class="emotion-6"
              />
            </span>
          </span>
          <span
            class="emotion-2"
            data-testid="radio-input"
          >
            <input
              checked=""
              class="emotion-3"
              name="group"
              type="radio"
              value="b"
            />
            <span
              class="emotion-4"
            >
              <span
                class="emotion-10"
              />
              <span
                class="emotion-6"
              />
            </span>
          </span>
          <span
            class="emotion-2"
            data-testid="radio-input"
          >
            <input
              class="emotion-3"
              name="group"
              type="radio"
              value="c"
            />
            <span
              class="emotion-4"
            >
              <span
                class="emotion-5"
              />
              <span
                class="emotion-6"
              />
            </span>
          </span>
        </div>
      </span>
    </span>
  </body>
</html>
`;
