.emotion-0 {
  display: -webkit-box;
  display: -webkit-flex;
  display: -ms-flexbox;
  display: flex;
  gap: 0.25rem;
  color: #194DCC;
  -webkit-text-decoration: none;
  text-decoration: none;
  position: relative;
  opacity: 1;
  -webkit-align-items: center;
  -webkit-box-align: center;
  -ms-flex-align: center;
  align-items: center;
  cursor: pointer;
  pointer-events: auto;
  font-family: Roboto;
  font-weight: 500;
  line-height: 1.375rem;
  font-size: 1rem;
  letter-spacing: 0.00625rem;
}

.emotion-0:hover,
.emotion-0[aria-expanded='true'] {
  color: #111530;
}

.emotion-0:hover path,
.emotion-0[aria-expanded='true'] path {
  fill: #111530!important;
}

.emotion-0:visited {
  color: #5F33AC;
}

.emotion-0:visited path {
  fill: #5F33AC!important;
}

.emotion-0:focus-visible:after {
  content: '';
  position: absolute;
  inset: -3px -6px;
  border-radius: 0.25rem;
  border: 0.25rem solid #A566FF;
}

<div>
  <a
    class="emotion-0"
    data-slot="link"
    data-testid="_link"
    href="/"
  >
    Link
  </a>
</div>