.emotion-0 {
  display: -webkit-inline-box;
  display: -webkit-inline-flex;
  display: -ms-inline-flexbox;
  display: inline-flex;
  -webkit-flex-direction: column;
  -ms-flex-direction: column;
  flex-direction: column;
  -webkit-align-items: flex-start;
  -webkit-box-align: flex-start;
  -ms-flex-align: flex-start;
  align-items: flex-start;
  container-type: inline-size;
  width: 100%;
}

.emotion-2 {
  --_border-width: 0.0625rem;
  --_outline-width: 0.25rem;
  --_min-height: 2.75rem;
  --_min-content-width: 6.25rem;
  box-sizing: border-box;
  position: relative;
  isolation: isolate;
  padding: calc(0.75rem - var(--_border-width)) calc(0.75rem - var(--_border-width));
  display: inline-grid;
  grid-template-columns: auto minmax(var(--_min-content-width), 1fr) auto;
  grid-template-areas: 'icon content actions close';
  -webkit-align-items: center;
  -webkit-box-align: center;
  -ms-flex-align: center;
  align-items: center;
  background: rgba(200,206,255,0.20);
  border-radius: 0.25rem;
  border: 1px solid rgba(200,206,255,0.70);
  -webkit-font-smoothing: antialiased;
  -moz-osx-font-smoothing: grayscale;
  font-family: sans-serif;
  min-height: var(--_min-height);
  outline: none;
  outline-offset: 0.125rem;
  -webkit-transition: outline-offset 150ms cubic-bezier(0.4, 0, 0.2, 1);
  transition: outline-offset 150ms cubic-bezier(0.4, 0, 0.2, 1);
}

.emotion-2:focus-visible {
  outline-offset: 0;
  outline: var(--_outline-width) solid #A566FF;
}

.emotion-2:has([data-slot='button']) {
  padding: calc(0.5rem - var(--_border-width)) calc(0.75rem - var(--_border-width));
}

@container (max-width: calc(600px - 1px)) {
  .emotion-2 {
    grid-template-areas: 'icon content close' 'icon actions close';
    -webkit-align-items: flex-start;
    -webkit-box-align: flex-start;
    -ms-flex-align: flex-start;
    align-items: flex-start;
  }

  .emotion-2:has([data-slot='button']) {
    padding: calc(0.75rem - var(--_border-width)) calc(0.75rem - var(--_border-width));
  }
}

@media (prefers-reduced-motion) {
  .emotion-2 {
    -webkit-transition: none;
    transition: none;
  }
}

.emotion-3 {
  width: 1.25rem;
  height: 1.25rem;
  display: -webkit-box;
  display: -webkit-flex;
  display: -ms-flexbox;
  display: flex;
  grid-area: icon;
  margin-right: 0.75rem;
  pointer-events: none;
}

.emotion-4 {
  width: 1.25rem;
  height: 1.25rem;
}

.emotion-4 path {
  fill: #5E8DF8!important;
}

.emotion-5 {
  font-family: Roboto;
  font-weight: 400;
  line-height: 1.25rem;
  font-size: 0.875rem;
  letter-spacing: 0.015625rem;
  grid-area: content;
  cursor: default;
}

<div>
  <div
    class="emotion-0 emotion-1"
  >
    <div
      class="emotion-2"
      data-slot="inline-alert"
      role="status"
      tabindex="0"
    >
      <div
        aria-hidden="true"
        class="emotion-3"
        role="img"
      >
        <svg
          class="emotion-4"
          fill="none"
          viewBox="0 0 20 20"
          xmlns="http://www.w3.org/2000/svg"
        >
          <path
            clip-rule="evenodd"
            d="M6.88122 17.3701C7.85478 17.79 8.89481 18 10.0013 18C11.1111 18 12.1541 17.7896 13.1301 17.3687C14.1062 16.9478 14.9553 16.3766 15.6773 15.6552C16.3994 14.9337 16.967 14.0884 17.3802 13.1192C17.7934 12.15 18 11.1104 18 10.0003C18 8.89025 17.7933 7.84706 17.3799 6.87073C16.9666 5.8944 16.3986 5.04513 15.6761 4.32292C14.9536 3.60072 14.1042 3.03301 13.1278 2.61981C12.1514 2.2066 11.1084 2 9.9987 2C8.89371 2 7.8553 2.20669 6.88345 2.62006C5.91159 3.03343 5.06506 3.60129 4.34387 4.32362C3.62269 5.04596 3.05175 5.89538 2.63105 6.87186C2.21035 7.84835 2 8.8915 2 10.0013C2 11.1078 2.21005 12.1476 2.63016 13.1208C3.05026 14.094 3.62041 14.9405 4.34059 15.6604C5.06076 16.3803 5.90763 16.9502 6.88122 17.3701ZM10.6094 13.7549C10.4461 13.9183 10.2495 14 10.0197 14C9.78983 14 9.59317 13.9183 9.42969 13.7549C9.26622 13.5914 9.18448 13.3948 9.18448 13.1651V10.0582C9.18448 9.82847 9.26613 9.63188 9.42944 9.46844C9.59274 9.30501 9.78931 9.2233 10.0192 9.2233C10.249 9.2233 10.4457 9.30501 10.6091 9.46844C10.7726 9.63188 10.8544 9.82847 10.8544 10.0582V13.1651C10.8544 13.3948 10.7727 13.5914 10.6094 13.7549ZM9.9751 7.90001C10.5964 7.90001 11.1001 7.39633 11.1001 6.77501C11.1001 6.15369 10.5964 5.65001 9.9751 5.65001C9.35378 5.65001 8.8501 6.15369 8.8501 6.77501C8.8501 7.39633 9.35378 7.90001 9.9751 7.90001Z"
            fill="#6265AD"
            fill-rule="evenodd"
          />
        </svg>
      </div>
      <div
        class="emotion-5"
      >
        Alert copy should be short, easy to understand and actionable.
      </div>
    </div>
  </div>
</div>